Sep 15 16:17:32 chcoutur kernel: klogd 1.5.1, log source = /proc/kmsg started.
Sep 15 16:17:32 chcoutur kernel: Inspecting /boot/System.map-6.0.0-rc5-next-20220915
Sep 15 16:17:32 chcoutur kernel: Inspecting /boot/System.map
Sep 15 16:17:32 chcoutur kernel: Cannot find map file.
Sep 15 16:17:32 chcoutur kernel: Loaded 130271 symbols from 1 module.
Sep 15 16:17:32 chcoutur kernel: [    0.000000] Linux version 6.0.0-rc5-next-20220915 (root@chcoutur) (gcc (GCC) 12.2.0, GNU ld (GNU Binutils) 2.39) #1 SMP PREEMPT_DYNAMIC Thu Sep 15 16:13:36 CEST 2022
Sep 15 16:17:32 chcoutur kernel: [    0.000000] Command line: BOOT_IMAGE=/vmlinuz-6.0.0-rc5-next-20220915 root=/dev/sda3 ro
Sep 15 16:17:32 chcoutur kernel: [    0.000000] [Firmware Bug]: TSC doesn't count with P0 frequency!
Sep 15 16:17:32 chcoutur kernel: [    0.000000] x86/fpu: Supporting XSAVE feature 0x001: 'x87 floating point registers'
Sep 15 16:17:32 chcoutur kernel: [    0.000000] x86/fpu: Supporting XSAVE feature 0x002: 'SSE registers'
Sep 15 16:17:32 chcoutur kernel: [    0.000000] x86/fpu: Supporting XSAVE feature 0x004: 'AVX registers'
Sep 15 16:17:32 chcoutur kernel: [    0.000000] x86/fpu: xstate_offset[2]:  576, xstate_sizes[2]:  256
Sep 15 16:17:32 chcoutur kernel: [    0.000000] x86/fpu: Enabled xstate features 0x7, context size is 832 bytes, using 'standard' format.
Sep 15 16:17:32 chcoutur kernel: [    0.000000] signal: max sigframe size: 1776
Sep 15 16:17:32 chcoutur kernel: [    0.000000] BIOS-provided physical RAM map:
Sep 15 16:17:32 chcoutur kernel: [    0.000000] BIOS-e820: [mem 0x0000000000000000-0x000000000009fbff] usable
Sep 15 16:17:32 chcoutur kernel: [    0.000000] BIOS-e820: [mem 0x000000000009fc00-0x000000000009ffff] reserved
Sep 15 16:17:32 chcoutur kernel: [    0.000000] BIOS-e820: [mem 0x00000000000f0000-0x00000000000fffff] reserved
Sep 15 16:17:32 chcoutur kernel: [    0.000000] BIOS-e820: [mem 0x0000000000100000-0x00000000dffeffff] usable
Sep 15 16:17:32 chcoutur kernel: [    0.000000] BIOS-e820: [mem 0x00000000dfff0000-0x00000000dfffffff] ACPI data
Sep 15 16:17:32 chcoutur kernel: [    0.000000] BIOS-e820: [mem 0x00000000fec00000-0x00000000fec00fff] reserved
Sep 15 16:17:32 chcoutur kernel: [    0.000000] BIOS-e820: [mem 0x00000000fee00000-0x00000000fee00fff] reserved
Sep 15 16:17:32 chcoutur kernel: [    0.000000] BIOS-e820: [mem 0x00000000fffc0000-0x00000000ffffffff] reserved
Sep 15 16:17:32 chcoutur kernel: [    0.000000] BIOS-e820: [mem 0x0000000100000000-0x000000029fffffff] usable
Sep 15 16:17:32 chcoutur kernel: [    0.000000] NX (Execute Disable) protection: active
Sep 15 16:17:32 chcoutur kernel: [    0.000000] SMBIOS 2.5 present.
Sep 15 16:17:32 chcoutur kernel: [    0.000000] DMI: innotek GmbH VirtualBox/VirtualBox, BIOS VirtualBox 12/01/2006
Sep 15 16:17:32 chcoutur kernel: [    0.000000] Hypervisor detected: KVM
Sep 15 16:17:32 chcoutur kernel: [    0.000000] kvm-clock: Using msrs 4b564d01 and 4b564d00
Sep 15 16:17:32 chcoutur kernel: [    0.000001] kvm-clock: using sched offset of 4915870010 cycles
Sep 15 16:17:32 chcoutur kernel: [    0.000002] clocksource: kvm-clock: mask: 0xffffffffffffffff max_cycles: 0x1cd42e4dffb, max_idle_ns: 881590591483 ns
Sep 15 16:17:32 chcoutur kernel: [    0.000003] tsc: Detected 3699.996 MHz processor
Sep 15 16:17:32 chcoutur kernel: [    0.000257] e820: update [mem 0x00000000-0x00000fff] usable ==> reserved
Sep 15 16:17:32 chcoutur kernel: [    0.000258] e820: remove [mem 0x000a0000-0x000fffff] usable
Sep 15 16:17:32 chcoutur kernel: [    0.000260] last_pfn = 0x2a0000 max_arch_pfn = 0x400000000
Sep 15 16:17:32 chcoutur kernel: [    0.000267] Disabled
Sep 15 16:17:32 chcoutur kernel: [    0.000268] x86/PAT: MTRRs disabled, skipping PAT initialization too.
Sep 15 16:17:32 chcoutur kernel: [    0.000270] CPU MTRRs all blank - virtualized system.
Sep 15 16:17:32 chcoutur kernel: [    0.000271] x86/PAT: Configuration [0-7]: WB  WT  UC- UC  WB  WT  UC- UC
Sep 15 16:17:32 chcoutur kernel: [    0.000272] last_pfn = 0xdfff0 max_arch_pfn = 0x400000000
Sep 15 16:17:32 chcoutur kernel: [    0.000287] found SMP MP-table at [mem 0x0009fff0-0x0009ffff]
Sep 15 16:17:32 chcoutur kernel: [    0.000654] ACPI: Early table checksum verification disabled
Sep 15 16:17:32 chcoutur kernel: [    0.000655] ACPI: RSDP 0x00000000000E0000 000024 (v02 VBOX  )
Sep 15 16:17:32 chcoutur kernel: [    0.000658] ACPI: XSDT 0x00000000DFFF0030 00003C (v01 VBOX   VBOXXSDT 00000001 ASL  00000061)
Sep 15 16:17:32 chcoutur kernel: [    0.000660] ACPI: FACP 0x00000000DFFF00F0 0000F4 (v04 VBOX   VBOXFACP 00000001 ASL  00000061)
Sep 15 16:17:32 chcoutur kernel: [    0.000662] ACPI: DSDT 0x00000000DFFF0490 002327 (v02 VBOX   VBOXBIOS 00000002 INTL 20220331)
Sep 15 16:17:32 chcoutur kernel: [    0.000663] ACPI: FACS 0x00000000DFFF0200 000040
Sep 15 16:17:32 chcoutur kernel: [    0.000664] ACPI: FACS 0x00000000DFFF0200 000040
Sep 15 16:17:32 chcoutur kernel: [    0.000665] ACPI: APIC 0x00000000DFFF0240 00007C (v02 VBOX   VBOXAPIC 00000001 ASL  00000061)
Sep 15 16:17:32 chcoutur kernel: [    0.000666] ACPI: SSDT 0x00000000DFFF02C0 0001CC (v01 VBOX   VBOXCPUT 00000002 INTL 20220331)
Sep 15 16:17:32 chcoutur kernel: [    0.000667] ACPI: Reserving FACP table memory at [mem 0xdfff00f0-0xdfff01e3]
Sep 15 16:17:32 chcoutur kernel: [    0.000668] ACPI: Reserving DSDT table memory at [mem 0xdfff0490-0xdfff27b6]
Sep 15 16:17:32 chcoutur kernel: [    0.000668] ACPI: Reserving FACS table memory at [mem 0xdfff0200-0xdfff023f]
Sep 15 16:17:32 chcoutur kernel: [    0.000669] ACPI: Reserving FACS table memory at [mem 0xdfff0200-0xdfff023f]
Sep 15 16:17:32 chcoutur kernel: [    0.000669] ACPI: Reserving APIC table memory at [mem 0xdfff0240-0xdfff02bb]
Sep 15 16:17:32 chcoutur kernel: [    0.000669] ACPI: Reserving SSDT table memory at [mem 0xdfff02c0-0xdfff048b]
Sep 15 16:17:32 chcoutur kernel: [    0.000750] No NUMA configuration found
Sep 15 16:17:32 chcoutur kernel: [    0.000750] Faking a node at [mem 0x0000000000000000-0x000000029fffffff]
Sep 15 16:17:32 chcoutur kernel: [    0.000752] NODE_DATA(0) allocated [mem 0x29fff8000-0x29fffbfff]
Sep 15 16:17:32 chcoutur kernel: [    0.000761] Zone ranges:
Sep 15 16:17:32 chcoutur kernel: [    0.000762]   DMA      [mem 0x0000000000001000-0x0000000000ffffff]
Sep 15 16:17:32 chcoutur kernel: [    0.000763]   DMA32    [mem 0x0000000001000000-0x00000000ffffffff]
Sep 15 16:17:32 chcoutur kernel: [    0.000764]   Normal   [mem 0x0000000100000000-0x000000029fffffff]
Sep 15 16:17:32 chcoutur kernel: [    0.000764] Movable zone start for each node
Sep 15 16:17:32 chcoutur kernel: [    0.000765] Early memory node ranges
Sep 15 16:17:32 chcoutur kernel: [    0.000765]   node   0: [mem 0x0000000000001000-0x000000000009efff]
Sep 15 16:17:32 chcoutur kernel: [    0.000765]   node   0: [mem 0x0000000000100000-0x00000000dffeffff]
Sep 15 16:17:32 chcoutur kernel: [    0.000766]   node   0: [mem 0x0000000100000000-0x000000029fffffff]
Sep 15 16:17:32 chcoutur kernel: [    0.000767] Initmem setup node 0 [mem 0x0000000000001000-0x000000029fffffff]
Sep 15 16:17:32 chcoutur kernel: [    0.001008] On node 0, zone DMA: 1 pages in unavailable ranges
Sep 15 16:17:32 chcoutur kernel: [    0.001016] On node 0, zone DMA: 97 pages in unavailable ranges
Sep 15 16:17:32 chcoutur kernel: [    0.028291] On node 0, zone Normal: 16 pages in unavailable ranges
Sep 15 16:17:32 chcoutur kernel: [    0.028447] ACPI: PM-Timer IO Port: 0x4008
Sep 15 16:17:32 chcoutur kernel: [    0.028482] IOAPIC[0]: apic_id 6, version 32, address 0xfec00000, GSI 0-23
Sep 15 16:17:32 chcoutur kernel: [    0.028484] ACPI: INT_SRC_OVR (bus 0 bus_irq 0 global_irq 2 dfl dfl)
Sep 15 16:17:32 chcoutur kernel: [    0.028485] ACPI: INT_SRC_OVR (bus 0 bus_irq 9 global_irq 9 low level)
Sep 15 16:17:32 chcoutur kernel: [    0.028488] ACPI: Using ACPI (MADT) for SMP configuration information
Sep 15 16:17:32 chcoutur kernel: [    0.028492] smpboot: Allowing 6 CPUs, 0 hotplug CPUs
Sep 15 16:17:32 chcoutur kernel: [    0.028509] PM: hibernation: Registered nosave memory: [mem 0x00000000-0x00000fff]
Sep 15 16:17:32 chcoutur kernel: [    0.028510] PM: hibernation: Registered nosave memory: [mem 0x0009f000-0x0009ffff]
Sep 15 16:17:32 chcoutur kernel: [    0.028510] PM: hibernation: Registered nosave memory: [mem 0x000a0000-0x000effff]
Sep 15 16:17:32 chcoutur kernel: [    0.028510] PM: hibernation: Registered nosave memory: [mem 0x000f0000-0x000fffff]
Sep 15 16:17:32 chcoutur kernel: [    0.028511] PM: hibernation: Registered nosave memory: [mem 0xdfff0000-0xdfffffff]
Sep 15 16:17:32 chcoutur kernel: [    0.028511] PM: hibernation: Registered nosave memory: [mem 0xe0000000-0xfebfffff]
Sep 15 16:17:32 chcoutur kernel: [    0.028512] PM: hibernation: Registered nosave memory: [mem 0xfec00000-0xfec00fff]
Sep 15 16:17:32 chcoutur kernel: [    0.028512] PM: hibernation: Registered nosave memory: [mem 0xfec01000-0xfedfffff]
Sep 15 16:17:32 chcoutur kernel: [    0.028512] PM: hibernation: Registered nosave memory: [mem 0xfee00000-0xfee00fff]
Sep 15 16:17:32 chcoutur kernel: [    0.028512] PM: hibernation: Registered nosave memory: [mem 0xfee01000-0xfffbffff]
Sep 15 16:17:32 chcoutur kernel: [    0.028513] PM: hibernation: Registered nosave memory: [mem 0xfffc0000-0xffffffff]
Sep 15 16:17:32 chcoutur kernel: [    0.028513] [mem 0xe0000000-0xfebfffff] available for PCI devices
Sep 15 16:17:32 chcoutur kernel: [    0.028514] Booting paravirtualized kernel on KVM
Sep 15 16:17:32 chcoutur kernel: [    0.028516] clocksource: refined-jiffies: mask: 0xffffffff max_cycles: 0xffffffff, max_idle_ns: 1910969940391419 ns
Sep 15 16:17:32 chcoutur kernel: [    0.031400] setup_percpu: NR_CPUS:64 nr_cpumask_bits:64 nr_cpu_ids:6 nr_node_ids:1
Sep 15 16:17:32 chcoutur kernel: [    0.031890] percpu: Embedded 52 pages/cpu s176040 r8192 d28760 u262144
Sep 15 16:17:32 chcoutur kernel: [    0.031893] pcpu-alloc: s176040 r8192 d28760 u262144 alloc=1*2097152
Sep 15 16:17:32 chcoutur kernel: [    0.031894] pcpu-alloc: [0] 0 1 2 3 4 5 - -
Sep 15 16:17:32 chcoutur kernel: [    0.031906] Fallback order for Node 0: 0
Sep 15 16:17:32 chcoutur kernel: [    0.031908] Built 1 zonelists, mobility grouping on.  Total pages: 2580208
Sep 15 16:17:32 chcoutur kernel: [    0.031909] Policy zone: Normal
Sep 15 16:17:32 chcoutur kernel: [    0.031909] Kernel command line: BOOT_IMAGE=/vmlinuz-6.0.0-rc5-next-20220915 root=/dev/sda3 ro
Sep 15 16:17:32 chcoutur kernel: [    0.031926] Unknown kernel command line parameters "BOOT_IMAGE=/vmlinuz-6.0.0-rc5-next-20220915", will be passed to user space.
Sep 15 16:17:32 chcoutur kernel: [    0.034538] Dentry cache hash table entries: 2097152 (order: 12, 16777216 bytes, linear)
Sep 15 16:17:32 chcoutur kernel: [    0.035797] Inode-cache hash table entries: 1048576 (order: 11, 8388608 bytes, linear)
Sep 15 16:17:32 chcoutur kernel: [    0.035815] mem auto-init: stack:all(zero), heap alloc:off, heap free:off
Sep 15 16:17:32 chcoutur kernel: [    0.035819] software IO TLB: area num 8.
Sep 15 16:17:32 chcoutur kernel: [    0.064671] Memory: 10193476K/10485304K available (16396K kernel code, 2674K rwdata, 5204K rodata, 1528K init, 932K bss, 291568K reserved, 0K cma-reserved)
Sep 15 16:17:32 chcoutur kernel: [    0.064694] SLUB: HWalign=64, Order=0-3, MinObjects=0, CPUs=6, Nodes=1
Sep 15 16:17:32 chcoutur kernel: [    0.065495] Dynamic Preempt: voluntary
Sep 15 16:17:32 chcoutur kernel: [    0.065872] rcu: Preemptible hierarchical RCU implementation.
Sep 15 16:17:32 chcoutur kernel: [    0.065873] rcu: ^IRCU event tracing is enabled.
Sep 15 16:17:32 chcoutur kernel: [    0.065873] rcu: ^IRCU restricting CPUs from NR_CPUS=64 to nr_cpu_ids=6.
Sep 15 16:17:32 chcoutur kernel: [    0.065875] ^ITrampoline variant of Tasks RCU enabled.
Sep 15 16:17:32 chcoutur kernel: [    0.065876] rcu: RCU calculated value of scheduler-enlistment delay is 100 jiffies.
Sep 15 16:17:32 chcoutur kernel: [    0.065876] rcu: Adjusting geometry for rcu_fanout_leaf=16, nr_cpu_ids=6
Sep 15 16:17:32 chcoutur kernel: [    0.066553] NR_IRQS: 4352, nr_irqs: 472, preallocated irqs: 16
Sep 15 16:17:32 chcoutur kernel: [    0.066703] rcu: srcu_init: Setting srcu_struct sizes based on contention.
Sep 15 16:17:32 chcoutur kernel: [    0.066815] random: crng init done
Sep 15 16:17:32 chcoutur kernel: [    0.069515] Console: colour VGA+ 80x25
Sep 15 16:17:32 chcoutur kernel: [    0.084452] printk: console [tty0] enabled
Sep 15 16:17:32 chcoutur kernel: [    0.084562] ACPI: Core revision 20220331
Sep 15 16:17:32 chcoutur kernel: [    0.084720] APIC: Switch to symmetric I/O mode setup
Sep 15 16:17:32 chcoutur kernel: [    0.085472] ..TIMER: vector=0x30 apic1=0 pin1=2 apic2=-1 pin2=-1
Sep 15 16:17:32 chcoutur kernel: [    0.085611] clocksource: tsc-early: mask: 0xffffffffffffffff max_cycles: 0x6aaaa371c79, max_idle_ns: 881590671907 ns
Sep 15 16:17:32 chcoutur kernel: [    0.085820] Calibrating delay loop (skipped) preset value.. 7399.99 BogoMIPS (lpj=3699996)
Sep 15 16:17:32 chcoutur kernel: [    0.085995] pid_max: default: 32768 minimum: 301
Sep 15 16:17:32 chcoutur kernel: [    0.086111] LSM: Security Framework initializing
Sep 15 16:17:32 chcoutur kernel: [    0.086221] SELinux:  Initializing.
Sep 15 16:17:32 chcoutur kernel: [    0.086342] Mount-cache hash table entries: 32768 (order: 6, 262144 bytes, linear)
Sep 15 16:17:32 chcoutur kernel: [    0.086518] Mountpoint-cache hash table entries: 32768 (order: 6, 262144 bytes, linear)
Sep 15 16:17:32 chcoutur kernel: [    0.086818] Last level iTLB entries: 4KB 512, 2MB 512, 4MB 256
Sep 15 16:17:32 chcoutur kernel: [    0.086818] Last level dTLB entries: 4KB 2048, 2MB 2048, 4MB 1024, 1GB 0
Sep 15 16:17:32 chcoutur kernel: [    0.086818] Spectre V1 : Mitigation: usercopy/swapgs barriers and __user pointer sanitization
Sep 15 16:17:32 chcoutur kernel: [    0.086818] Spectre V2 : Mitigation: Retpolines
Sep 15 16:17:32 chcoutur kernel: [    0.086818] Spectre V2 : Spectre v2 / SpectreRSB mitigation: Filling RSB on context switch
Sep 15 16:17:32 chcoutur kernel: [    0.086818] Spectre V2 : Spectre v2 / SpectreRSB : Filling RSB on VMEXIT
Sep 15 16:17:32 chcoutur kernel: [    0.086818] Freeing SMP alternatives memory: 44K
Sep 15 16:17:32 chcoutur kernel: [    0.198698] APIC calibration not consistent with PM-Timer: 113ms instead of 100ms
Sep 15 16:17:32 chcoutur kernel: [    0.198818] APIC delta adjusted to PM-Timer: 6280312 (7150985)
Sep 15 16:17:32 chcoutur kernel: [    0.198874] smpboot: CPU0: AMD Ryzen 5 5600X 6-Core Processor (family: 0x19, model: 0x21, stepping: 0x0)
Sep 15 16:17:32 chcoutur kernel: [    0.199248] cblist_init_generic: Setting adjustable number of callback queues.
Sep 15 16:17:32 chcoutur kernel: [    0.199421] cblist_init_generic: Setting shift to 3 and lim to 1.
Sep 15 16:17:32 chcoutur kernel: [    0.199557] Performance Events: PMU not available due to virtualization, using software events only.
Sep 15 16:17:32 chcoutur kernel: [    0.199773] rcu: Hierarchical SRCU implementation.
Sep 15 16:17:32 chcoutur kernel: [    0.199818] rcu: ^IMax phase no-delay instances is 400.
Sep 15 16:17:32 chcoutur kernel: [    0.200096] smp: Bringing up secondary CPUs ...
Sep 15 16:17:32 chcoutur kernel: [    0.200243] x86: Booting SMP configuration:
Sep 15 16:17:32 chcoutur kernel: [    0.200346] .... node  #0, CPUs:      #1 #2 #3 #4 #5
Sep 15 16:17:32 chcoutur kernel: [    0.205881] smp: Brought up 1 node, 6 CPUs
Sep 15 16:17:32 chcoutur kernel: [    0.206921] smpboot: Max logical packages: 1
Sep 15 16:17:32 chcoutur kernel: [    0.207025] smpboot: Total of 6 processors activated (44399.95 BogoMIPS)
Sep 15 16:17:32 chcoutur kernel: [    0.207314] devtmpfs: initialized
Sep 15 16:17:32 chcoutur kernel: [    0.207854] clocksource: jiffies: mask: 0xffffffff max_cycles: 0xffffffff, max_idle_ns: 1911260446275000 ns
Sep 15 16:17:32 chcoutur kernel: [    0.208063] futex hash table entries: 2048 (order: 5, 131072 bytes, linear)
Sep 15 16:17:32 chcoutur kernel: [    0.208249] PM: RTC time: 14:17:29, date: 2022-09-15
Sep 15 16:17:32 chcoutur kernel: [    0.208857] NET: Registered PF_NETLINK/PF_ROUTE protocol family
Sep 15 16:17:32 chcoutur kernel: [    0.209019] audit: initializing netlink subsys (disabled)
Sep 15 16:17:32 chcoutur kernel: [    0.209166] audit: type=2000 audit(1663251455.195:1): state=initialized audit_enabled=0 res=1
Sep 15 16:17:32 chcoutur kernel: [    0.209166] thermal_sys: Registered thermal governor 'step_wise'
Sep 15 16:17:32 chcoutur kernel: [    0.209819] thermal_sys: Registered thermal governor 'user_space'
Sep 15 16:17:32 chcoutur kernel: [    0.209969] cpuidle: using governor menu
Sep 15 16:17:32 chcoutur kernel: [    0.210194] PCI: Using configuration type 1 for base access
Sep 15 16:17:32 chcoutur kernel: [    0.210819] PCI: Using configuration type 1 for extended access
Sep 15 16:17:32 chcoutur kernel: [    0.212006] kprobes: kprobe jump-optimization is enabled. All kprobes are optimized if possible.
Sep 15 16:17:32 chcoutur kernel: [    0.212233] HugeTLB: registered 2.00 MiB page size, pre-allocated 0 pages
Sep 15 16:17:32 chcoutur kernel: [    0.212233] HugeTLB: 28 KiB vmemmap can be freed for a 2.00 MiB page
Sep 15 16:17:32 chcoutur kernel: [    0.212852] ACPI: Added _OSI(Module Device)
Sep 15 16:17:32 chcoutur kernel: [    0.212980] ACPI: Added _OSI(Processor Device)
Sep 15 16:17:32 chcoutur kernel: [    0.213116] ACPI: Added _OSI(3.0 _SCP Extensions)
Sep 15 16:17:32 chcoutur kernel: [    0.213255] ACPI: Added _OSI(Processor Aggregator Device)
Sep 15 16:17:32 chcoutur kernel: [    0.213476] ACPI: 2 ACPI AML tables successfully acquired and loaded
Sep 15 16:17:32 chcoutur kernel: [    0.213975] ACPI: Interpreter enabled
Sep 15 16:17:32 chcoutur kernel: [    0.214040] ACPI: PM: (supports S0 S5)
Sep 15 16:17:32 chcoutur kernel: [    0.214164] ACPI: Using IOAPIC for interrupt routing
Sep 15 16:17:32 chcoutur kernel: [    0.214400] PCI: Using host bridge windows from ACPI; if necessary, use "pci=nocrs" and report a bug
Sep 15 16:17:32 chcoutur kernel: [    0.214643] PCI: Using E820 reservations for host bridge windows
Sep 15 16:17:32 chcoutur kernel: [    0.214818] ACPI: Enabled 2 GPEs in block 00 to 07
Sep 15 16:17:32 chcoutur kernel: [    0.216818] ACPI: PCI Root Bridge [PCI0] (domain 0000 [bus 00-ff])
Sep 15 16:17:32 chcoutur kernel: [    0.216818] acpi PNP0A03:00: _OSC: OS supports [ExtendedConfig ASPM ClockPM Segments MSI HPX-Type3]
Sep 15 16:17:32 chcoutur kernel: [    0.216818] acpi PNP0A03:00: _OSC: platform does not support [PCIeCapability LTR]
Sep 15 16:17:32 chcoutur kernel: [    0.216977] acpi PNP0A03:00: _OSC: not requesting control; platform does not support [PCIeCapability]
Sep 15 16:17:32 chcoutur kernel: [    0.217223] acpi PNP0A03:00: _OSC: OS requested [PME PCIeCapability LTR]
Sep 15 16:17:32 chcoutur kernel: [    0.217398] acpi PNP0A03:00: _OSC: platform willing to grant [PME]
Sep 15 16:17:32 chcoutur kernel: [    0.217564] acpi PNP0A03:00: _OSC: platform retains control of PCIe features (AE_SUPPORT)
Sep 15 16:17:32 chcoutur kernel: [    0.217818] PCI host bridge to bus 0000:00
Sep 15 16:17:32 chcoutur kernel: [    0.217818] pci_bus 0000:00: root bus resource [io  0x0000-0x0cf7 window]
Sep 15 16:17:32 chcoutur kernel: [    0.217818] pci_bus 0000:00: root bus resource [io  0x0d00-0xffff window]
Sep 15 16:17:32 chcoutur kernel: [    0.217818] pci_bus 0000:00: root bus resource [mem 0x000a0000-0x000bffff window]
Sep 15 16:17:32 chcoutur kernel: [    0.217818] pci_bus 0000:00: root bus resource [mem 0xe0000000-0xfdffffff window]
Sep 15 16:17:32 chcoutur kernel: [    0.217818] pci_bus 0000:00: root bus resource [bus 00-ff]
Sep 15 16:17:32 chcoutur kernel: [    0.217818] pci 0000:00:00.0: [8086:1237] type 00 class 0x060000
Sep 15 16:17:32 chcoutur kernel: [    0.217818] pci 0000:00:01.0: [8086:7000] type 00 class 0x060100
Sep 15 16:17:32 chcoutur kernel: [    0.217818] pci 0000:00:01.1: [8086:7111] type 00 class 0x01018a
Sep 15 16:17:32 chcoutur kernel: [    0.217818] pci 0000:00:01.1: reg 0x20: [io  0xd000-0xd00f]
Sep 15 16:17:32 chcoutur kernel: [    0.217818] pci 0000:00:01.1: legacy IDE quirk: reg 0x10: [io  0x01f0-0x01f7]
Sep 15 16:17:32 chcoutur kernel: [    0.217818] pci 0000:00:01.1: legacy IDE quirk: reg 0x14: [io  0x03f6]
Sep 15 16:17:32 chcoutur kernel: [    0.217818] pci 0000:00:01.1: legacy IDE quirk: reg 0x18: [io  0x0170-0x0177]
Sep 15 16:17:32 chcoutur kernel: [    0.217818] pci 0000:00:01.1: legacy IDE quirk: reg 0x1c: [io  0x0376]
Sep 15 16:17:32 chcoutur kernel: [    0.217818] pci 0000:00:02.0: [15ad:0405] type 00 class 0x030000
Sep 15 16:17:32 chcoutur kernel: [    0.217839] pci 0000:00:02.0: reg 0x10: [io  0xd010-0xd01f]
Sep 15 16:17:32 chcoutur kernel: [    0.218818] pci 0000:00:02.0: reg 0x14: [mem 0xe0000000-0xe7ffffff pref]
Sep 15 16:17:32 chcoutur kernel: [    0.219818] pci 0000:00:02.0: reg 0x18: [mem 0xf0000000-0xf01fffff]
Sep 15 16:17:32 chcoutur kernel: [    0.220957] pci 0000:00:02.0: Video device with shadowed ROM at [mem 0x000c0000-0x000dffff]
Sep 15 16:17:32 chcoutur kernel: [    0.221719] pci 0000:00:03.0: [8086:100e] type 00 class 0x020000
Sep 15 16:17:32 chcoutur kernel: [    0.221895] pci 0000:00:03.0: reg 0x10: [mem 0xf0200000-0xf021ffff]
Sep 15 16:17:32 chcoutur kernel: [    0.222880] pci 0000:00:03.0: reg 0x18: [io  0xd020-0xd027]
Sep 15 16:17:32 chcoutur kernel: [    0.224634] pci 0000:00:04.0: [80ee:cafe] type 00 class 0x088000
Sep 15 16:17:32 chcoutur kernel: [    0.224880] pci 0000:00:04.0: reg 0x10: [io  0xd040-0xd05f]
Sep 15 16:17:32 chcoutur kernel: [    0.225818] pci 0000:00:04.0: reg 0x14: [mem 0xf0400000-0xf07fffff]
Sep 15 16:17:32 chcoutur kernel: [    0.225872] pci 0000:00:04.0: reg 0x18: [mem 0xf0800000-0xf0803fff pref]
Sep 15 16:17:32 chcoutur kernel: [    0.227042] pci 0000:00:07.0: [8086:7113] type 00 class 0x068000
Sep 15 16:17:32 chcoutur kernel: [    0.227449] pci 0000:00:07.0: quirk: [io  0x4000-0x403f] claimed by PIIX4 ACPI
Sep 15 16:17:32 chcoutur kernel: [    0.227819] pci 0000:00:07.0: quirk: [io  0x4100-0x410f] claimed by PIIX4 SMB
Sep 15 16:17:32 chcoutur kernel: [    0.228126] pci 0000:00:0c.0: [8086:1e31] type 00 class 0x0c0330
Sep 15 16:17:32 chcoutur kernel: [    0.228818] pci 0000:00:0c.0: reg 0x10: [mem 0xf0810000-0xf081ffff]
Sep 15 16:17:32 chcoutur kernel: [    0.230868] pci 0000:00:0d.0: [8086:2829] type 00 class 0x010601
Sep 15 16:17:32 chcoutur kernel: [    0.231818] pci 0000:00:0d.0: reg 0x10: [io  0xd060-0xd067]
Sep 15 16:17:32 chcoutur kernel: [    0.231818] pci 0000:00:0d.0: reg 0x14: [io  0xd068-0xd06b]
Sep 15 16:17:32 chcoutur kernel: [    0.232818] pci 0000:00:0d.0: reg 0x18: [io  0xd070-0xd077]
Sep 15 16:17:32 chcoutur kernel: [    0.232818] pci 0000:00:0d.0: reg 0x1c: [io  0xd078-0xd07b]
Sep 15 16:17:32 chcoutur kernel: [    0.232875] pci 0000:00:0d.0: reg 0x20: [io  0xd080-0xd08f]
Sep 15 16:17:32 chcoutur kernel: [    0.233818] pci 0000:00:0d.0: reg 0x24: [mem 0xf0820000-0xf0821fff]
Sep 15 16:17:32 chcoutur kernel: [    0.234974] ACPI: PCI: Interrupt link LNKA configured for IRQ 11
Sep 15 16:17:32 chcoutur kernel: [    0.235267] ACPI: PCI: Interrupt link LNKB configured for IRQ 10
Sep 15 16:17:32 chcoutur kernel: [    0.235479] ACPI: PCI: Interrupt link LNKC configured for IRQ 9
Sep 15 16:17:32 chcoutur kernel: [    0.235853] ACPI: PCI: Interrupt link LNKD configured for IRQ 11
Sep 15 16:17:32 chcoutur kernel: [    0.236125] iommu: Default domain type: Translated
Sep 15 16:17:32 chcoutur kernel: [    0.236278] iommu: DMA domain TLB invalidation policy: lazy mode
Sep 15 16:17:32 chcoutur kernel: [    0.236507] SCSI subsystem initialized
Sep 15 16:17:32 chcoutur kernel: [    0.236851] libata version 3.00 loaded.
Sep 15 16:17:32 chcoutur kernel: [    0.236861] ACPI: bus type USB registered
Sep 15 16:17:32 chcoutur kernel: [    0.237009] usbcore: registered new interface driver usbfs
Sep 15 16:17:32 chcoutur kernel: [    0.237176] usbcore: registered new interface driver hub
Sep 15 16:17:32 chcoutur kernel: [    0.237332] usbcore: registered new device driver usb
Sep 15 16:17:32 chcoutur kernel: [    0.237496] pps_core: LinuxPPS API ver. 1 registered
Sep 15 16:17:32 chcoutur kernel: [    0.237645] pps_core: Software ver. 5.3.6 - Copyright 2005-2007 Rodolfo Giometti <giometti@linux.it>
Sep 15 16:17:32 chcoutur kernel: [    0.237818] PTP clock support registered
Sep 15 16:17:32 chcoutur kernel: [    0.237854] Advanced Linux Sound Architecture Driver Initialized.
Sep 15 16:17:32 chcoutur kernel: [    0.238112] NetLabel: Initializing
Sep 15 16:17:32 chcoutur kernel: [    0.238231] NetLabel:  domain hash size = 128
Sep 15 16:17:32 chcoutur kernel: [    0.238374] NetLabel:  protocols = UNLABELED CIPSOv4 CALIPSO
Sep 15 16:17:32 chcoutur kernel: [    0.238550] NetLabel:  unlabeled traffic allowed by default
Sep 15 16:17:32 chcoutur kernel: [    0.238852] PCI: Using ACPI for IRQ routing
Sep 15 16:17:32 chcoutur kernel: [    0.238968] PCI: pci_cache_line_size set to 64 bytes
Sep 15 16:17:32 chcoutur kernel: [    0.239046] e820: reserve RAM buffer [mem 0x0009fc00-0x0009ffff]
Sep 15 16:17:32 chcoutur kernel: [    0.239049] e820: reserve RAM buffer [mem 0xdfff0000-0xdfffffff]
Sep 15 16:17:32 chcoutur kernel: [    0.239064] pci 0000:00:02.0: vgaarb: setting as boot VGA device
Sep 15 16:17:32 chcoutur kernel: [    0.239064] pci 0000:00:02.0: vgaarb: bridge control possible
Sep 15 16:17:32 chcoutur kernel: [    0.239162] pci 0000:00:02.0: vgaarb: VGA device added: decodes=io+mem,owns=io+mem,locks=none
Sep 15 16:17:32 chcoutur kernel: [    0.239403] vgaarb: loaded
Sep 15 16:17:32 chcoutur kernel: [    0.257818] clocksource: Switched to clocksource kvm-clock
Sep 15 16:17:32 chcoutur kernel: [    0.258421] VFS: Disk quotas dquot_6.6.0
Sep 15 16:17:32 chcoutur kernel: [    0.258668] VFS: Dquot-cache hash table entries: 512 (order 0, 4096 bytes)
Sep 15 16:17:32 chcoutur kernel: [    0.259007] pnp: PnP ACPI init
Sep 15 16:17:32 chcoutur kernel: [    0.259949] pnp: PnP ACPI: found 2 devices
Sep 15 16:17:32 chcoutur kernel: [    0.269957] clocksource: acpi_pm: mask: 0xffffff max_cycles: 0xffffff, max_idle_ns: 2085701024 ns
Sep 15 16:17:32 chcoutur kernel: [    0.270172] NET: Registered PF_INET protocol family
Sep 15 16:17:32 chcoutur kernel: [    0.270601] IP idents hash table entries: 262144 (order: 9, 2097152 bytes, linear)
Sep 15 16:17:32 chcoutur kernel: [    0.272001] tcp_listen_portaddr_hash hash table entries: 8192 (order: 5, 131072 bytes, linear)
Sep 15 16:17:32 chcoutur kernel: [    0.272001] Table-perturb hash table entries: 65536 (order: 6, 262144 bytes, linear)
Sep 15 16:17:32 chcoutur kernel: [    0.272001] TCP established hash table entries: 131072 (order: 8, 1048576 bytes, linear)
Sep 15 16:17:32 chcoutur kernel: [    0.272001] TCP bind hash table entries: 65536 (order: 9, 2097152 bytes, linear)
Sep 15 16:17:32 chcoutur kernel: [    0.272001] TCP: Hash tables configured (established 131072 bind 65536)
Sep 15 16:17:32 chcoutur kernel: [    0.272001] UDP hash table entries: 8192 (order: 6, 262144 bytes, linear)
Sep 15 16:17:32 chcoutur kernel: [    0.272001] UDP-Lite hash table entries: 8192 (order: 6, 262144 bytes, linear)
Sep 15 16:17:32 chcoutur kernel: [    0.272001] NET: Registered PF_UNIX/PF_LOCAL protocol family
Sep 15 16:17:32 chcoutur kernel: [    0.274827] RPC: Registered named UNIX socket transport module.
Sep 15 16:17:32 chcoutur kernel: [    0.275019] RPC: Registered udp transport module.
Sep 15 16:17:32 chcoutur kernel: [    0.275133] RPC: Registered tcp transport module.
Sep 15 16:17:32 chcoutur kernel: [    0.275245] RPC: Registered tcp NFSv4.1 backchannel transport module.
Sep 15 16:17:32 chcoutur kernel: [    0.275604] pci_bus 0000:00: resource 4 [io  0x0000-0x0cf7 window]
Sep 15 16:17:32 chcoutur kernel: [    0.275750] pci_bus 0000:00: resource 5 [io  0x0d00-0xffff window]
Sep 15 16:17:32 chcoutur kernel: [    0.275883] pci_bus 0000:00: resource 6 [mem 0x000a0000-0x000bffff window]
Sep 15 16:17:32 chcoutur kernel: [    0.276026] pci_bus 0000:00: resource 7 [mem 0xe0000000-0xfdffffff window]
Sep 15 16:17:32 chcoutur kernel: [    0.276184] pci 0000:00:00.0: Limiting direct PCI/PCI transfers
Sep 15 16:17:32 chcoutur kernel: [    0.276581] PCI: CLS 0 bytes, default 64
Sep 15 16:17:32 chcoutur kernel: [    0.276581] PCI-DMA: Using software bounce buffering for IO (SWIOTLB)
Sep 15 16:17:32 chcoutur kernel: [    0.276985] software IO TLB: mapped [mem 0x00000000dbff0000-0x00000000dfff0000] (64MB)
Sep 15 16:17:32 chcoutur kernel: [    0.277176] clocksource: tsc: mask: 0xffffffffffffffff max_cycles: 0x6aaaa371c79, max_idle_ns: 881590671907 ns
Sep 15 16:17:32 chcoutur kernel: [    0.277515] clocksource: Switched to clocksource tsc
Sep 15 16:17:32 chcoutur kernel: [    0.277654] platform rtc_cmos: registered platform RTC device (no PNP device found)
Sep 15 16:17:32 chcoutur kernel: [    0.278800] Initialise system trusted keyrings
Sep 15 16:17:32 chcoutur kernel: [    0.278997] workingset: timestamp_bits=56 max_order=22 bucket_order=0
Sep 15 16:17:32 chcoutur kernel: [    0.280043] NFS: Registering the id_resolver key type
Sep 15 16:17:32 chcoutur kernel: [    0.280180] Key type id_resolver registered
Sep 15 16:17:32 chcoutur kernel: [    0.280312] Key type id_legacy registered
Sep 15 16:17:32 chcoutur kernel: [    0.280499] 9p: Installing v9fs 9p2000 file system support
Sep 15 16:17:32 chcoutur kernel: [    0.282294] Key type asymmetric registered
Sep 15 16:17:32 chcoutur kernel: [    0.282294] Asymmetric key parser 'x509' registered
Sep 15 16:17:32 chcoutur kernel: [    0.282294] Block layer SCSI generic (bsg) driver version 0.4 loaded (major 251)
Sep 15 16:17:32 chcoutur kernel: [    0.282294] io scheduler mq-deadline registered
Sep 15 16:17:32 chcoutur kernel: [    0.282294] io scheduler kyber registered
Sep 15 16:17:32 chcoutur kernel: [    0.282294] ACPI: AC: AC Adapter [AC] (on-line)
Sep 15 16:17:32 chcoutur kernel: [    0.282294] input: Power Button as /devices/LNXSYSTM:00/LNXPWRBN:00/input/input0
Sep 15 16:17:32 chcoutur kernel: [    0.285438] ACPI: button: Power Button [PWRF]
Sep 15 16:17:32 chcoutur kernel: [    0.285572] input: Sleep Button as /devices/LNXSYSTM:00/LNXSLPBN:00/input/input1
Sep 15 16:17:32 chcoutur kernel: [    0.285754] ACPI: button: Sleep Button [SLPF]
Sep 15 16:17:32 chcoutur kernel: [    0.285897] ACPI: video: Video Device [GFX0] (multi-head: yes  rom: no  post: no)
Sep 15 16:17:32 chcoutur kernel: [    0.286084] input: Video Bus as /devices/LNXSYSTM:00/LNXSYBUS:00/PNP0A03:00/LNXVIDEO:00/input/input2
Sep 15 16:17:32 chcoutur kernel: [    0.286498] Serial: 8250/16550 driver, 4 ports, IRQ sharing enabled
Sep 15 16:17:32 chcoutur kernel: [    0.286909] Non-volatile memory driver v1.3
Sep 15 16:17:32 chcoutur kernel: [    0.287017] Linux agpgart interface v0.103
Sep 15 16:17:32 chcoutur kernel: [    0.287156] ACPI: bus type drm_connector registered
Sep 15 16:17:32 chcoutur kernel: [    0.289063] loop: module loaded
Sep 15 16:17:32 chcoutur kernel: [    0.289189] ahci 0000:00:0d.0: version 3.0
Sep 15 16:17:32 chcoutur kernel: [    0.289414] ahci 0000:00:0d.0: SSS flag set, parallel bus scan disabled
Sep 15 16:17:32 chcoutur kernel: [    0.289636] ahci 0000:00:0d.0: AHCI 0001.0100 32 slots 2 ports 3 Gbps 0x3 impl SATA mode
Sep 15 16:17:32 chcoutur kernel: [    0.289821] ahci 0000:00:0d.0: flags: 64bit ncq stag only ccc
Sep 15 16:17:32 chcoutur kernel: [    0.290279] scsi host0: ahci
Sep 15 16:17:32 chcoutur kernel: [    0.290544] scsi host1: ahci
Sep 15 16:17:32 chcoutur kernel: [    0.290649] ata1: SATA max UDMA/133 abar m8192@0xf0820000 port 0xf0820100 irq 21
Sep 15 16:17:32 chcoutur kernel: [    0.290841] ata2: SATA max UDMA/133 abar m8192@0xf0820000 port 0xf0820180 irq 21
Sep 15 16:17:32 chcoutur kernel: [    0.291296] ata_piix 0000:00:01.1: version 2.13
Sep 15 16:17:32 chcoutur kernel: [    0.292017] scsi host2: ata_piix
Sep 15 16:17:32 chcoutur kernel: [    0.292312] scsi host3: ata_piix
Sep 15 16:17:32 chcoutur kernel: [    0.292451] ata3: PATA max UDMA/33 cmd 0x1f0 ctl 0x3f6 bmdma 0xd000 irq 14
Sep 15 16:17:32 chcoutur kernel: [    0.292628] ata4: PATA max UDMA/33 cmd 0x170 ctl 0x376 bmdma 0xd008 irq 15
Sep 15 16:17:32 chcoutur kernel: [    0.292956] e100: Intel(R) PRO/100 Network Driver
Sep 15 16:17:32 chcoutur kernel: [    0.293215] e100: Copyright(c) 1999-2006 Intel Corporation
Sep 15 16:17:32 chcoutur kernel: [    0.293348] e1000: Intel(R) PRO/1000 Network Driver
Sep 15 16:17:32 chcoutur kernel: [    0.293460] e1000: Copyright (c) 1999-2006 Intel Corporation.
Sep 15 16:17:32 chcoutur kernel: [    0.679051] e1000 0000:00:03.0 eth0: (PCI:33MHz:32-bit) 08:00:27:53:6b:3a
Sep 15 16:17:32 chcoutur kernel: [    0.679051] e1000 0000:00:03.0 eth0: Intel(R) PRO/1000 Network Connection
Sep 15 16:17:32 chcoutur kernel: [    0.679051] e1000e: Intel(R) PRO/1000 Network Driver
Sep 15 16:17:32 chcoutur kernel: [    0.679051] e1000e: Copyright(c) 1999 - 2015 Intel Corporation.
Sep 15 16:17:32 chcoutur kernel: [    0.679051] sky2: driver version 1.30
Sep 15 16:17:32 chcoutur kernel: [    0.688901] xhci_hcd 0000:00:0c.0: xHCI Host Controller
Sep 15 16:17:32 chcoutur kernel: [    0.689091] xhci_hcd 0000:00:0c.0: new USB bus registered, assigned bus number 1
Sep 15 16:17:32 chcoutur kernel: [    0.690076] xhci_hcd 0000:00:0c.0: hcc params 0x04000000 hci version 0x100 quirks 0x000000000000b930
Sep 15 16:17:32 chcoutur kernel: [    0.690076] xhci_hcd 0000:00:0c.0: xHCI Host Controller
Sep 15 16:17:32 chcoutur kernel: [    0.691137] xhci_hcd 0000:00:0c.0: new USB bus registered, assigned bus number 2
Sep 15 16:17:32 chcoutur kernel: [    0.691382] xhci_hcd 0000:00:0c.0: Host supports USB 3.0 SuperSpeed
Sep 15 16:17:32 chcoutur kernel: [    0.691633] usb usb1: New USB device found, idVendor=1d6b, idProduct=0002, bcdDevice= 6.00
Sep 15 16:17:32 chcoutur kernel: [    0.691947] usb usb1: New USB device strings: Mfr=3, Product=2, SerialNumber=1
Sep 15 16:17:32 chcoutur kernel: [    0.692184] usb usb1: Product: xHCI Host Controller
Sep 15 16:17:32 chcoutur kernel: [    0.692343] usb usb1: Manufacturer: Linux 6.0.0-rc5-next-20220915 xhci-hcd
Sep 15 16:17:32 chcoutur kernel: [    0.692543] usb usb1: SerialNumber: 0000:00:0c.0
Sep 15 16:17:32 chcoutur kernel: [    0.692856] hub 1-0:1.0: USB hub found
Sep 15 16:17:32 chcoutur kernel: [    0.693014] hub 1-0:1.0: 8 ports detected
Sep 15 16:17:32 chcoutur kernel: [    0.693346] usb usb2: New USB device found, idVendor=1d6b, idProduct=0003, bcdDevice= 6.00
Sep 15 16:17:32 chcoutur kernel: [    0.693608] usb usb2: New USB device strings: Mfr=3, Product=2, SerialNumber=1
Sep 15 16:17:32 chcoutur kernel: [    0.693821] usb usb2: Product: xHCI Host Controller
Sep 15 16:17:32 chcoutur kernel: [    0.693821] usb usb2: Manufacturer: Linux 6.0.0-rc5-next-20220915 xhci-hcd
Sep 15 16:17:32 chcoutur kernel: [    0.693821] usb usb2: SerialNumber: 0000:00:0c.0
Sep 15 16:17:32 chcoutur kernel: [    0.694457] hub 2-0:1.0: USB hub found
Sep 15 16:17:32 chcoutur kernel: [    0.694610] hub 2-0:1.0: 6 ports detected
Sep 15 16:17:32 chcoutur kernel: [    0.694890] usbcore: registered new interface driver usblp
Sep 15 16:17:32 chcoutur kernel: [    0.695071] usbcore: registered new interface driver usb-storage
Sep 15 16:17:32 chcoutur kernel: [    0.695299] i8042: PNP: PS/2 Controller [PNP0303:PS2K,PNP0f03:PS2M] at 0x60,0x64 irq 1,12
Sep 15 16:17:32 chcoutur kernel: [    0.695969] serio: i8042 KBD port at 0x60,0x64 irq 1
Sep 15 16:17:32 chcoutur kernel: [    0.696142] serio: i8042 AUX port at 0x60,0x64 irq 12
Sep 15 16:17:32 chcoutur kernel: [    0.697390] input: AT Translated Set 2 keyboard as /devices/platform/i8042/serio0/input/input3
Sep 15 16:17:32 chcoutur kernel: [    0.697402] ata4.00: ATAPI: VBOX CD-ROM, 1.0, max UDMA/133
Sep 15 16:17:32 chcoutur kernel: [    0.698997] rtc_cmos rtc_cmos: registered as rtc0
Sep 15 16:17:32 chcoutur kernel: [    0.699188] rtc_cmos rtc_cmos: alarms up to one day, 114 bytes nvram
Sep 15 16:17:32 chcoutur kernel: [    0.699402] fail to initialize ptp_kvm
Sep 15 16:17:32 chcoutur kernel: [    0.699480] device-mapper: ioctl: 4.48.0-ioctl (2022-08-24) initialised: dm-devel@redhat.com
Sep 15 16:17:32 chcoutur kernel: [    0.699840] hid: raw HID events driver (C) Jiri Kosina
Sep 15 16:17:32 chcoutur kernel: [    0.700052] usbcore: registered new interface driver usbhid
Sep 15 16:17:32 chcoutur kernel: [    0.700177] usbhid: USB HID core driver
Sep 15 16:17:32 chcoutur kernel: [    0.701600] Initializing XFRM netlink socket
Sep 15 16:17:32 chcoutur kernel: [    0.701859] NET: Registered PF_INET6 protocol family
Sep 15 16:17:32 chcoutur kernel: [    0.702578] Segment Routing with IPv6
Sep 15 16:17:32 chcoutur kernel: [    0.702694] In-situ OAM (IOAM) with IPv6
Sep 15 16:17:32 chcoutur kernel: [    0.702926] sit: IPv6, IPv4 and MPLS over IPv4 tunneling driver
Sep 15 16:17:32 chcoutur kernel: [    0.703117] NET: Registered PF_PACKET protocol family
Sep 15 16:17:32 chcoutur kernel: [    0.703252] 9pnet: Installing 9P2000 support
Sep 15 16:17:32 chcoutur kernel: [    0.703369] Key type dns_resolver registered
Sep 15 16:17:32 chcoutur kernel: [    0.711227] IPI shorthand broadcast: enabled
Sep 15 16:17:32 chcoutur kernel: [    0.711352] sched_clock: Marking stable (692161720, 19028027)->(816636777, -105447030)
Sep 15 16:17:32 chcoutur kernel: [    0.711722] registered taskstats version 1
Sep 15 16:17:32 chcoutur kernel: [    0.711830] Loading compiled-in X.509 certificates
Sep 15 16:17:32 chcoutur kernel: [    0.712088] cryptomgr_test (80) used greatest stack depth: 15744 bytes left
Sep 15 16:17:32 chcoutur kernel: [    0.712597] cryptomgr_test (81) used greatest stack depth: 15520 bytes left
Sep 15 16:17:32 chcoutur kernel: [    0.714065] PM:   Magic number: 6:350:283
Sep 15 16:17:32 chcoutur kernel: [    0.714195] printk: console [netcon0] enabled
Sep 15 16:17:32 chcoutur kernel: [    0.714308] netconsole: network logging started
Sep 15 16:17:32 chcoutur kernel: [    0.714533] cfg80211: Loading compiled-in X.509 certificates for regulatory database
Sep 15 16:17:32 chcoutur kernel: [    0.715029] kworker/u12:4 (103) used greatest stack depth: 14784 bytes left
Sep 15 16:17:32 chcoutur kernel: [    0.715237] kworker/u12:4 (104) used greatest stack depth: 14272 bytes left
Sep 15 16:17:32 chcoutur kernel: [    0.715448] cfg80211: Loaded X.509 cert 'sforshee: 00b28ddf47aef9cea7'
Sep 15 16:17:32 chcoutur kernel: [    0.715623] platform regulatory.0: Direct firmware load for regulatory.db failed with error -2
Sep 15 16:17:32 chcoutur kernel: [    0.715929] cfg80211: failed to load regulatory.db
Sep 15 16:17:32 chcoutur kernel: [    0.716155] ALSA device list:
Sep 15 16:17:32 chcoutur kernel: [    0.716245]   No soundcards found.
Sep 15 16:17:32 chcoutur kernel: [    0.794187] ata1: SATA link up 3.0 Gbps (SStatus 123 SControl 300)
Sep 15 16:17:32 chcoutur kernel: [    0.794484] ata1.00: ATA-6: VBOX HARDDISK, 1.0, max UDMA/133
Sep 15 16:17:32 chcoutur kernel: [    0.794686] ata1.00: 62914560 sectors, multi 128: LBA48 NCQ (depth 32)
Sep 15 16:17:32 chcoutur kernel: [    0.794986] ata1.00: configured for UDMA/133
Sep 15 16:17:32 chcoutur kernel: [    0.795269] scsi 0:0:0:0: Direct-Access     ATA      VBOX HARDDISK    1.0  PQ: 0 ANSI: 5
Sep 15 16:17:32 chcoutur kernel: [    0.795979] sd 0:0:0:0: Attached scsi generic sg0 type 0
Sep 15 16:17:32 chcoutur kernel: [    0.796088] sd 0:0:0:0: [sda] 62914560 512-byte logical blocks: (32.2 GB/30.0 GiB)
Sep 15 16:17:32 chcoutur kernel: [    0.796480] sd 0:0:0:0: [sda] Write Protect is off
Sep 15 16:17:32 chcoutur kernel: [    0.796628] sd 0:0:0:0: [sda] Mode Sense: 00 3a 00 00
Sep 15 16:17:32 chcoutur kernel: [    0.796695] sd 0:0:0:0: [sda] Write cache: enabled, read cache: enabled, doesn't support DPO or FUA
Sep 15 16:17:32 chcoutur kernel: [    0.797071] sd 0:0:0:0: [sda] Preferred minimum I/O size 512 bytes
Sep 15 16:17:32 chcoutur kernel: [    0.799355]  sda: sda1 sda2 sda3
Sep 15 16:17:32 chcoutur kernel: [    0.799670] sd 0:0:0:0: [sda] Attached SCSI disk
Sep 15 16:17:32 chcoutur kernel: [    0.969278] input: ImExPS/2 Generic Explorer Mouse as /devices/platform/i8042/serio1/input/input5
Sep 15 16:17:32 chcoutur kernel: [    1.020967] usb 1-1: new full-speed USB device number 2 using xhci_hcd
Sep 15 16:17:32 chcoutur kernel: [    1.115103] ata2: SATA link down (SStatus 0 SControl 300)
Sep 15 16:17:32 chcoutur kernel: [    1.115850] scsi 3:0:0:0: CD-ROM            VBOX     CD-ROM           1.0  PQ: 0 ANSI: 5
Sep 15 16:17:32 chcoutur kernel: [    1.116504] sr 3:0:0:0: [sr0] scsi3-mmc drive: 32x/32x xa/form2 tray
Sep 15 16:17:32 chcoutur kernel: [    1.116648] cdrom: Uniform CD-ROM driver Revision: 3.20
Sep 15 16:17:32 chcoutur kernel: [    1.118062] sr 3:0:0:0: Attached scsi CD-ROM sr0
Sep 15 16:17:32 chcoutur kernel: [    1.118183] sr 3:0:0:0: Attached scsi generic sg1 type 5
Sep 15 16:17:32 chcoutur kernel: [    1.118494] md: Waiting for all devices to be available before autodetect
Sep 15 16:17:32 chcoutur kernel: [    1.118645] md: If you don't use raid, use raid=noautodetect
Sep 15 16:17:32 chcoutur kernel: [    1.118775] md: Autodetecting RAID arrays.
Sep 15 16:17:32 chcoutur kernel: [    1.118894] md: autorun ...
Sep 15 16:17:32 chcoutur kernel: [    1.118982] md: ... autorun DONE.
Sep 15 16:17:32 chcoutur kernel: [    1.121366] EXT4-fs (sda3): INFO: recovery required on readonly filesystem
Sep 15 16:17:32 chcoutur kernel: [    1.121516] EXT4-fs (sda3): write access will be enabled during recovery
Sep 15 16:17:32 chcoutur kernel: [    1.158745] usb 1-1: New USB device found, idVendor=80ee, idProduct=0021, bcdDevice= 1.00
Sep 15 16:17:32 chcoutur kernel: [    1.159236] usb 1-1: New USB device strings: Mfr=1, Product=3, SerialNumber=0
Sep 15 16:17:32 chcoutur kernel: [    1.159621] usb 1-1: Product: USB Tablet
Sep 15 16:17:32 chcoutur kernel: [    1.159850] usb 1-1: Manufacturer: VirtualBox
Sep 15 16:17:32 chcoutur kernel: [    1.161267] input: VirtualBox USB Tablet as /devices/pci0000:00/0000:00:0c.0/usb1/1-1/1-1:1.0/0003:80EE:0021.0001/input/input6
Sep 15 16:17:32 chcoutur kernel: [    1.162059] hid-generic 0003:80EE:0021.0001: input,hidraw0: USB HID v1.10 Mouse [VirtualBox USB Tablet] on usb-0000:00:0c.0-1/input0
Sep 15 16:17:32 chcoutur kernel: [    1.321863] EXT4-fs (sda3): recovery complete
Sep 15 16:17:32 chcoutur kernel: [    1.325167] EXT4-fs (sda3): mounted filesystem with ordered data mode. Quota mode: none.
Sep 15 16:17:32 chcoutur kernel: [    1.325506] VFS: Mounted root (ext4 filesystem) readonly on device 8:3.
Sep 15 16:17:32 chcoutur kernel: [    1.326892] devtmpfs: mounted
Sep 15 16:17:32 chcoutur kernel: [    1.328131] Freeing unused kernel image (initmem) memory: 1528K
Sep 15 16:17:32 chcoutur kernel: [    1.729893] Write protecting the kernel read-only data: 24576k
Sep 15 16:17:32 chcoutur kernel: [    1.730550] Freeing unused kernel image (text/rodata gap) memory: 2032K
Sep 15 16:17:32 chcoutur kernel: [    1.730986] Freeing unused kernel image (rodata/data gap) memory: 940K
Sep 15 16:17:32 chcoutur kernel: [    1.751694] x86/mm: Checked W+X mappings: passed, no W+X pages found.
Sep 15 16:17:32 chcoutur kernel: [    1.751842] Run /sbin/init as init process
Sep 15 16:17:32 chcoutur kernel: [    1.751948]   with arguments:
Sep 15 16:17:32 chcoutur kernel: [    1.751948]     /sbin/init
Sep 15 16:17:32 chcoutur kernel: [    1.751949]   with environment:
Sep 15 16:17:32 chcoutur kernel: [    1.751949]     HOME=/
Sep 15 16:17:32 chcoutur kernel: [    1.751950]     TERM=linux
Sep 15 16:17:32 chcoutur kernel: [    1.751950]     BOOT_IMAGE=/vmlinuz-6.0.0-rc5-next-20220915
Sep 15 16:17:32 chcoutur kernel: [    1.788071] stty (118) used greatest stack depth: 13600 bytes left
Sep 15 16:17:32 chcoutur kernel: [    1.793076] dmesg (119) used greatest stack depth: 13208 bytes left
Sep 15 16:17:32 chcoutur kernel: [    1.847374] ip (170) used greatest stack depth: 13040 bytes left



-bash-5.1# uname -ar
Linux chcoutur 6.0.0-rc5-next-20220915 #1 SMP PREEMPT_DYNAMIC Thu Sep 15 16:13:36 CEST 2022 x86_64 GNU/Linux
