Sep 28 16:31:08 chcoutur kernel: klogd 1.5.1, log source = /proc/kmsg started.
Sep 28 16:31:08 chcoutur kernel: Inspecting /boot/System.map
Sep 28 16:31:08 chcoutur kernel: Cannot find map file.
Sep 28 16:31:08 chcoutur kernel: Loaded 129260 symbols from 1 module.
Sep 28 16:31:08 chcoutur kernel: [    0.000000] Linux version 6.0.0-rc4 (root@chcoutur) (gcc (GCC) 12.2.0, GNU ld (GNU Binutils) 2.39) #1 SMP PREEMPT_DYNAMIC Wed Sep 28 16:22:11 CEST 2022
Sep 28 16:31:08 chcoutur kernel: [    0.000000] Command line: BOOT_IMAGE=/vmlinuz-6.0-rc4 root=/dev/sda3 ro
Sep 28 16:31:08 chcoutur kernel: [    0.000000] [Firmware Bug]: TSC doesn't count with P0 frequency!
Sep 28 16:31:08 chcoutur kernel: [    0.000000] x86/fpu: Supporting XSAVE feature 0x001: 'x87 floating point registers'
Sep 28 16:31:08 chcoutur kernel: [    0.000000] x86/fpu: Supporting XSAVE feature 0x002: 'SSE registers'
Sep 28 16:31:08 chcoutur kernel: [    0.000000] x86/fpu: Supporting XSAVE feature 0x004: 'AVX registers'
Sep 28 16:31:08 chcoutur kernel: [    0.000000] x86/fpu: xstate_offset[2]:  576, xstate_sizes[2]:  256
Sep 28 16:31:08 chcoutur kernel: [    0.000000] x86/fpu: Enabled xstate features 0x7, context size is 832 bytes, using 'standard' format.
Sep 28 16:31:08 chcoutur kernel: [    0.000000] signal: max sigframe size: 1776
Sep 28 16:31:08 chcoutur kernel: [    0.000000] BIOS-provided physical RAM map:
Sep 28 16:31:08 chcoutur kernel: [    0.000000] BIOS-e820: [mem 0x0000000000000000-0x000000000009fbff] usable
Sep 28 16:31:08 chcoutur kernel: [    0.000000] BIOS-e820: [mem 0x000000000009fc00-0x000000000009ffff] reserved
Sep 28 16:31:08 chcoutur kernel: [    0.000000] BIOS-e820: [mem 0x00000000000f0000-0x00000000000fffff] reserved
Sep 28 16:31:08 chcoutur kernel: [    0.000000] BIOS-e820: [mem 0x0000000000100000-0x00000000dffeffff] usable
Sep 28 16:31:08 chcoutur kernel: [    0.000000] BIOS-e820: [mem 0x00000000dfff0000-0x00000000dfffffff] ACPI data
Sep 28 16:31:08 chcoutur kernel: [    0.000000] BIOS-e820: [mem 0x00000000fec00000-0x00000000fec00fff] reserved
Sep 28 16:31:08 chcoutur kernel: [    0.000000] BIOS-e820: [mem 0x00000000fee00000-0x00000000fee00fff] reserved
Sep 28 16:31:08 chcoutur kernel: [    0.000000] BIOS-e820: [mem 0x00000000fffc0000-0x00000000ffffffff] reserved
Sep 28 16:31:08 chcoutur kernel: [    0.000000] BIOS-e820: [mem 0x0000000100000000-0x000000029fffffff] usable
Sep 28 16:31:08 chcoutur kernel: [    0.000000] NX (Execute Disable) protection: active
Sep 28 16:31:08 chcoutur kernel: [    0.000000] SMBIOS 2.5 present.
Sep 28 16:31:08 chcoutur kernel: [    0.000000] DMI: innotek GmbH VirtualBox/VirtualBox, BIOS VirtualBox 12/01/2006
Sep 28 16:31:08 chcoutur kernel: [    0.000000] Hypervisor detected: KVM
Sep 28 16:31:08 chcoutur kernel: [    0.000000] kvm-clock: Using msrs 4b564d01 and 4b564d00
Sep 28 16:31:08 chcoutur kernel: [    0.000001] kvm-clock: using sched offset of 5549528451 cycles
Sep 28 16:31:08 chcoutur kernel: [    0.000002] clocksource: kvm-clock: mask: 0xffffffffffffffff max_cycles: 0x1cd42e4dffb, max_idle_ns: 881590591483 ns
Sep 28 16:31:08 chcoutur kernel: [    0.000003] tsc: Detected 3699.996 MHz processor
Sep 28 16:31:08 chcoutur kernel: [    0.000244] e820: update [mem 0x00000000-0x00000fff] usable ==> reserved
Sep 28 16:31:08 chcoutur kernel: [    0.000245] e820: remove [mem 0x000a0000-0x000fffff] usable
Sep 28 16:31:08 chcoutur kernel: [    0.000248] last_pfn = 0x2a0000 max_arch_pfn = 0x400000000
Sep 28 16:31:08 chcoutur kernel: [    0.000255] Disabled
Sep 28 16:31:08 chcoutur kernel: [    0.000255] x86/PAT: MTRRs disabled, skipping PAT initialization too.
Sep 28 16:31:08 chcoutur kernel: [    0.000257] CPU MTRRs all blank - virtualized system.
Sep 28 16:31:08 chcoutur kernel: [    0.000258] x86/PAT: Configuration [0-7]: WB  WT  UC- UC  WB  WT  UC- UC  
Sep 28 16:31:08 chcoutur kernel: [    0.000259] last_pfn = 0xdfff0 max_arch_pfn = 0x400000000
Sep 28 16:31:08 chcoutur kernel: [    0.000274] found SMP MP-table at [mem 0x0009fff0-0x0009ffff]
Sep 28 16:31:08 chcoutur kernel: [    0.000635] ACPI: Early table checksum verification disabled
Sep 28 16:31:08 chcoutur kernel: [    0.000636] ACPI: RSDP 0x00000000000E0000 000024 (v02 VBOX  )
Sep 28 16:31:08 chcoutur kernel: [    0.000639] ACPI: XSDT 0x00000000DFFF0030 00003C (v01 VBOX   VBOXXSDT 00000001 ASL  00000061)
Sep 28 16:31:08 chcoutur kernel: [    0.000641] ACPI: FACP 0x00000000DFFF00F0 0000F4 (v04 VBOX   VBOXFACP 00000001 ASL  00000061)
Sep 28 16:31:08 chcoutur kernel: [    0.000643] ACPI: DSDT 0x00000000DFFF0490 002327 (v02 VBOX   VBOXBIOS 00000002 INTL 20220331)
Sep 28 16:31:08 chcoutur kernel: [    0.000645] ACPI: FACS 0x00000000DFFF0200 000040
Sep 28 16:31:08 chcoutur kernel: [    0.000645] ACPI: FACS 0x00000000DFFF0200 000040
Sep 28 16:31:08 chcoutur kernel: [    0.000646] ACPI: APIC 0x00000000DFFF0240 00007C (v02 VBOX   VBOXAPIC 00000001 ASL  00000061)
Sep 28 16:31:08 chcoutur kernel: [    0.000647] ACPI: SSDT 0x00000000DFFF02C0 0001CC (v01 VBOX   VBOXCPUT 00000002 INTL 20220331)
Sep 28 16:31:08 chcoutur kernel: [    0.000648] ACPI: Reserving FACP table memory at [mem 0xdfff00f0-0xdfff01e3]
Sep 28 16:31:08 chcoutur kernel: [    0.000649] ACPI: Reserving DSDT table memory at [mem 0xdfff0490-0xdfff27b6]
Sep 28 16:31:08 chcoutur kernel: [    0.000649] ACPI: Reserving FACS table memory at [mem 0xdfff0200-0xdfff023f]
Sep 28 16:31:08 chcoutur kernel: [    0.000650] ACPI: Reserving FACS table memory at [mem 0xdfff0200-0xdfff023f]
Sep 28 16:31:08 chcoutur kernel: [    0.000650] ACPI: Reserving APIC table memory at [mem 0xdfff0240-0xdfff02bb]
Sep 28 16:31:08 chcoutur kernel: [    0.000650] ACPI: Reserving SSDT table memory at [mem 0xdfff02c0-0xdfff048b]
Sep 28 16:31:08 chcoutur kernel: [    0.000730] No NUMA configuration found
Sep 28 16:31:08 chcoutur kernel: [    0.000731] Faking a node at [mem 0x0000000000000000-0x000000029fffffff]
Sep 28 16:31:08 chcoutur kernel: [    0.000732] NODE_DATA(0) allocated [mem 0x29fff8000-0x29fffbfff]
Sep 28 16:31:08 chcoutur kernel: [    0.000741] Zone ranges:
Sep 28 16:31:08 chcoutur kernel: [    0.000742]   DMA      [mem 0x0000000000001000-0x0000000000ffffff]
Sep 28 16:31:08 chcoutur kernel: [    0.000742]   DMA32    [mem 0x0000000001000000-0x00000000ffffffff]
Sep 28 16:31:08 chcoutur kernel: [    0.000743]   Normal   [mem 0x0000000100000000-0x000000029fffffff]
Sep 28 16:31:08 chcoutur kernel: [    0.000744] Movable zone start for each node
Sep 28 16:31:08 chcoutur kernel: [    0.000744] Early memory node ranges
Sep 28 16:31:08 chcoutur kernel: [    0.000744]   node   0: [mem 0x0000000000001000-0x000000000009efff]
Sep 28 16:31:08 chcoutur kernel: [    0.000745]   node   0: [mem 0x0000000000100000-0x00000000dffeffff]
Sep 28 16:31:08 chcoutur kernel: [    0.000746]   node   0: [mem 0x0000000100000000-0x000000029fffffff]
Sep 28 16:31:08 chcoutur kernel: [    0.000746] Initmem setup node 0 [mem 0x0000000000001000-0x000000029fffffff]
Sep 28 16:31:08 chcoutur kernel: [    0.000992] On node 0, zone DMA: 1 pages in unavailable ranges
Sep 28 16:31:08 chcoutur kernel: [    0.001000] On node 0, zone DMA: 97 pages in unavailable ranges
Sep 28 16:31:08 chcoutur kernel: [    0.027110] On node 0, zone Normal: 16 pages in unavailable ranges
Sep 28 16:31:08 chcoutur kernel: [    0.027259] ACPI: PM-Timer IO Port: 0x4008
Sep 28 16:31:08 chcoutur kernel: [    0.027290] IOAPIC[0]: apic_id 6, version 32, address 0xfec00000, GSI 0-23
Sep 28 16:31:08 chcoutur kernel: [    0.027292] ACPI: INT_SRC_OVR (bus 0 bus_irq 0 global_irq 2 dfl dfl)
Sep 28 16:31:08 chcoutur kernel: [    0.027293] ACPI: INT_SRC_OVR (bus 0 bus_irq 9 global_irq 9 low level)
Sep 28 16:31:08 chcoutur kernel: [    0.027295] ACPI: Using ACPI (MADT) for SMP configuration information
Sep 28 16:31:08 chcoutur kernel: [    0.027299] smpboot: Allowing 6 CPUs, 0 hotplug CPUs
Sep 28 16:31:08 chcoutur kernel: [    0.027315] PM: hibernation: Registered nosave memory: [mem 0x00000000-0x00000fff]
Sep 28 16:31:08 chcoutur kernel: [    0.027316] PM: hibernation: Registered nosave memory: [mem 0x0009f000-0x0009ffff]
Sep 28 16:31:08 chcoutur kernel: [    0.027316] PM: hibernation: Registered nosave memory: [mem 0x000a0000-0x000effff]
Sep 28 16:31:08 chcoutur kernel: [    0.027316] PM: hibernation: Registered nosave memory: [mem 0x000f0000-0x000fffff]
Sep 28 16:31:08 chcoutur kernel: [    0.027317] PM: hibernation: Registered nosave memory: [mem 0xdfff0000-0xdfffffff]
Sep 28 16:31:08 chcoutur kernel: [    0.027317] PM: hibernation: Registered nosave memory: [mem 0xe0000000-0xfebfffff]
Sep 28 16:31:08 chcoutur kernel: [    0.027317] PM: hibernation: Registered nosave memory: [mem 0xfec00000-0xfec00fff]
Sep 28 16:31:08 chcoutur kernel: [    0.027318] PM: hibernation: Registered nosave memory: [mem 0xfec01000-0xfedfffff]
Sep 28 16:31:08 chcoutur kernel: [    0.027318] PM: hibernation: Registered nosave memory: [mem 0xfee00000-0xfee00fff]
Sep 28 16:31:08 chcoutur kernel: [    0.027318] PM: hibernation: Registered nosave memory: [mem 0xfee01000-0xfffbffff]
Sep 28 16:31:08 chcoutur kernel: [    0.027318] PM: hibernation: Registered nosave memory: [mem 0xfffc0000-0xffffffff]
Sep 28 16:31:08 chcoutur kernel: [    0.027319] [mem 0xe0000000-0xfebfffff] available for PCI devices
Sep 28 16:31:08 chcoutur kernel: [    0.027320] Booting paravirtualized kernel on KVM
Sep 28 16:31:08 chcoutur kernel: [    0.027322] clocksource: refined-jiffies: mask: 0xffffffff max_cycles: 0xffffffff, max_idle_ns: 1910969940391419 ns
Sep 28 16:31:08 chcoutur kernel: [    0.030263] setup_percpu: NR_CPUS:64 nr_cpumask_bits:64 nr_cpu_ids:6 nr_node_ids:1
Sep 28 16:31:08 chcoutur kernel: [    0.030743] percpu: Embedded 52 pages/cpu s176040 r8192 d28760 u262144
Sep 28 16:31:08 chcoutur kernel: [    0.030746] pcpu-alloc: s176040 r8192 d28760 u262144 alloc=1*2097152
Sep 28 16:31:08 chcoutur kernel: [    0.030747] pcpu-alloc: [0] 0 1 2 3 4 5 - - 
Sep 28 16:31:08 chcoutur kernel: [    0.030758] Fallback order for Node 0: 0 
Sep 28 16:31:08 chcoutur kernel: [    0.030761] Built 1 zonelists, mobility grouping on.  Total pages: 2580208
Sep 28 16:31:08 chcoutur kernel: [    0.030761] Policy zone: Normal
Sep 28 16:31:08 chcoutur kernel: [    0.030762] Kernel command line: BOOT_IMAGE=/vmlinuz-6.0-rc4 root=/dev/sda3 ro
Sep 28 16:31:08 chcoutur kernel: [    0.030778] Unknown kernel command line parameters "BOOT_IMAGE=/vmlinuz-6.0-rc4", will be passed to user space.
Sep 28 16:31:08 chcoutur kernel: [    0.033519] Dentry cache hash table entries: 2097152 (order: 12, 16777216 bytes, linear)
Sep 28 16:31:08 chcoutur kernel: [    0.034820] Inode-cache hash table entries: 1048576 (order: 11, 8388608 bytes, linear)
Sep 28 16:31:08 chcoutur kernel: [    0.034840] mem auto-init: stack:all(zero), heap alloc:off, heap free:off
Sep 28 16:31:08 chcoutur kernel: [    0.034844] software IO TLB: area num 8.
Sep 28 16:31:08 chcoutur kernel: [    0.061762] Memory: 10193476K/10485304K available (16396K kernel code, 2662K rwdata, 5160K rodata, 1520K init, 988K bss, 291568K reserved, 0K cma-reserved)
Sep 28 16:31:08 chcoutur kernel: [    0.061785] SLUB: HWalign=64, Order=0-3, MinObjects=0, CPUs=6, Nodes=1
Sep 28 16:31:08 chcoutur kernel: [    0.062578] Dynamic Preempt: voluntary
Sep 28 16:31:08 chcoutur kernel: [    0.062951] rcu: Preemptible hierarchical RCU implementation.
Sep 28 16:31:08 chcoutur kernel: [    0.062952] rcu: ^IRCU event tracing is enabled.
Sep 28 16:31:08 chcoutur kernel: [    0.062952] rcu: ^IRCU restricting CPUs from NR_CPUS=64 to nr_cpu_ids=6.
Sep 28 16:31:08 chcoutur kernel: [    0.062954] ^ITrampoline variant of Tasks RCU enabled.
Sep 28 16:31:08 chcoutur kernel: [    0.062955] rcu: RCU calculated value of scheduler-enlistment delay is 100 jiffies.
Sep 28 16:31:08 chcoutur kernel: [    0.062955] rcu: Adjusting geometry for rcu_fanout_leaf=16, nr_cpu_ids=6
Sep 28 16:31:08 chcoutur kernel: [    0.063649] NR_IRQS: 4352, nr_irqs: 472, preallocated irqs: 16
Sep 28 16:31:08 chcoutur kernel: [    0.063798] rcu: srcu_init: Setting srcu_struct sizes based on contention.
Sep 28 16:31:08 chcoutur kernel: [    0.064044] random: crng init done
Sep 28 16:31:08 chcoutur kernel: [    0.066763] Console: colour VGA+ 80x25
Sep 28 16:31:08 chcoutur kernel: [    0.081257] printk: console [tty0] enabled
Sep 28 16:31:08 chcoutur kernel: [    0.081365] ACPI: Core revision 20220331
Sep 28 16:31:08 chcoutur kernel: [    0.081514] APIC: Switch to symmetric I/O mode setup
Sep 28 16:31:08 chcoutur kernel: [    0.082264] ..TIMER: vector=0x30 apic1=0 pin1=2 apic2=-1 pin2=-1
Sep 28 16:31:08 chcoutur kernel: [    0.082402] clocksource: tsc-early: mask: 0xffffffffffffffff max_cycles: 0x6aaaa371c79, max_idle_ns: 881590671907 ns
Sep 28 16:31:08 chcoutur kernel: [    0.082609] Calibrating delay loop (skipped) preset value.. 7399.99 BogoMIPS (lpj=3699996)
Sep 28 16:31:08 chcoutur kernel: [    0.082783] pid_max: default: 32768 minimum: 301
Sep 28 16:31:08 chcoutur kernel: [    0.082900] LSM: Security Framework initializing
Sep 28 16:31:08 chcoutur kernel: [    0.083011] SELinux:  Initializing.
Sep 28 16:31:08 chcoutur kernel: [    0.083130] Mount-cache hash table entries: 32768 (order: 6, 262144 bytes, linear)
Sep 28 16:31:08 chcoutur kernel: [    0.083311] Mountpoint-cache hash table entries: 32768 (order: 6, 262144 bytes, linear)
Sep 28 16:31:08 chcoutur kernel: [    0.083607] Last level iTLB entries: 4KB 512, 2MB 512, 4MB 256
Sep 28 16:31:08 chcoutur kernel: [    0.083607] Last level dTLB entries: 4KB 2048, 2MB 2048, 4MB 1024, 1GB 0
Sep 28 16:31:08 chcoutur kernel: [    0.083607] Spectre V1 : Mitigation: usercopy/swapgs barriers and __user pointer sanitization
Sep 28 16:31:08 chcoutur kernel: [    0.083607] Spectre V2 : Mitigation: Retpolines
Sep 28 16:31:08 chcoutur kernel: [    0.083607] Spectre V2 : Spectre v2 / SpectreRSB mitigation: Filling RSB on context switch
Sep 28 16:31:08 chcoutur kernel: [    0.083607] Spectre V2 : Spectre v2 / SpectreRSB : Filling RSB on VMEXIT
Sep 28 16:31:08 chcoutur kernel: [    0.083607] Freeing SMP alternatives memory: 44K
Sep 28 16:31:08 chcoutur kernel: [    0.187618] APIC calibration not consistent with PM-Timer: 111ms instead of 100ms
Sep 28 16:31:08 chcoutur kernel: [    0.187785] APIC delta adjusted to PM-Timer: 6305685 (7062201)
Sep 28 16:31:08 chcoutur kernel: [    0.187948] smpboot: CPU0: AMD Ryzen 5 5600X 6-Core Processor (family: 0x19, model: 0x21, stepping: 0x0)
Sep 28 16:31:08 chcoutur kernel: [    0.188207] cblist_init_generic: Setting adjustable number of callback queues.
Sep 28 16:31:08 chcoutur kernel: [    0.188368] cblist_init_generic: Setting shift to 3 and lim to 1.
Sep 28 16:31:08 chcoutur kernel: [    0.188500] Performance Events: PMU not available due to virtualization, using software events only.
Sep 28 16:31:08 chcoutur kernel: [    0.188607] rcu: Hierarchical SRCU implementation.
Sep 28 16:31:08 chcoutur kernel: [    0.188607] rcu: ^IMax phase no-delay instances is 400.
Sep 28 16:31:08 chcoutur kernel: [    0.188747] smp: Bringing up secondary CPUs ...
Sep 28 16:31:08 chcoutur kernel: [    0.188890] x86: Booting SMP configuration:
Sep 28 16:31:08 chcoutur kernel: [    0.188992] .... node  #0, CPUs:      #1 #2 #3 #4 #5
Sep 28 16:31:08 chcoutur kernel: [    0.194672] smp: Brought up 1 node, 6 CPUs
Sep 28 16:31:08 chcoutur kernel: [    0.195708] smpboot: Max logical packages: 1
Sep 28 16:31:08 chcoutur kernel: [    0.195813] smpboot: Total of 6 processors activated (44399.95 BogoMIPS)
Sep 28 16:31:08 chcoutur kernel: [    0.196079] devtmpfs: initialized
Sep 28 16:31:08 chcoutur kernel: [    0.196648] clocksource: jiffies: mask: 0xffffffff max_cycles: 0xffffffff, max_idle_ns: 1911260446275000 ns
Sep 28 16:31:08 chcoutur kernel: [    0.196849] futex hash table entries: 2048 (order: 5, 131072 bytes, linear)
Sep 28 16:31:08 chcoutur kernel: [    0.197033] PM: RTC time: 14:31:04, date: 2022-09-28
Sep 28 16:31:08 chcoutur kernel: [    0.197688] NET: Registered PF_NETLINK/PF_ROUTE protocol family
Sep 28 16:31:08 chcoutur kernel: [    0.197849] audit: initializing netlink subsys (disabled)
Sep 28 16:31:08 chcoutur kernel: [    0.197983] audit: type=2000 audit(1664375471.343:1): state=initialized audit_enabled=0 res=1
Sep 28 16:31:08 chcoutur kernel: [    0.197983] thermal_sys: Registered thermal governor 'step_wise'
Sep 28 16:31:08 chcoutur kernel: [    0.197983] thermal_sys: Registered thermal governor 'user_space'
Sep 28 16:31:08 chcoutur kernel: [    0.198629] cpuidle: using governor menu
Sep 28 16:31:08 chcoutur kernel: [    0.198976] PCI: Using configuration type 1 for base access
Sep 28 16:31:08 chcoutur kernel: [    0.199608] PCI: Using configuration type 1 for extended access
Sep 28 16:31:08 chcoutur kernel: [    0.200841] kprobes: kprobe jump-optimization is enabled. All kprobes are optimized if possible.
Sep 28 16:31:08 chcoutur kernel: [    0.201057] HugeTLB: registered 2.00 MiB page size, pre-allocated 0 pages
Sep 28 16:31:08 chcoutur kernel: [    0.201057] HugeTLB: 28 KiB vmemmap can be freed for a 2.00 MiB page
Sep 28 16:31:08 chcoutur kernel: [    0.201638] ACPI: Added _OSI(Module Device)
Sep 28 16:31:08 chcoutur kernel: [    0.201772] ACPI: Added _OSI(Processor Device)
Sep 28 16:31:08 chcoutur kernel: [    0.201906] ACPI: Added _OSI(3.0 _SCP Extensions)
Sep 28 16:31:08 chcoutur kernel: [    0.202045] ACPI: Added _OSI(Processor Aggregator Device)
Sep 28 16:31:08 chcoutur kernel: [    0.202196] ACPI: Added _OSI(Linux-Dell-Video)
Sep 28 16:31:08 chcoutur kernel: [    0.202330] ACPI: Added _OSI(Linux-Lenovo-NV-HDMI-Audio)
Sep 28 16:31:08 chcoutur kernel: [    0.202486] ACPI: Added _OSI(Linux-HPI-Hybrid-Graphics)
Sep 28 16:31:08 chcoutur kernel: [    0.202486] ACPI: 2 ACPI AML tables successfully acquired and loaded
Sep 28 16:31:08 chcoutur kernel: [    0.203631] ACPI: Interpreter enabled
Sep 28 16:31:08 chcoutur kernel: [    0.203776] ACPI: PM: (supports S0 S5)
Sep 28 16:31:08 chcoutur kernel: [    0.203909] ACPI: Using IOAPIC for interrupt routing
Sep 28 16:31:08 chcoutur kernel: [    0.204175] PCI: Using host bridge windows from ACPI; if necessary, use "pci=nocrs" and report a bug
Sep 28 16:31:08 chcoutur kernel: [    0.204447] PCI: Using E820 reservations for host bridge windows
Sep 28 16:31:08 chcoutur kernel: [    0.204673] ACPI: Enabled 2 GPEs in block 00 to 07
Sep 28 16:31:08 chcoutur kernel: [    0.207667] ACPI: PCI Root Bridge [PCI0] (domain 0000 [bus 00-ff])
Sep 28 16:31:08 chcoutur kernel: [    0.207853] acpi PNP0A03:00: _OSC: OS supports [ExtendedConfig ASPM ClockPM Segments MSI HPX-Type3]
Sep 28 16:31:08 chcoutur kernel: [    0.208320] acpi PNP0A03:00: _OSC: platform does not support [PCIeCapability LTR]
Sep 28 16:31:08 chcoutur kernel: [    0.208803] acpi PNP0A03:00: _OSC: not requesting control; platform does not support [PCIeCapability]
Sep 28 16:31:08 chcoutur kernel: [    0.209070] acpi PNP0A03:00: _OSC: OS requested [PME PCIeCapability LTR]
Sep 28 16:31:08 chcoutur kernel: [    0.209266] acpi PNP0A03:00: _OSC: platform willing to grant [PME]
Sep 28 16:31:08 chcoutur kernel: [    0.209608] acpi PNP0A03:00: _OSC: platform retains control of PCIe features (AE_SUPPORT)
Sep 28 16:31:08 chcoutur kernel: [    0.209918] PCI host bridge to bus 0000:00
Sep 28 16:31:08 chcoutur kernel: [    0.210059] pci_bus 0000:00: root bus resource [io  0x0000-0x0cf7 window]
Sep 28 16:31:08 chcoutur kernel: [    0.210258] pci_bus 0000:00: root bus resource [io  0x0d00-0xffff window]
Sep 28 16:31:08 chcoutur kernel: [    0.210448] pci_bus 0000:00: root bus resource [mem 0x000a0000-0x000bffff window]
Sep 28 16:31:08 chcoutur kernel: [    0.210608] pci_bus 0000:00: root bus resource [mem 0xe0000000-0xfdffffff window]
Sep 28 16:31:08 chcoutur kernel: [    0.210842] pci_bus 0000:00: root bus resource [bus 00-ff]
Sep 28 16:31:08 chcoutur kernel: [    0.211157] pci 0000:00:00.0: [8086:1237] type 00 class 0x060000
Sep 28 16:31:08 chcoutur kernel: [    0.211996] pci 0000:00:01.0: [8086:7000] type 00 class 0x060100
Sep 28 16:31:08 chcoutur kernel: [    0.212447] pci 0000:00:01.1: [8086:7111] type 00 class 0x01018a
Sep 28 16:31:08 chcoutur kernel: [    0.212750] pci 0000:00:01.1: reg 0x20: [io  0xd000-0xd00f]
Sep 28 16:31:08 chcoutur kernel: [    0.212980] pci 0000:00:01.1: legacy IDE quirk: reg 0x10: [io  0x01f0-0x01f7]
Sep 28 16:31:08 chcoutur kernel: [    0.213184] pci 0000:00:01.1: legacy IDE quirk: reg 0x14: [io  0x03f6]
Sep 28 16:31:08 chcoutur kernel: [    0.213368] pci 0000:00:01.1: legacy IDE quirk: reg 0x18: [io  0x0170-0x0177]
Sep 28 16:31:08 chcoutur kernel: [    0.213608] pci 0000:00:01.1: legacy IDE quirk: reg 0x1c: [io  0x0376]
Sep 28 16:31:08 chcoutur kernel: [    0.213871] pci 0000:00:02.0: [15ad:0405] type 00 class 0x030000
Sep 28 16:31:08 chcoutur kernel: [    0.215615] pci 0000:00:02.0: reg 0x10: [io  0xd010-0xd01f]
Sep 28 16:31:08 chcoutur kernel: [    0.217617] pci 0000:00:02.0: reg 0x14: [mem 0xe0000000-0xe7ffffff pref]
Sep 28 16:31:08 chcoutur kernel: [    0.218607] pci 0000:00:02.0: reg 0x18: [mem 0xf0000000-0xf01fffff]
Sep 28 16:31:08 chcoutur kernel: [    0.222686] pci 0000:00:02.0: Video device with shadowed ROM at [mem 0x000c0000-0x000dffff]
Sep 28 16:31:08 chcoutur kernel: [    0.223133] pci 0000:00:03.0: [8086:100e] type 00 class 0x020000
Sep 28 16:31:08 chcoutur kernel: [    0.224607] pci 0000:00:03.0: reg 0x10: [mem 0xf0200000-0xf021ffff]
Sep 28 16:31:08 chcoutur kernel: [    0.225607] pci 0000:00:03.0: reg 0x18: [io  0xd020-0xd027]
Sep 28 16:31:08 chcoutur kernel: [    0.227013] pci 0000:00:04.0: [80ee:cafe] type 00 class 0x088000
Sep 28 16:31:08 chcoutur kernel: [    0.228607] pci 0000:00:04.0: reg 0x10: [io  0xd040-0xd05f]
Sep 28 16:31:08 chcoutur kernel: [    0.228671] pci 0000:00:04.0: reg 0x14: [mem 0xf0400000-0xf07fffff]
Sep 28 16:31:08 chcoutur kernel: [    0.229674] pci 0000:00:04.0: reg 0x18: [mem 0xf0800000-0xf0803fff pref]
Sep 28 16:31:08 chcoutur kernel: [    0.232739] pci 0000:00:07.0: [8086:7113] type 00 class 0x068000
Sep 28 16:31:08 chcoutur kernel: [    0.233190] pci 0000:00:07.0: quirk: [io  0x4000-0x403f] claimed by PIIX4 ACPI
Sep 28 16:31:08 chcoutur kernel: [    0.233612] pci 0000:00:07.0: quirk: [io  0x4100-0x410f] claimed by PIIX4 SMB
Sep 28 16:31:08 chcoutur kernel: [    0.233932] pci 0000:00:0c.0: [8086:1e31] type 00 class 0x0c0330
Sep 28 16:31:08 chcoutur kernel: [    0.235607] pci 0000:00:0c.0: reg 0x10: [mem 0xf0810000-0xf081ffff]
Sep 28 16:31:08 chcoutur kernel: [    0.238607] pci 0000:00:0d.0: [8086:2829] type 00 class 0x010601
Sep 28 16:31:08 chcoutur kernel: [    0.239607] pci 0000:00:0d.0: reg 0x10: [io  0xd060-0xd067]
Sep 28 16:31:08 chcoutur kernel: [    0.240607] pci 0000:00:0d.0: reg 0x14: [io  0xd068-0xd06b]
Sep 28 16:31:08 chcoutur kernel: [    0.241607] pci 0000:00:0d.0: reg 0x18: [io  0xd070-0xd077]
Sep 28 16:31:08 chcoutur kernel: [    0.242607] pci 0000:00:0d.0: reg 0x1c: [io  0xd078-0xd07b]
Sep 28 16:31:08 chcoutur kernel: [    0.243620] pci 0000:00:0d.0: reg 0x20: [io  0xd080-0xd08f]
Sep 28 16:31:08 chcoutur kernel: [    0.244607] pci 0000:00:0d.0: reg 0x24: [mem 0xf0820000-0xf0821fff]
Sep 28 16:31:08 chcoutur kernel: [    0.246910] ACPI: PCI: Interrupt link LNKA configured for IRQ 11
Sep 28 16:31:08 chcoutur kernel: [    0.247626] ACPI: PCI: Interrupt link LNKB configured for IRQ 10
Sep 28 16:31:08 chcoutur kernel: [    0.247846] ACPI: PCI: Interrupt link LNKC configured for IRQ 9
Sep 28 16:31:08 chcoutur kernel: [    0.248065] ACPI: PCI: Interrupt link LNKD configured for IRQ 11
Sep 28 16:31:08 chcoutur kernel: [    0.248730] iommu: Default domain type: Translated 
Sep 28 16:31:08 chcoutur kernel: [    0.248889] iommu: DMA domain TLB invalidation policy: lazy mode 
Sep 28 16:31:08 chcoutur kernel: [    0.249135] SCSI subsystem initialized
Sep 28 16:31:08 chcoutur kernel: [    0.249651] libata version 3.00 loaded.
Sep 28 16:31:08 chcoutur kernel: [    0.249652] ACPI: bus type USB registered
Sep 28 16:31:08 chcoutur kernel: [    0.249810] usbcore: registered new interface driver usbfs
Sep 28 16:31:08 chcoutur kernel: [    0.249981] usbcore: registered new interface driver hub
Sep 28 16:31:08 chcoutur kernel: [    0.250615] usbcore: registered new device driver usb
Sep 28 16:31:08 chcoutur kernel: [    0.250781] pps_core: LinuxPPS API ver. 1 registered
Sep 28 16:31:08 chcoutur kernel: [    0.250945] pps_core: Software ver. 5.3.6 - Copyright 2005-2007 Rodolfo Giometti <giometti@linux.it>
Sep 28 16:31:08 chcoutur kernel: [    0.251609] PTP clock support registered
Sep 28 16:31:08 chcoutur kernel: [    0.252043] Advanced Linux Sound Architecture Driver Initialized.
Sep 28 16:31:08 chcoutur kernel: [    0.252709] NetLabel: Initializing
Sep 28 16:31:08 chcoutur kernel: [    0.252837] NetLabel:  domain hash size = 128
Sep 28 16:31:08 chcoutur kernel: [    0.252984] NetLabel:  protocols = UNLABELED CIPSOv4 CALIPSO
Sep 28 16:31:08 chcoutur kernel: [    0.253621] NetLabel:  unlabeled traffic allowed by default
Sep 28 16:31:08 chcoutur kernel: [    0.253806] PCI: Using ACPI for IRQ routing
Sep 28 16:31:08 chcoutur kernel: [    0.253806] PCI: pci_cache_line_size set to 64 bytes
Sep 28 16:31:08 chcoutur kernel: [    0.253847] e820: reserve RAM buffer [mem 0x0009fc00-0x0009ffff]
Sep 28 16:31:08 chcoutur kernel: [    0.254610] e820: reserve RAM buffer [mem 0xdfff0000-0xdfffffff]
Sep 28 16:31:08 chcoutur kernel: [    0.254627] pci 0000:00:02.0: vgaarb: setting as boot VGA device
Sep 28 16:31:08 chcoutur kernel: [    0.254800] pci 0000:00:02.0: vgaarb: bridge control possible
Sep 28 16:31:08 chcoutur kernel: [    0.254971] pci 0000:00:02.0: vgaarb: VGA device added: decodes=io+mem,owns=io+mem,locks=none
Sep 28 16:31:08 chcoutur kernel: [    0.255608] vgaarb: loaded
Sep 28 16:31:08 chcoutur kernel: [    0.301731] clocksource: Switched to clocksource kvm-clock
Sep 28 16:31:08 chcoutur kernel: [    0.302343] VFS: Disk quotas dquot_6.6.0
Sep 28 16:31:08 chcoutur kernel: [    0.302612] VFS: Dquot-cache hash table entries: 512 (order 0, 4096 bytes)
Sep 28 16:31:08 chcoutur kernel: [    0.302895] pnp: PnP ACPI init
Sep 28 16:31:08 chcoutur kernel: [    0.303807] pnp: PnP ACPI: found 2 devices
Sep 28 16:31:08 chcoutur kernel: [    0.313056] clocksource: acpi_pm: mask: 0xffffff max_cycles: 0xffffff, max_idle_ns: 2085701024 ns
Sep 28 16:31:08 chcoutur kernel: [    0.313268] NET: Registered PF_INET protocol family
Sep 28 16:31:08 chcoutur kernel: [    0.313717] IP idents hash table entries: 262144 (order: 9, 2097152 bytes, linear)
Sep 28 16:31:08 chcoutur kernel: [    0.314053] tcp_listen_portaddr_hash hash table entries: 8192 (order: 5, 131072 bytes, linear)
Sep 28 16:31:08 chcoutur kernel: [    0.314053] Table-perturb hash table entries: 65536 (order: 6, 262144 bytes, linear)
Sep 28 16:31:08 chcoutur kernel: [    0.314053] TCP established hash table entries: 131072 (order: 8, 1048576 bytes, linear)
Sep 28 16:31:08 chcoutur kernel: [    0.314053] TCP bind hash table entries: 65536 (order: 8, 1048576 bytes, linear)
Sep 28 16:31:08 chcoutur kernel: [    0.314053] TCP: Hash tables configured (established 131072 bind 65536)
Sep 28 16:31:08 chcoutur kernel: [    0.314053] UDP hash table entries: 8192 (order: 6, 262144 bytes, linear)
Sep 28 16:31:08 chcoutur kernel: [    0.314053] UDP-Lite hash table entries: 8192 (order: 6, 262144 bytes, linear)
Sep 28 16:31:08 chcoutur kernel: [    0.314053] NET: Registered PF_UNIX/PF_LOCAL protocol family
Sep 28 16:31:08 chcoutur kernel: [    0.317571] RPC: Registered named UNIX socket transport module.
Sep 28 16:31:08 chcoutur kernel: [    0.317702] RPC: Registered udp transport module.
Sep 28 16:31:08 chcoutur kernel: [    0.317813] RPC: Registered tcp transport module.
Sep 28 16:31:08 chcoutur kernel: [    0.317922] RPC: Registered tcp NFSv4.1 backchannel transport module.
Sep 28 16:31:08 chcoutur kernel: [    0.318283] pci_bus 0000:00: resource 4 [io  0x0000-0x0cf7 window]
Sep 28 16:31:08 chcoutur kernel: [    0.318456] pci_bus 0000:00: resource 5 [io  0x0d00-0xffff window]
Sep 28 16:31:08 chcoutur kernel: [    0.318605] pci_bus 0000:00: resource 6 [mem 0x000a0000-0x000bffff window]
Sep 28 16:31:08 chcoutur kernel: [    0.318748] pci_bus 0000:00: resource 7 [mem 0xe0000000-0xfdffffff window]
Sep 28 16:31:08 chcoutur kernel: [    0.318919] pci 0000:00:00.0: Limiting direct PCI/PCI transfers
Sep 28 16:31:08 chcoutur kernel: [    0.319481] PCI: CLS 0 bytes, default 64
Sep 28 16:31:08 chcoutur kernel: [    0.319597] PCI-DMA: Using software bounce buffering for IO (SWIOTLB)
Sep 28 16:31:08 chcoutur kernel: [    0.319765] software IO TLB: mapped [mem 0x00000000dbff0000-0x00000000dfff0000] (64MB)
Sep 28 16:31:08 chcoutur kernel: [    0.319965] clocksource: tsc: mask: 0xffffffffffffffff max_cycles: 0x6aaaa371c79, max_idle_ns: 881590671907 ns
Sep 28 16:31:08 chcoutur kernel: [    0.320313] clocksource: Switched to clocksource tsc
Sep 28 16:31:08 chcoutur kernel: [    0.320440] platform rtc_cmos: registered platform RTC device (no PNP device found)
Sep 28 16:31:08 chcoutur kernel: [    0.321922] Initialise system trusted keyrings
Sep 28 16:31:08 chcoutur kernel: [    0.322105] workingset: timestamp_bits=56 max_order=22 bucket_order=0
Sep 28 16:31:08 chcoutur kernel: [    0.322840] NFS: Registering the id_resolver key type
Sep 28 16:31:08 chcoutur kernel: [    0.322962] Key type id_resolver registered
Sep 28 16:31:08 chcoutur kernel: [    0.323067] Key type id_legacy registered
Sep 28 16:31:08 chcoutur kernel: [    0.323210] 9p: Installing v9fs 9p2000 file system support
Sep 28 16:31:08 chcoutur kernel: [    0.325831] Key type asymmetric registered
Sep 28 16:31:08 chcoutur kernel: [    0.325937] Asymmetric key parser 'x509' registered
Sep 28 16:31:08 chcoutur kernel: [    0.326057] Block layer SCSI generic (bsg) driver version 0.4 loaded (major 251)
Sep 28 16:31:08 chcoutur kernel: [    0.326232] io scheduler mq-deadline registered
Sep 28 16:31:08 chcoutur kernel: [    0.326344] io scheduler kyber registered
Sep 28 16:31:08 chcoutur kernel: [    0.326721] ACPI: AC: AC Adapter [AC] (on-line)
Sep 28 16:31:08 chcoutur kernel: [    0.326858] input: Power Button as /devices/LNXSYSTM:00/LNXPWRBN:00/input/input0
Sep 28 16:31:08 chcoutur kernel: [    0.327086] ACPI: button: Power Button [PWRF]
Sep 28 16:31:08 chcoutur kernel: [    0.327222] input: Sleep Button as /devices/LNXSYSTM:00/LNXSLPBN:00/input/input1
Sep 28 16:31:08 chcoutur kernel: [    0.327398] ACPI: button: Sleep Button [SLPF]
Sep 28 16:31:08 chcoutur kernel: [    0.327537] ACPI: video: Video Device [GFX0] (multi-head: yes  rom: no  post: no)
Sep 28 16:31:08 chcoutur kernel: [    0.327731] input: Video Bus as /devices/LNXSYSTM:00/LNXSYBUS:00/PNP0A03:00/LNXVIDEO:00/input/input2
Sep 28 16:31:08 chcoutur kernel: [    0.328123] Serial: 8250/16550 driver, 4 ports, IRQ sharing enabled
Sep 28 16:31:08 chcoutur kernel: [    0.328510] Non-volatile memory driver v1.3
Sep 28 16:31:08 chcoutur kernel: [    0.328620] Linux agpgart interface v0.103
Sep 28 16:31:08 chcoutur kernel: [    0.328767] ACPI: bus type drm_connector registered
Sep 28 16:31:08 chcoutur kernel: [    0.330503] loop: module loaded
Sep 28 16:31:08 chcoutur kernel: [    0.330625] ahci 0000:00:0d.0: version 3.0
Sep 28 16:31:08 chcoutur kernel: [    0.330862] ahci 0000:00:0d.0: SSS flag set, parallel bus scan disabled
Sep 28 16:31:08 chcoutur kernel: [    0.331078] ahci 0000:00:0d.0: AHCI 0001.0100 32 slots 2 ports 3 Gbps 0x3 impl SATA mode
Sep 28 16:31:08 chcoutur kernel: [    0.331263] ahci 0000:00:0d.0: flags: 64bit ncq stag only ccc 
Sep 28 16:31:08 chcoutur kernel: [    0.331720] scsi host0: ahci
Sep 28 16:31:08 chcoutur kernel: [    0.331985] scsi host1: ahci
Sep 28 16:31:08 chcoutur kernel: [    0.332093] ata1: SATA max UDMA/133 abar m8192@0xf0820000 port 0xf0820100 irq 21
Sep 28 16:31:08 chcoutur kernel: [    0.332264] ata2: SATA max UDMA/133 abar m8192@0xf0820000 port 0xf0820180 irq 21
Sep 28 16:31:08 chcoutur kernel: [    0.332723] ata_piix 0000:00:01.1: version 2.13
Sep 28 16:31:08 chcoutur kernel: [    0.333012] scsi host2: ata_piix
Sep 28 16:31:08 chcoutur kernel: [    0.333251] scsi host3: ata_piix
Sep 28 16:31:08 chcoutur kernel: [    0.333355] ata3: PATA max UDMA/33 cmd 0x1f0 ctl 0x3f6 bmdma 0xd000 irq 14
Sep 28 16:31:08 chcoutur kernel: [    0.333505] ata4: PATA max UDMA/33 cmd 0x170 ctl 0x376 bmdma 0xd008 irq 15
Sep 28 16:31:08 chcoutur kernel: [    0.333763] e100: Intel(R) PRO/100 Network Driver
Sep 28 16:31:08 chcoutur kernel: [    0.333918] e100: Copyright(c) 1999-2006 Intel Corporation
Sep 28 16:31:08 chcoutur kernel: [    0.334049] e1000: Intel(R) PRO/1000 Network Driver
Sep 28 16:31:08 chcoutur kernel: [    0.334165] e1000: Copyright (c) 1999-2006 Intel Corporation.
Sep 28 16:31:08 chcoutur kernel: [    0.490652] ata4.00: ATAPI: VBOX CD-ROM, 1.0, max UDMA/133
Sep 28 16:31:08 chcoutur kernel: [    0.632413] e1000 0000:00:03.0 eth0: (PCI:33MHz:32-bit) 08:00:27:53:6b:3a
Sep 28 16:31:08 chcoutur kernel: [    0.632561] e1000 0000:00:03.0 eth0: Intel(R) PRO/1000 Network Connection
Sep 28 16:31:08 chcoutur kernel: [    0.633111] e1000e: Intel(R) PRO/1000 Network Driver
Sep 28 16:31:08 chcoutur kernel: [    0.633229] e1000e: Copyright(c) 1999 - 2015 Intel Corporation.
Sep 28 16:31:08 chcoutur kernel: [    0.633364] sky2: driver version 1.30
Sep 28 16:31:08 chcoutur kernel: [    0.633569] ehci_hcd: USB 2.0 'Enhanced' Host Controller (EHCI) Driver
Sep 28 16:31:08 chcoutur kernel: [    0.633725] ehci-pci: EHCI PCI platform driver
Sep 28 16:31:08 chcoutur kernel: [    0.633839] ohci_hcd: USB 1.1 'Open' Host Controller (OHCI) Driver
Sep 28 16:31:08 chcoutur kernel: [    0.633973] ohci-pci: OHCI PCI platform driver
Sep 28 16:31:08 chcoutur kernel: [    0.634088] uhci_hcd: USB Universal Host Controller Interface driver
Sep 28 16:31:08 chcoutur kernel: [    0.634433] xhci_hcd 0000:00:0c.0: xHCI Host Controller
Sep 28 16:31:08 chcoutur kernel: [    0.634630] xhci_hcd 0000:00:0c.0: new USB bus registered, assigned bus number 1
Sep 28 16:31:08 chcoutur kernel: [    0.635989] xhci_hcd 0000:00:0c.0: hcc params 0x04000000 hci version 0x100 quirks 0x000000000000b930
Sep 28 16:31:08 chcoutur kernel: [    0.636289] xhci_hcd 0000:00:0c.0: xHCI Host Controller
Sep 28 16:31:08 chcoutur kernel: [    0.636480] xhci_hcd 0000:00:0c.0: new USB bus registered, assigned bus number 2
Sep 28 16:31:08 chcoutur kernel: [    0.636655] xhci_hcd 0000:00:0c.0: Host supports USB 3.0 SuperSpeed
Sep 28 16:31:08 chcoutur kernel: [    0.636886] usb usb1: New USB device found, idVendor=1d6b, idProduct=0002, bcdDevice= 6.00
Sep 28 16:31:08 chcoutur kernel: [    0.637117] usb usb1: New USB device strings: Mfr=3, Product=2, SerialNumber=1
Sep 28 16:31:08 chcoutur kernel: [    0.637287] usb usb1: Product: xHCI Host Controller
Sep 28 16:31:08 chcoutur kernel: [    0.637402] usb usb1: Manufacturer: Linux 6.0.0-rc4 xhci-hcd
Sep 28 16:31:08 chcoutur kernel: [    0.637529] usb usb1: SerialNumber: 0000:00:0c.0
Sep 28 16:31:08 chcoutur kernel: [    0.637746] hub 1-0:1.0: USB hub found
Sep 28 16:31:08 chcoutur kernel: [    0.637861] hub 1-0:1.0: 8 ports detected
Sep 28 16:31:08 chcoutur kernel: [    0.638096] usb usb2: New USB device found, idVendor=1d6b, idProduct=0003, bcdDevice= 6.00
Sep 28 16:31:08 chcoutur kernel: [    0.638282] usb usb2: New USB device strings: Mfr=3, Product=2, SerialNumber=1
Sep 28 16:31:08 chcoutur kernel: [    0.638451] usb usb2: Product: xHCI Host Controller
Sep 28 16:31:08 chcoutur kernel: [    0.638566] usb usb2: Manufacturer: Linux 6.0.0-rc4 xhci-hcd
Sep 28 16:31:08 chcoutur kernel: [    0.638691] usb usb2: SerialNumber: 0000:00:0c.0
Sep 28 16:31:08 chcoutur kernel: [    0.638887] hub 2-0:1.0: USB hub found
Sep 28 16:31:08 chcoutur kernel: [    0.639001] hub 2-0:1.0: 6 ports detected
Sep 28 16:31:08 chcoutur kernel: [    0.639208] usbcore: registered new interface driver usblp
Sep 28 16:31:08 chcoutur kernel: [    0.639337] usbcore: registered new interface driver usb-storage
Sep 28 16:31:08 chcoutur kernel: [    0.639483] i8042: PNP: PS/2 Controller [PNP0303:PS2K,PNP0f03:PS2M] at 0x60,0x64 irq 1,12
Sep 28 16:31:08 chcoutur kernel: [    0.640033] serio: i8042 KBD port at 0x60,0x64 irq 1
Sep 28 16:31:08 chcoutur kernel: [    0.640155] serio: i8042 AUX port at 0x60,0x64 irq 12
Sep 28 16:31:08 chcoutur kernel: [    0.640772] input: AT Translated Set 2 keyboard as /devices/platform/i8042/serio0/input/input3
Sep 28 16:31:08 chcoutur kernel: [    0.640813] rtc_cmos rtc_cmos: registered as rtc0
Sep 28 16:31:08 chcoutur kernel: [    0.641150] rtc_cmos rtc_cmos: alarms up to one day, 114 bytes nvram
Sep 28 16:31:08 chcoutur kernel: [    0.641356] fail to initialize ptp_kvm
Sep 28 16:31:08 chcoutur kernel: [    0.641457] device-mapper: ioctl: 4.47.0-ioctl (2022-07-28) initialised: dm-devel@redhat.com
Sep 28 16:31:08 chcoutur kernel: [    0.641798] hid: raw HID events driver (C) Jiri Kosina
Sep 28 16:31:08 chcoutur kernel: [    0.642059] usbcore: registered new interface driver usbhid
Sep 28 16:31:08 chcoutur kernel: [    0.642093] ata1: SATA link up 3.0 Gbps (SStatus 123 SControl 300)
Sep 28 16:31:08 chcoutur kernel: [    0.642233] usbhid: USB HID core driver
Sep 28 16:31:08 chcoutur kernel: [    0.642503] ata1.00: ATA-6: VBOX HARDDISK, 1.0, max UDMA/133
Sep 28 16:31:08 chcoutur kernel: [    0.643261] ata1.00: 62914560 sectors, multi 128: LBA48 NCQ (depth 32)
Sep 28 16:31:08 chcoutur kernel: [    0.643979] ata1.00: configured for UDMA/133
Sep 28 16:31:08 chcoutur kernel: [    0.644076] Initializing XFRM netlink socket
Sep 28 16:31:08 chcoutur kernel: [    0.644235] scsi 0:0:0:0: Direct-Access     ATA      VBOX HARDDISK    1.0  PQ: 0 ANSI: 5
Sep 28 16:31:08 chcoutur kernel: [    0.644342] NET: Registered PF_INET6 protocol family
Sep 28 16:31:08 chcoutur kernel: [    0.644840] scsi 0:0:0:0: Attached scsi generic sg0 type 0
Sep 28 16:31:08 chcoutur kernel: [    0.644972] sd 0:0:0:0: [sda] 62914560 512-byte logical blocks: (32.2 GB/30.0 GiB)
Sep 28 16:31:08 chcoutur kernel: [    0.645251] Segment Routing with IPv6
Sep 28 16:31:08 chcoutur kernel: [    0.645553] sd 0:0:0:0: [sda] Write Protect is off
Sep 28 16:31:08 chcoutur kernel: [    0.645746] In-situ OAM (IOAM) with IPv6
Sep 28 16:31:08 chcoutur kernel: [    0.645764] sit: IPv6, IPv4 and MPLS over IPv4 tunneling driver
Sep 28 16:31:08 chcoutur kernel: [    0.645863] sd 0:0:0:0: [sda] Mode Sense: 00 3a 00 00
Sep 28 16:31:08 chcoutur kernel: [    0.646020] NET: Registered PF_PACKET protocol family
Sep 28 16:31:08 chcoutur kernel: [    0.646155] sd 0:0:0:0: [sda] Write cache: enabled, read cache: enabled, doesn't support DPO or FUA
Sep 28 16:31:08 chcoutur kernel: [    0.646239] 9pnet: Installing 9P2000 support
Sep 28 16:31:08 chcoutur kernel: [    0.646491] sd 0:0:0:0: [sda] Preferred minimum I/O size 512 bytes
Sep 28 16:31:08 chcoutur kernel: [    0.646548] Key type dns_resolver registered
Sep 28 16:31:08 chcoutur kernel: [    0.647124] IPI shorthand broadcast: enabled
Sep 28 16:31:08 chcoutur kernel: [    0.647240] sched_clock: Marking stable (628516197, 18588358)->(724185748, -77081193)
Sep 28 16:31:08 chcoutur kernel: [    0.647538] registered taskstats version 1
Sep 28 16:31:08 chcoutur kernel: [    0.647658] Loading compiled-in X.509 certificates
Sep 28 16:31:08 chcoutur kernel: [    0.647871] cryptomgr_test (82) used greatest stack depth: 15744 bytes left
Sep 28 16:31:08 chcoutur kernel: [    0.648036]  sda: sda1 sda2 sda3
Sep 28 16:31:08 chcoutur kernel: [    0.648169] cryptomgr_test (84) used greatest stack depth: 15520 bytes left
Sep 28 16:31:08 chcoutur kernel: [    0.648521] sd 0:0:0:0: [sda] Attached SCSI disk
Sep 28 16:31:08 chcoutur kernel: [    0.650004] PM:   Magic number: 6:87:537
Sep 28 16:31:08 chcoutur kernel: [    0.650124] printk: console [netcon0] enabled
Sep 28 16:31:08 chcoutur kernel: [    0.650232] netconsole: network logging started
Sep 28 16:31:08 chcoutur kernel: [    0.650444] cfg80211: Loading compiled-in X.509 certificates for regulatory database
Sep 28 16:31:08 chcoutur kernel: [    0.650742] kworker/u12:4 (104) used greatest stack depth: 14272 bytes left
Sep 28 16:31:08 chcoutur kernel: [    0.651113] cfg80211: Loaded X.509 cert 'sforshee: 00b28ddf47aef9cea7'
Sep 28 16:31:08 chcoutur kernel: [    0.651264] platform regulatory.0: Direct firmware load for regulatory.db failed with error -2
Sep 28 16:31:08 chcoutur kernel: [    0.651447] cfg80211: failed to load regulatory.db
Sep 28 16:31:08 chcoutur kernel: [    0.651563] ALSA device list:
Sep 28 16:31:08 chcoutur kernel: [    0.651721]   No soundcards found.
Sep 28 16:31:08 chcoutur kernel: [    0.851746] input: ImExPS/2 Generic Explorer Mouse as /devices/platform/i8042/serio1/input/input5
Sep 28 16:31:08 chcoutur kernel: [    0.876632] usb 1-1: new full-speed USB device number 2 using xhci_hcd
Sep 28 16:31:08 chcoutur kernel: [    0.952793] ata2: SATA link down (SStatus 0 SControl 300)
Sep 28 16:31:08 chcoutur kernel: [    0.953378] scsi 3:0:0:0: CD-ROM            VBOX     CD-ROM           1.0  PQ: 0 ANSI: 5
Sep 28 16:31:08 chcoutur kernel: [    0.954392] sr 3:0:0:0: [sr0] scsi3-mmc drive: 32x/32x xa/form2 tray
Sep 28 16:31:08 chcoutur kernel: [    0.954542] cdrom: Uniform CD-ROM driver Revision: 3.20
Sep 28 16:31:08 chcoutur kernel: [    0.956142] sr 3:0:0:0: Attached scsi CD-ROM sr0
Sep 28 16:31:08 chcoutur kernel: [    0.956255] sr 3:0:0:0: Attached scsi generic sg1 type 5
Sep 28 16:31:08 chcoutur kernel: [    0.956554] md: Waiting for all devices to be available before autodetect
Sep 28 16:31:08 chcoutur kernel: [    0.956742] md: If you don't use raid, use raid=noautodetect
Sep 28 16:31:08 chcoutur kernel: [    0.956904] md: Autodetecting RAID arrays.
Sep 28 16:31:08 chcoutur kernel: [    0.957035] md: autorun ...
Sep 28 16:31:08 chcoutur kernel: [    0.957148] md: ... autorun DONE.
Sep 28 16:31:08 chcoutur kernel: [    0.959672] EXT4-fs (sda3): INFO: recovery required on readonly filesystem
Sep 28 16:31:08 chcoutur kernel: [    0.959819] EXT4-fs (sda3): write access will be enabled during recovery
Sep 28 16:31:08 chcoutur kernel: [    1.011406] usb 1-1: New USB device found, idVendor=80ee, idProduct=0021, bcdDevice= 1.00
Sep 28 16:31:08 chcoutur kernel: [    1.012051] usb 1-1: New USB device strings: Mfr=1, Product=3, SerialNumber=0
Sep 28 16:31:08 chcoutur kernel: [    1.012383] usb 1-1: Product: USB Tablet
Sep 28 16:31:08 chcoutur kernel: [    1.012602] usb 1-1: Manufacturer: VirtualBox
Sep 28 16:31:08 chcoutur kernel: [    1.014091] input: VirtualBox USB Tablet as /devices/pci0000:00/0000:00:0c.0/usb1/1-1/1-1:1.0/0003:80EE:0021.0001/input/input6
Sep 28 16:31:08 chcoutur kernel: [    1.014896] hid-generic 0003:80EE:0021.0001: input,hidraw0: USB HID v1.10 Mouse [VirtualBox USB Tablet] on usb-0000:00:0c.0-1/input0
Sep 28 16:31:08 chcoutur kernel: [    1.253196] EXT4-fs (sda3): orphan cleanup on readonly fs
Sep 28 16:31:08 chcoutur kernel: [    1.254023] EXT4-fs (sda3): 5 orphan inodes deleted
Sep 28 16:31:08 chcoutur kernel: [    1.254175] EXT4-fs (sda3): recovery complete
Sep 28 16:31:08 chcoutur kernel: [    1.258316] EXT4-fs (sda3): mounted filesystem with ordered data mode. Quota mode: none.
Sep 28 16:31:08 chcoutur kernel: [    1.258570] VFS: Mounted root (ext4 filesystem) readonly on device 8:3.
Sep 28 16:31:08 chcoutur kernel: [    1.259134] devtmpfs: mounted
Sep 28 16:31:08 chcoutur kernel: [    1.259551] Freeing unused kernel image (initmem) memory: 1520K
Sep 28 16:31:08 chcoutur kernel: [    1.288754] Write protecting the kernel read-only data: 24576k
Sep 28 16:31:08 chcoutur kernel: [    1.289411] Freeing unused kernel image (text/rodata gap) memory: 2032K
Sep 28 16:31:08 chcoutur kernel: [    1.289793] Freeing unused kernel image (rodata/data gap) memory: 984K
Sep 28 16:31:08 chcoutur kernel: [    1.289974] Run /sbin/init as init process
Sep 28 16:31:08 chcoutur kernel: [    1.290107]   with arguments:
Sep 28 16:31:08 chcoutur kernel: [    1.290108]     /sbin/init
Sep 28 16:31:08 chcoutur kernel: [    1.290108]   with environment:
Sep 28 16:31:08 chcoutur kernel: [    1.290109]     HOME=/
Sep 28 16:31:08 chcoutur kernel: [    1.290109]     TERM=linux
Sep 28 16:31:08 chcoutur kernel: [    1.290109]     BOOT_IMAGE=/vmlinuz-6.0-rc4
Sep 28 16:31:08 chcoutur kernel: [    1.325835] stty (117) used greatest stack depth: 13728 bytes left
Sep 28 16:31:08 chcoutur kernel: [    1.330247] dmesg (118) used greatest stack depth: 13608 bytes left
Sep 28 16:31:08 chcoutur kernel: [    1.384664] ip (170) used greatest stack depth: 13040 bytes left
Sep 28 16:31:08 chcoutur kernel: <30>[    1.411824] udevd[195]: starting version 3.2.11
Sep 28 16:31:08 chcoutur kernel: <30>[    1.423645] udevd[196]: starting eudev-3.2.11
Sep 28 16:31:08 chcoutur kernel: [    1.449669] e1000 0000:00:03.0 enp0s3: renamed from eth0
Sep 28 16:31:08 chcoutur kernel: [    1.455428] usb_keyboard_module: version magic '5.19.2-chcoutur SMP preempt mod_unload ' should be '6.0.0-rc4 SMP preempt mod_unload '
Sep 28 16:31:08 chcoutur kernel: [    1.455524] usb_keyboard_module: version magic '5.19.2-chcoutur SMP preempt mod_unload ' should be '6.0.0-rc4 SMP preempt mod_unload '
Sep 28 16:31:08 chcoutur kernel: [    1.458701] usb_keyboard_module: version magic '5.19.2-chcoutur SMP preempt mod_unload ' should be '6.0.0-rc4 SMP preempt mod_unload '
Sep 28 16:31:08 chcoutur kernel: [    1.458981] usb_keyboard_module: version magic '5.19.2-chcoutur SMP preempt mod_unload ' should be '6.0.0-rc4 SMP preempt mod_unload '
Sep 28 16:31:08 chcoutur kernel: [    1.459152] usb_keyboard_module: version magic '5.19.2-chcoutur SMP preempt mod_unload ' should be '6.0.0-rc4 SMP preempt mod_unload '
Sep 28 16:31:08 chcoutur kernel: [    1.460567] usb_keyboard_module: version magic '5.19.2-chcoutur SMP preempt mod_unload ' should be '6.0.0-rc4 SMP preempt mod_unload '
Sep 28 16:31:08 chcoutur kernel: [    2.382365] Adding 4194300k swap on /dev/sda2.  Priority:1 extents:1 across:4194300k 
Sep 28 16:31:08 chcoutur kernel: [    2.390234] EXT4-fs (sda3): re-mounted. Quota mode: none.
Sep 28 16:31:08 chcoutur kernel: [    2.412667] EXT4-fs (sda3): re-mounted. Quota mode: none.
Sep 28 16:31:08 chcoutur kernel: [    2.420381] EXT4-fs (sda1): mounting ext2 file system using the ext4 subsystem
Sep 28 16:31:08 chcoutur kernel: [    2.421137] EXT4-fs (sda1): warning: mounting unchecked fs, running e2fsck is recommended
Sep 28 16:31:08 chcoutur kernel: [    2.423318] EXT4-fs (sda1): mounted filesystem without journal. Quota mode: none.
Sep 28 16:31:08 chcoutur kernel: [    2.423538] ext2 filesystem being mounted at /boot supports timestamps until 2038 (0x7fffffff)
Sep 28 16:31:08 chcoutur kernel: [    3.557268] e1000: enp0s3 NIC Link is Up 1000 Mbps Full Duplex, Flow Control: RX
Sep 28 16:31:08 chcoutur kernel: [    3.557684] IPv6: ADDRCONF(NETDEV_CHANGE): enp0s3: link becomes ready
Sep 28 16:31:10 chcoutur kernel: [    5.689013] EXT4-fs error (device sda1): ext4_mb_generate_buddy:1138: group 5, block bitmap and bg descriptor inconsistent: 6656 vs 6657 free clusters
