Sep  7 14:30:20 chcoutur kernel: klogd 1.5.1, log source = /proc/kmsg started.
Sep  7 14:30:20 chcoutur kernel: Cannot find map file.
Sep  7 14:30:20 chcoutur kernel: Loaded 130494 symbols from 1 module.
Sep  7 14:30:20 chcoutur kernel: [    0.000000] Linux version 5.19.2-chcoutur (root@debian) (gcc (GCC) 12.2.0, GNU ld (GNU Binutils) 2.39) #1 SMP PREEMPT_DYNAMIC Wed Sep 7 14:13:58 CEST 2022
Sep  7 14:30:20 chcoutur kernel: [    0.000000] Command line: BOOT_IMAGE=/vmlinuz-5.19.2-lfs-11.2-chcoutur root=/dev/sda3 ro
Sep  7 14:30:20 chcoutur kernel: [    0.000000] [Firmware Bug]: TSC doesn't count with P0 frequency!
Sep  7 14:30:20 chcoutur kernel: [    0.000000] x86/fpu: Supporting XSAVE feature 0x001: 'x87 floating point registers'
Sep  7 14:30:20 chcoutur kernel: [    0.000000] x86/fpu: Supporting XSAVE feature 0x002: 'SSE registers'
Sep  7 14:30:20 chcoutur kernel: [    0.000000] x86/fpu: Supporting XSAVE feature 0x004: 'AVX registers'
Sep  7 14:30:20 chcoutur kernel: [    0.000000] x86/fpu: xstate_offset[2]:  576, xstate_sizes[2]:  256
Sep  7 14:30:20 chcoutur kernel: [    0.000000] x86/fpu: Enabled xstate features 0x7, context size is 832 bytes, using 'standard' format.
Sep  7 14:30:20 chcoutur kernel: [    0.000000] signal: max sigframe size: 1776
Sep  7 14:30:20 chcoutur kernel: [    0.000000] BIOS-provided physical RAM map:
Sep  7 14:30:20 chcoutur kernel: [    0.000000] BIOS-e820: [mem 0x0000000000000000-0x000000000009fbff] usable
Sep  7 14:30:20 chcoutur kernel: [    0.000000] BIOS-e820: [mem 0x000000000009fc00-0x000000000009ffff] reserved
Sep  7 14:30:20 chcoutur kernel: [    0.000000] BIOS-e820: [mem 0x00000000000f0000-0x00000000000fffff] reserved
Sep  7 14:30:20 chcoutur kernel: [    0.000000] BIOS-e820: [mem 0x0000000000100000-0x00000000dffeffff] usable
Sep  7 14:30:20 chcoutur kernel: [    0.000000] BIOS-e820: [mem 0x00000000dfff0000-0x00000000dfffffff] ACPI data
Sep  7 14:30:20 chcoutur kernel: [    0.000000] BIOS-e820: [mem 0x00000000fec00000-0x00000000fec00fff] reserved
Sep  7 14:30:20 chcoutur kernel: [    0.000000] BIOS-e820: [mem 0x00000000fee00000-0x00000000fee00fff] reserved
Sep  7 14:30:20 chcoutur kernel: [    0.000000] BIOS-e820: [mem 0x00000000fffc0000-0x00000000ffffffff] reserved
Sep  7 14:30:20 chcoutur kernel: [    0.000000] BIOS-e820: [mem 0x0000000100000000-0x000000029fffffff] usable
Sep  7 14:30:20 chcoutur kernel: [    0.000000] NX (Execute Disable) protection: active
Sep  7 14:30:20 chcoutur kernel: [    0.000000] SMBIOS 2.5 present.
Sep  7 14:30:20 chcoutur kernel: [    0.000000] DMI: innotek GmbH VirtualBox/VirtualBox, BIOS VirtualBox 12/01/2006
Sep  7 14:30:20 chcoutur kernel: [    0.000000] Hypervisor detected: KVM
Sep  7 14:30:20 chcoutur kernel: [    0.000000] kvm-clock: Using msrs 4b564d01 and 4b564d00
Sep  7 14:30:20 chcoutur kernel: [    0.000001] kvm-clock: using sched offset of 99052801650 cycles
Sep  7 14:30:20 chcoutur kernel: [    0.000002] clocksource: kvm-clock: mask: 0xffffffffffffffff max_cycles: 0x1cd42e4dffb, max_idle_ns: 881590591483 ns
Sep  7 14:30:20 chcoutur kernel: [    0.000003] tsc: Detected 3699.996 MHz processor
Sep  7 14:30:20 chcoutur kernel: [    0.000457] e820: update [mem 0x00000000-0x00000fff] usable ==> reserved
Sep  7 14:30:20 chcoutur kernel: [    0.000459] e820: remove [mem 0x000a0000-0x000fffff] usable
Sep  7 14:30:20 chcoutur kernel: [    0.000461] last_pfn = 0x2a0000 max_arch_pfn = 0x400000000
Sep  7 14:30:20 chcoutur kernel: [    0.000468] Disabled
Sep  7 14:30:20 chcoutur kernel: [    0.000469] x86/PAT: MTRRs disabled, skipping PAT initialization too.
Sep  7 14:30:20 chcoutur kernel: [    0.000470] CPU MTRRs all blank - virtualized system.
Sep  7 14:30:20 chcoutur kernel: [    0.000472] x86/PAT: Configuration [0-7]: WB  WT  UC- UC  WB  WT  UC- UC  
Sep  7 14:30:20 chcoutur kernel: [    0.000475] last_pfn = 0xdfff0 max_arch_pfn = 0x400000000
Sep  7 14:30:20 chcoutur kernel: [    0.000489] found SMP MP-table at [mem 0x0009fff0-0x0009ffff]
Sep  7 14:30:20 chcoutur kernel: [    0.000872] ACPI: Early table checksum verification disabled
Sep  7 14:30:20 chcoutur kernel: [    0.000873] ACPI: RSDP 0x00000000000E0000 000024 (v02 VBOX  )
Sep  7 14:30:20 chcoutur kernel: [    0.000876] ACPI: XSDT 0x00000000DFFF0030 00003C (v01 VBOX   VBOXXSDT 00000001 ASL  00000061)
Sep  7 14:30:20 chcoutur kernel: [    0.000879] ACPI: FACP 0x00000000DFFF00F0 0000F4 (v04 VBOX   VBOXFACP 00000001 ASL  00000061)
Sep  7 14:30:20 chcoutur kernel: [    0.000881] ACPI: DSDT 0x00000000DFFF0490 002327 (v02 VBOX   VBOXBIOS 00000002 INTL 20220331)
Sep  7 14:30:20 chcoutur kernel: [    0.000882] ACPI: FACS 0x00000000DFFF0200 000040
Sep  7 14:30:20 chcoutur kernel: [    0.000883] ACPI: FACS 0x00000000DFFF0200 000040
Sep  7 14:30:20 chcoutur kernel: [    0.000884] ACPI: APIC 0x00000000DFFF0240 00007C (v02 VBOX   VBOXAPIC 00000001 ASL  00000061)
Sep  7 14:30:20 chcoutur kernel: [    0.000885] ACPI: SSDT 0x00000000DFFF02C0 0001CC (v01 VBOX   VBOXCPUT 00000002 INTL 20220331)
Sep  7 14:30:20 chcoutur kernel: [    0.000886] ACPI: Reserving FACP table memory at [mem 0xdfff00f0-0xdfff01e3]
Sep  7 14:30:20 chcoutur kernel: [    0.000887] ACPI: Reserving DSDT table memory at [mem 0xdfff0490-0xdfff27b6]
Sep  7 14:30:20 chcoutur kernel: [    0.000887] ACPI: Reserving FACS table memory at [mem 0xdfff0200-0xdfff023f]
Sep  7 14:30:20 chcoutur kernel: [    0.000888] ACPI: Reserving FACS table memory at [mem 0xdfff0200-0xdfff023f]
Sep  7 14:30:20 chcoutur kernel: [    0.000888] ACPI: Reserving APIC table memory at [mem 0xdfff0240-0xdfff02bb]
Sep  7 14:30:20 chcoutur kernel: [    0.000888] ACPI: Reserving SSDT table memory at [mem 0xdfff02c0-0xdfff048b]
Sep  7 14:30:20 chcoutur kernel: [    0.000971] No NUMA configuration found
Sep  7 14:30:20 chcoutur kernel: [    0.000971] Faking a node at [mem 0x0000000000000000-0x000000029fffffff]
Sep  7 14:30:20 chcoutur kernel: [    0.000973] NODE_DATA(0) allocated [mem 0x29fff6000-0x29fff9fff]
Sep  7 14:30:20 chcoutur kernel: [    0.000982] Zone ranges:
Sep  7 14:30:20 chcoutur kernel: [    0.000982]   DMA      [mem 0x0000000000001000-0x0000000000ffffff]
Sep  7 14:30:20 chcoutur kernel: [    0.000984]   DMA32    [mem 0x0000000001000000-0x00000000ffffffff]
Sep  7 14:30:20 chcoutur kernel: [    0.000984]   Normal   [mem 0x0000000100000000-0x000000029fffffff]
Sep  7 14:30:20 chcoutur kernel: [    0.000985] Movable zone start for each node
Sep  7 14:30:20 chcoutur kernel: [    0.000985] Early memory node ranges
Sep  7 14:30:20 chcoutur kernel: [    0.000985]   node   0: [mem 0x0000000000001000-0x000000000009efff]
Sep  7 14:30:20 chcoutur kernel: [    0.000986]   node   0: [mem 0x0000000000100000-0x00000000dffeffff]
Sep  7 14:30:20 chcoutur kernel: [    0.000987]   node   0: [mem 0x0000000100000000-0x000000029fffffff]
Sep  7 14:30:20 chcoutur kernel: [    0.000988] Initmem setup node 0 [mem 0x0000000000001000-0x000000029fffffff]
Sep  7 14:30:20 chcoutur kernel: [    0.001217] On node 0, zone DMA: 1 pages in unavailable ranges
Sep  7 14:30:20 chcoutur kernel: [    0.001227] On node 0, zone DMA: 97 pages in unavailable ranges
Sep  7 14:30:20 chcoutur kernel: [    0.026592] On node 0, zone Normal: 16 pages in unavailable ranges
Sep  7 14:30:20 chcoutur kernel: [    0.026752] ACPI: PM-Timer IO Port: 0x4008
Sep  7 14:30:20 chcoutur kernel: [    0.026788] IOAPIC[0]: apic_id 6, version 32, address 0xfec00000, GSI 0-23
Sep  7 14:30:20 chcoutur kernel: [    0.026790] ACPI: INT_SRC_OVR (bus 0 bus_irq 0 global_irq 2 dfl dfl)
Sep  7 14:30:20 chcoutur kernel: [    0.026792] ACPI: INT_SRC_OVR (bus 0 bus_irq 9 global_irq 9 low level)
Sep  7 14:30:20 chcoutur kernel: [    0.026794] ACPI: Using ACPI (MADT) for SMP configuration information
Sep  7 14:30:20 chcoutur kernel: [    0.026798] smpboot: Allowing 6 CPUs, 0 hotplug CPUs
Sep  7 14:30:20 chcoutur kernel: [    0.026815] PM: hibernation: Registered nosave memory: [mem 0x00000000-0x00000fff]
Sep  7 14:30:20 chcoutur kernel: [    0.026816] PM: hibernation: Registered nosave memory: [mem 0x0009f000-0x0009ffff]
Sep  7 14:30:20 chcoutur kernel: [    0.026816] PM: hibernation: Registered nosave memory: [mem 0x000a0000-0x000effff]
Sep  7 14:30:20 chcoutur kernel: [    0.026817] PM: hibernation: Registered nosave memory: [mem 0x000f0000-0x000fffff]
Sep  7 14:30:20 chcoutur kernel: [    0.026817] PM: hibernation: Registered nosave memory: [mem 0xdfff0000-0xdfffffff]
Sep  7 14:30:20 chcoutur kernel: [    0.026818] PM: hibernation: Registered nosave memory: [mem 0xe0000000-0xfebfffff]
Sep  7 14:30:20 chcoutur kernel: [    0.026818] PM: hibernation: Registered nosave memory: [mem 0xfec00000-0xfec00fff]
Sep  7 14:30:20 chcoutur kernel: [    0.026818] PM: hibernation: Registered nosave memory: [mem 0xfec01000-0xfedfffff]
Sep  7 14:30:20 chcoutur kernel: [    0.026819] PM: hibernation: Registered nosave memory: [mem 0xfee00000-0xfee00fff]
Sep  7 14:30:20 chcoutur kernel: [    0.026819] PM: hibernation: Registered nosave memory: [mem 0xfee01000-0xfffbffff]
Sep  7 14:30:20 chcoutur kernel: [    0.026819] PM: hibernation: Registered nosave memory: [mem 0xfffc0000-0xffffffff]
Sep  7 14:30:20 chcoutur kernel: [    0.026820] [mem 0xe0000000-0xfebfffff] available for PCI devices
Sep  7 14:30:20 chcoutur kernel: [    0.026821] Booting paravirtualized kernel on KVM
Sep  7 14:30:20 chcoutur kernel: [    0.026823] clocksource: refined-jiffies: mask: 0xffffffff max_cycles: 0xffffffff, max_idle_ns: 1910969940391419 ns
Sep  7 14:30:20 chcoutur kernel: [    0.029654] setup_percpu: NR_CPUS:64 nr_cpumask_bits:64 nr_cpu_ids:6 nr_node_ids:1
Sep  7 14:30:20 chcoutur kernel: [    0.030108] percpu: Embedded 52 pages/cpu s176040 r8192 d28760 u262144
Sep  7 14:30:20 chcoutur kernel: [    0.030111] pcpu-alloc: s176040 r8192 d28760 u262144 alloc=1*2097152
Sep  7 14:30:20 chcoutur kernel: [    0.030112] pcpu-alloc: [0] 0 1 2 3 4 5 - - 
Sep  7 14:30:20 chcoutur kernel: [    0.030124] Fallback order for Node 0: 0 
Sep  7 14:30:20 chcoutur kernel: [    0.030126] Built 1 zonelists, mobility grouping on.  Total pages: 2580208
Sep  7 14:30:20 chcoutur kernel: [    0.030126] Policy zone: Normal
Sep  7 14:30:20 chcoutur kernel: [    0.030127] Kernel command line: BOOT_IMAGE=/vmlinuz-5.19.2-lfs-11.2-chcoutur root=/dev/sda3 ro
Sep  7 14:30:20 chcoutur kernel: [    0.030144] Unknown kernel command line parameters "BOOT_IMAGE=/vmlinuz-5.19.2-lfs-11.2-chcoutur", will be passed to user space.
Sep  7 14:30:20 chcoutur kernel: [    0.032648] Dentry cache hash table entries: 2097152 (order: 12, 16777216 bytes, linear)
Sep  7 14:30:20 chcoutur kernel: [    0.033872] Inode-cache hash table entries: 1048576 (order: 11, 8388608 bytes, linear)
Sep  7 14:30:20 chcoutur kernel: [    0.033892] mem auto-init: stack:all(zero), heap alloc:off, heap free:off
Sep  7 14:30:20 chcoutur kernel: [    0.060580] Memory: 10193468K/10485304K available (16396K kernel code, 2659K rwdata, 5208K rodata, 1520K init, 956K bss, 291576K reserved, 0K cma-reserved)
Sep  7 14:30:20 chcoutur kernel: [    0.060604] SLUB: HWalign=64, Order=0-3, MinObjects=0, CPUs=6, Nodes=1
Sep  7 14:30:20 chcoutur kernel: [    0.061407] Dynamic Preempt: voluntary
Sep  7 14:30:20 chcoutur kernel: [    0.061781] rcu: Preemptible hierarchical RCU implementation.
Sep  7 14:30:20 chcoutur kernel: [    0.061782] rcu: ^IRCU event tracing is enabled.
Sep  7 14:30:20 chcoutur kernel: [    0.061783] rcu: ^IRCU restricting CPUs from NR_CPUS=64 to nr_cpu_ids=6.
Sep  7 14:30:20 chcoutur kernel: [    0.061784] ^ITrampoline variant of Tasks RCU enabled.
Sep  7 14:30:20 chcoutur kernel: [    0.061785] rcu: RCU calculated value of scheduler-enlistment delay is 100 jiffies.
Sep  7 14:30:20 chcoutur kernel: [    0.061786] rcu: Adjusting geometry for rcu_fanout_leaf=16, nr_cpu_ids=6
Sep  7 14:30:20 chcoutur kernel: [    0.062479] NR_IRQS: 4352, nr_irqs: 472, preallocated irqs: 16
Sep  7 14:30:20 chcoutur kernel: [    0.062629] rcu: srcu_init: Setting srcu_struct sizes based on contention.
Sep  7 14:30:20 chcoutur kernel: [    0.062928] random: crng init done
Sep  7 14:30:20 chcoutur kernel: [    0.064596] Console: colour VGA+ 80x25
Sep  7 14:30:20 chcoutur kernel: [    0.079317] printk: console [tty0] enabled
Sep  7 14:30:20 chcoutur kernel: [    0.079426] ACPI: Core revision 20220331
Sep  7 14:30:20 chcoutur kernel: [    0.079580] APIC: Switch to symmetric I/O mode setup
Sep  7 14:30:20 chcoutur kernel: [    0.079817] x2apic enabled
Sep  7 14:30:20 chcoutur kernel: [    0.080010] Switched APIC routing to physical x2apic.
Sep  7 14:30:20 chcoutur kernel: [    0.080736] ..TIMER: vector=0x30 apic1=0 pin1=2 apic2=-1 pin2=-1
Sep  7 14:30:20 chcoutur kernel: [    0.080875] clocksource: tsc-early: mask: 0xffffffffffffffff max_cycles: 0x6aaaa371c79, max_idle_ns: 881590671907 ns
Sep  7 14:30:20 chcoutur kernel: [    0.081083] Calibrating delay loop (skipped) preset value.. 7399.99 BogoMIPS (lpj=3699996)
Sep  7 14:30:20 chcoutur kernel: [    0.081261] pid_max: default: 32768 minimum: 301
Sep  7 14:30:20 chcoutur kernel: [    0.081377] LSM: Security Framework initializing
Sep  7 14:30:20 chcoutur kernel: [    0.081488] SELinux:  Initializing.
Sep  7 14:30:20 chcoutur kernel: [    0.081610] Mount-cache hash table entries: 32768 (order: 6, 262144 bytes, linear)
Sep  7 14:30:20 chcoutur kernel: [    0.081789] Mountpoint-cache hash table entries: 32768 (order: 6, 262144 bytes, linear)
Sep  7 14:30:20 chcoutur kernel: [    0.082081] Last level iTLB entries: 4KB 512, 2MB 512, 4MB 256
Sep  7 14:30:20 chcoutur kernel: [    0.082081] Last level dTLB entries: 4KB 2048, 2MB 2048, 4MB 1024, 1GB 0
Sep  7 14:30:20 chcoutur kernel: [    0.082081] Spectre V1 : Mitigation: usercopy/swapgs barriers and __user pointer sanitization
Sep  7 14:30:20 chcoutur kernel: [    0.082081] Spectre V2 : Mitigation: Retpolines
Sep  7 14:30:20 chcoutur kernel: [    0.082081] Spectre V2 : Spectre v2 / SpectreRSB mitigation: Filling RSB on context switch
Sep  7 14:30:20 chcoutur kernel: [    0.082081] Spectre V2 : Spectre v2 / SpectreRSB : Filling RSB on VMEXIT
Sep  7 14:30:20 chcoutur kernel: [    0.082081] Freeing SMP alternatives memory: 44K
Sep  7 14:30:20 chcoutur kernel: [    0.185747] APIC calibration not consistent with PM-Timer: 111ms instead of 100ms
Sep  7 14:30:20 chcoutur kernel: [    0.185916] APIC delta adjusted to PM-Timer: 6305853 (7040580)
Sep  7 14:30:20 chcoutur kernel: [    0.186069] smpboot: CPU0: AMD Ryzen 5 5600X 6-Core Processor (family: 0x19, model: 0x21, stepping: 0x0)
Sep  7 14:30:20 chcoutur kernel: [    0.186081] cblist_init_generic: Setting adjustable number of callback queues.
Sep  7 14:30:20 chcoutur kernel: [    0.186081] cblist_init_generic: Setting shift to 3 and lim to 1.
Sep  7 14:30:20 chcoutur kernel: [    0.186081] Performance Events: PMU not available due to virtualization, using software events only.
Sep  7 14:30:20 chcoutur kernel: [    0.186081] rcu: Hierarchical SRCU implementation.
Sep  7 14:30:20 chcoutur kernel: [    0.186081] rcu: ^IMax phase no-delay instances is 400.
Sep  7 14:30:20 chcoutur kernel: [    0.186221] smp: Bringing up secondary CPUs ...
Sep  7 14:30:20 chcoutur kernel: [    0.186365] x86: Booting SMP configuration:
Sep  7 14:30:20 chcoutur kernel: [    0.186466] .... node  #0, CPUs:      #1 #2 #3 #4 #5
Sep  7 14:30:20 chcoutur kernel: [    0.192125] smp: Brought up 1 node, 6 CPUs
Sep  7 14:30:20 chcoutur kernel: [    0.192590] smpboot: Max logical packages: 1
Sep  7 14:30:20 chcoutur kernel: [    0.193082] smpboot: Total of 6 processors activated (44399.95 BogoMIPS)
Sep  7 14:30:20 chcoutur kernel: [    0.193355] devtmpfs: initialized
Sep  7 14:30:20 chcoutur kernel: [    0.194167] clocksource: jiffies: mask: 0xffffffff max_cycles: 0xffffffff, max_idle_ns: 1911260446275000 ns
Sep  7 14:30:20 chcoutur kernel: [    0.194310] futex hash table entries: 2048 (order: 5, 131072 bytes, linear)
Sep  7 14:30:20 chcoutur kernel: [    0.194486] PM: RTC time: 12:30:16, date: 2022-09-07
Sep  7 14:30:20 chcoutur kernel: [    0.194663] NET: Registered PF_NETLINK/PF_ROUTE protocol family
Sep  7 14:30:20 chcoutur kernel: [    0.195107] audit: initializing netlink subsys (disabled)
Sep  7 14:30:20 chcoutur kernel: [    0.195238] audit: type=2000 audit(1662553917.321:1): state=initialized audit_enabled=0 res=1
Sep  7 14:30:20 chcoutur kernel: [    0.195238] thermal_sys: Registered thermal governor 'step_wise'
Sep  7 14:30:20 chcoutur kernel: [    0.195332] thermal_sys: Registered thermal governor 'user_space'
Sep  7 14:30:20 chcoutur kernel: [    0.195477] cpuidle: using governor menu
Sep  7 14:30:20 chcoutur kernel: [    0.196146] PCI: Using configuration type 1 for base access
Sep  7 14:30:20 chcoutur kernel: [    0.196262] PCI: Using configuration type 1 for extended access
Sep  7 14:30:20 chcoutur kernel: [    0.197556] kprobes: kprobe jump-optimization is enabled. All kprobes are optimized if possible.
Sep  7 14:30:20 chcoutur kernel: [    0.198090] HugeTLB: can optimize 7 vmemmap pages for hugepages-2048kB
Sep  7 14:30:20 chcoutur kernel: [    0.198276] HugeTLB registered 2.00 MiB page size, pre-allocated 0 pages
Sep  7 14:30:20 chcoutur kernel: [    0.198497] ACPI: Added _OSI(Module Device)
Sep  7 14:30:20 chcoutur kernel: [    0.198497] ACPI: Added _OSI(Processor Device)
Sep  7 14:30:20 chcoutur kernel: [    0.198497] ACPI: Added _OSI(3.0 _SCP Extensions)
Sep  7 14:30:20 chcoutur kernel: [    0.198533] ACPI: Added _OSI(Processor Aggregator Device)
Sep  7 14:30:20 chcoutur kernel: [    0.198694] ACPI: Added _OSI(Linux-Dell-Video)
Sep  7 14:30:20 chcoutur kernel: [    0.198832] ACPI: Added _OSI(Linux-Lenovo-NV-HDMI-Audio)
Sep  7 14:30:20 chcoutur kernel: [    0.198985] ACPI: Added _OSI(Linux-HPI-Hybrid-Graphics)
Sep  7 14:30:20 chcoutur kernel: [    0.199081] ACPI: 2 ACPI AML tables successfully acquired and loaded
Sep  7 14:30:20 chcoutur kernel: [    0.249204] ACPI: Interpreter enabled
Sep  7 14:30:20 chcoutur kernel: [    0.249399] ACPI: PM: (supports S0 S5)
Sep  7 14:30:20 chcoutur kernel: [    0.249591] ACPI: Using IOAPIC for interrupt routing
Sep  7 14:30:20 chcoutur kernel: [    0.249935] PCI: Using host bridge windows from ACPI; if necessary, use "pci=nocrs" and report a bug
Sep  7 14:30:20 chcoutur kernel: [    0.249935] PCI: Using E820 reservations for host bridge windows
Sep  7 14:30:20 chcoutur kernel: [    0.249935] ACPI: Enabled 2 GPEs in block 00 to 07
Sep  7 14:30:20 chcoutur kernel: [    0.252715] ACPI: PCI Root Bridge [PCI0] (domain 0000 [bus 00-ff])
Sep  7 14:30:20 chcoutur kernel: [    0.252946] acpi PNP0A03:00: _OSC: OS supports [ExtendedConfig ASPM ClockPM Segments MSI HPX-Type3]
Sep  7 14:30:20 chcoutur kernel: [    0.253081] acpi PNP0A03:00: _OSC: platform does not support [PCIeCapability LTR]
Sep  7 14:30:20 chcoutur kernel: [    0.253285] acpi PNP0A03:00: _OSC: not requesting control; platform does not support [PCIeCapability]
Sep  7 14:30:20 chcoutur kernel: [    0.253612] acpi PNP0A03:00: _OSC: OS requested [PME PCIeCapability LTR]
Sep  7 14:30:20 chcoutur kernel: [    0.253843] acpi PNP0A03:00: _OSC: platform willing to grant [PME]
Sep  7 14:30:20 chcoutur kernel: [    0.254061] acpi PNP0A03:00: _OSC: platform retains control of PCIe features (AE_SUPPORT)
Sep  7 14:30:20 chcoutur kernel: [    0.254081] PCI host bridge to bus 0000:00
Sep  7 14:30:20 chcoutur kernel: [    0.254081] pci_bus 0000:00: root bus resource [io  0x0000-0x0cf7 window]
Sep  7 14:30:20 chcoutur kernel: [    0.254081] pci_bus 0000:00: root bus resource [io  0x0d00-0xffff window]
Sep  7 14:30:20 chcoutur kernel: [    0.254081] pci_bus 0000:00: root bus resource [mem 0x000a0000-0x000bffff window]
Sep  7 14:30:20 chcoutur kernel: [    0.254081] pci_bus 0000:00: root bus resource [mem 0xe0000000-0xfdffffff window]
Sep  7 14:30:20 chcoutur kernel: [    0.254081] pci_bus 0000:00: root bus resource [bus 00-ff]
Sep  7 14:30:20 chcoutur kernel: [    0.254081] pci 0000:00:00.0: [8086:1237] type 00 class 0x060000
Sep  7 14:30:20 chcoutur kernel: [    0.254330] pci 0000:00:01.0: [8086:7000] type 00 class 0x060100
Sep  7 14:30:20 chcoutur kernel: [    0.254784] pci 0000:00:01.1: [8086:7111] type 00 class 0x01018a
Sep  7 14:30:20 chcoutur kernel: [    0.255212] pci 0000:00:01.1: reg 0x20: [io  0xd000-0xd00f]
Sep  7 14:30:20 chcoutur kernel: [    0.255482] pci 0000:00:01.1: legacy IDE quirk: reg 0x10: [io  0x01f0-0x01f7]
Sep  7 14:30:20 chcoutur kernel: [    0.255726] pci 0000:00:01.1: legacy IDE quirk: reg 0x14: [io  0x03f6]
Sep  7 14:30:20 chcoutur kernel: [    0.255953] pci 0000:00:01.1: legacy IDE quirk: reg 0x18: [io  0x0170-0x0177]
Sep  7 14:30:20 chcoutur kernel: [    0.256081] pci 0000:00:01.1: legacy IDE quirk: reg 0x1c: [io  0x0376]
Sep  7 14:30:20 chcoutur kernel: [    0.256081] pci 0000:00:02.0: [15ad:0405] type 00 class 0x030000
Sep  7 14:30:20 chcoutur kernel: [    0.257081] pci 0000:00:02.0: reg 0x10: [io  0xd010-0xd01f]
Sep  7 14:30:20 chcoutur kernel: [    0.257104] pci 0000:00:02.0: reg 0x14: [mem 0xe0000000-0xe7ffffff pref]
Sep  7 14:30:20 chcoutur kernel: [    0.258103] pci 0000:00:02.0: reg 0x18: [mem 0xf0000000-0xf01fffff]
Sep  7 14:30:20 chcoutur kernel: [    0.261081] pci 0000:00:02.0: Video device with shadowed ROM at [mem 0x000c0000-0x000dffff]
Sep  7 14:30:20 chcoutur kernel: [    0.261081] pci 0000:00:03.0: [8086:100e] type 00 class 0x020000
Sep  7 14:30:20 chcoutur kernel: [    0.262081] pci 0000:00:03.0: reg 0x10: [mem 0xf0200000-0xf021ffff]
Sep  7 14:30:20 chcoutur kernel: [    0.263081] pci 0000:00:03.0: reg 0x18: [io  0xd020-0xd027]
Sep  7 14:30:20 chcoutur kernel: [    0.264081] pci 0000:00:04.0: [80ee:cafe] type 00 class 0x088000
Sep  7 14:30:20 chcoutur kernel: [    0.265081] pci 0000:00:04.0: reg 0x10: [io  0xd040-0xd05f]
Sep  7 14:30:20 chcoutur kernel: [    0.265138] pci 0000:00:04.0: reg 0x14: [mem 0xf0400000-0xf07fffff]
Sep  7 14:30:20 chcoutur kernel: [    0.266081] pci 0000:00:04.0: reg 0x18: [mem 0xf0800000-0xf0803fff pref]
Sep  7 14:30:20 chcoutur kernel: [    0.267319] pci 0000:00:06.0: [106b:003f] type 00 class 0x0c0310
Sep  7 14:30:20 chcoutur kernel: [    0.268081] pci 0000:00:06.0: reg 0x10: [mem 0xf0804000-0xf0804fff]
Sep  7 14:30:20 chcoutur kernel: [    0.270081] pci 0000:00:07.0: [8086:7113] type 00 class 0x068000
Sep  7 14:30:20 chcoutur kernel: [    0.270303] pci 0000:00:07.0: quirk: [io  0x4000-0x403f] claimed by PIIX4 ACPI
Sep  7 14:30:20 chcoutur kernel: [    0.270527] pci 0000:00:07.0: quirk: [io  0x4100-0x410f] claimed by PIIX4 SMB
Sep  7 14:30:20 chcoutur kernel: [    0.270906] pci 0000:00:0d.0: [8086:2829] type 00 class 0x010601
Sep  7 14:30:20 chcoutur kernel: [    0.272081] pci 0000:00:0d.0: reg 0x10: [io  0xd060-0xd067]
Sep  7 14:30:20 chcoutur kernel: [    0.272145] pci 0000:00:0d.0: reg 0x14: [io  0xd068-0xd06b]
Sep  7 14:30:20 chcoutur kernel: [    0.273081] pci 0000:00:0d.0: reg 0x18: [io  0xd070-0xd077]
Sep  7 14:30:20 chcoutur kernel: [    0.273142] pci 0000:00:0d.0: reg 0x1c: [io  0xd078-0xd07b]
Sep  7 14:30:20 chcoutur kernel: [    0.274081] pci 0000:00:0d.0: reg 0x20: [io  0xd080-0xd08f]
Sep  7 14:30:20 chcoutur kernel: [    0.274134] pci 0000:00:0d.0: reg 0x24: [mem 0xf0806000-0xf0807fff]
Sep  7 14:30:20 chcoutur kernel: [    0.275608] ACPI: PCI: Interrupt link LNKA configured for IRQ 11
Sep  7 14:30:20 chcoutur kernel: [    0.276117] ACPI: PCI: Interrupt link LNKB configured for IRQ 10
Sep  7 14:30:20 chcoutur kernel: [    0.276331] ACPI: PCI: Interrupt link LNKC configured for IRQ 9
Sep  7 14:30:20 chcoutur kernel: [    0.276549] ACPI: PCI: Interrupt link LNKD configured for IRQ 11
Sep  7 14:30:20 chcoutur kernel: [    0.276851] iommu: Default domain type: Translated 
Sep  7 14:30:20 chcoutur kernel: [    0.277047] iommu: DMA domain TLB invalidation policy: lazy mode 
Sep  7 14:30:20 chcoutur kernel: [    0.277081] SCSI subsystem initialized
Sep  7 14:30:20 chcoutur kernel: [    0.277116] libata version 3.00 loaded.
Sep  7 14:30:20 chcoutur kernel: [    0.277131] ACPI: bus type USB registered
Sep  7 14:30:20 chcoutur kernel: [    0.277337] usbcore: registered new interface driver usbfs
Sep  7 14:30:20 chcoutur kernel: [    0.277544] usbcore: registered new interface driver hub
Sep  7 14:30:20 chcoutur kernel: [    0.277752] usbcore: registered new device driver usb
Sep  7 14:30:20 chcoutur kernel: [    0.277956] pps_core: LinuxPPS API ver. 1 registered
Sep  7 14:30:20 chcoutur kernel: [    0.278081] pps_core: Software ver. 5.3.6 - Copyright 2005-2007 Rodolfo Giometti <giometti@linux.it>
Sep  7 14:30:20 chcoutur kernel: [    0.278081] PTP clock support registered
Sep  7 14:30:20 chcoutur kernel: [    0.278081] Advanced Linux Sound Architecture Driver Initialized.
Sep  7 14:30:20 chcoutur kernel: [    0.278081] NetLabel: Initializing
Sep  7 14:30:20 chcoutur kernel: [    0.278081] NetLabel:  domain hash size = 128
Sep  7 14:30:20 chcoutur kernel: [    0.278081] NetLabel:  protocols = UNLABELED CIPSOv4 CALIPSO
Sep  7 14:30:20 chcoutur kernel: [    0.278081] NetLabel:  unlabeled traffic allowed by default
Sep  7 14:30:20 chcoutur kernel: [    0.278114] PCI: Using ACPI for IRQ routing
Sep  7 14:30:20 chcoutur kernel: [    0.278230] PCI: pci_cache_line_size set to 64 bytes
Sep  7 14:30:20 chcoutur kernel: [    0.278309] e820: reserve RAM buffer [mem 0x0009fc00-0x0009ffff]
Sep  7 14:30:20 chcoutur kernel: [    0.278312] e820: reserve RAM buffer [mem 0xdfff0000-0xdfffffff]
Sep  7 14:30:20 chcoutur kernel: [    0.278322] pci 0000:00:02.0: vgaarb: setting as boot VGA device
Sep  7 14:30:20 chcoutur kernel: [    0.278322] pci 0000:00:02.0: vgaarb: bridge control possible
Sep  7 14:30:20 chcoutur kernel: [    0.278492] pci 0000:00:02.0: vgaarb: VGA device added: decodes=io+mem,owns=io+mem,locks=none
Sep  7 14:30:20 chcoutur kernel: [    0.278800] vgaarb: loaded
Sep  7 14:30:20 chcoutur kernel: [    0.279014] clocksource: Switched to clocksource kvm-clock
Sep  7 14:30:20 chcoutur kernel: [    0.279014] VFS: Disk quotas dquot_6.6.0
Sep  7 14:30:20 chcoutur kernel: [    0.279120] VFS: Dquot-cache hash table entries: 512 (order 0, 4096 bytes)
Sep  7 14:30:20 chcoutur kernel: [    0.279547] pnp: PnP ACPI init
Sep  7 14:30:20 chcoutur kernel: [    0.281102] pnp: PnP ACPI: found 2 devices
Sep  7 14:30:20 chcoutur kernel: [    0.290708] clocksource: acpi_pm: mask: 0xffffff max_cycles: 0xffffff, max_idle_ns: 2085701024 ns
Sep  7 14:30:20 chcoutur kernel: [    0.291170] NET: Registered PF_INET protocol family
Sep  7 14:30:20 chcoutur kernel: [    0.291804] IP idents hash table entries: 262144 (order: 9, 2097152 bytes, linear)
Sep  7 14:30:20 chcoutur kernel: [    0.294191] tcp_listen_portaddr_hash hash table entries: 8192 (order: 5, 131072 bytes, linear)
Sep  7 14:30:20 chcoutur kernel: [    0.294859] Table-perturb hash table entries: 65536 (order: 6, 262144 bytes, linear)
Sep  7 14:30:20 chcoutur kernel: [    0.295137] TCP established hash table entries: 131072 (order: 8, 1048576 bytes, linear)
Sep  7 14:30:20 chcoutur kernel: [    0.295620] TCP bind hash table entries: 65536 (order: 8, 1048576 bytes, linear)
Sep  7 14:30:20 chcoutur kernel: [    0.296341] TCP: Hash tables configured (established 131072 bind 65536)
Sep  7 14:30:20 chcoutur kernel: [    0.296615] UDP hash table entries: 8192 (order: 6, 262144 bytes, linear)
Sep  7 14:30:20 chcoutur kernel: [    0.296887] UDP-Lite hash table entries: 8192 (order: 6, 262144 bytes, linear)
Sep  7 14:30:20 chcoutur kernel: [    0.297252] NET: Registered PF_UNIX/PF_LOCAL protocol family
Sep  7 14:30:20 chcoutur kernel: [    0.297698] RPC: Registered named UNIX socket transport module.
Sep  7 14:30:20 chcoutur kernel: [    0.297924] RPC: Registered udp transport module.
Sep  7 14:30:20 chcoutur kernel: [    0.298117] RPC: Registered tcp transport module.
Sep  7 14:30:20 chcoutur kernel: [    0.298489] RPC: Registered tcp NFSv4.1 backchannel transport module.
Sep  7 14:30:20 chcoutur kernel: [    0.298907] pci_bus 0000:00: resource 4 [io  0x0000-0x0cf7 window]
Sep  7 14:30:20 chcoutur kernel: [    0.299091] pci_bus 0000:00: resource 5 [io  0x0d00-0xffff window]
Sep  7 14:30:20 chcoutur kernel: [    0.299279] pci_bus 0000:00: resource 6 [mem 0x000a0000-0x000bffff window]
Sep  7 14:30:20 chcoutur kernel: [    0.299470] pci_bus 0000:00: resource 7 [mem 0xe0000000-0xfdffffff window]
Sep  7 14:30:20 chcoutur kernel: [    0.299677] pci 0000:00:00.0: Limiting direct PCI/PCI transfers
Sep  7 14:30:20 chcoutur kernel: [    0.299857] pci 0000:00:01.0: Activating ISA DMA hang workarounds
Sep  7 14:30:20 chcoutur kernel: [    0.300698] PCI: CLS 0 bytes, default 64
Sep  7 14:30:20 chcoutur kernel: [    0.300888] PCI-DMA: Using software bounce buffering for IO (SWIOTLB)
Sep  7 14:30:20 chcoutur kernel: [    0.301120] software IO TLB: mapped [mem 0x00000000dbff0000-0x00000000dfff0000] (64MB)
Sep  7 14:30:20 chcoutur kernel: [    0.301490] clocksource: tsc: mask: 0xffffffffffffffff max_cycles: 0x6aaaa371c79, max_idle_ns: 881590671907 ns
Sep  7 14:30:20 chcoutur kernel: [    0.301802] clocksource: Switched to clocksource tsc
Sep  7 14:30:20 chcoutur kernel: [    0.301973] platform rtc_cmos: registered platform RTC device (no PNP device found)
Sep  7 14:30:20 chcoutur kernel: [    0.303578] Initialise system trusted keyrings
Sep  7 14:30:20 chcoutur kernel: [    0.303853] workingset: timestamp_bits=56 max_order=22 bucket_order=0
Sep  7 14:30:20 chcoutur kernel: [    0.305052] NFS: Registering the id_resolver key type
Sep  7 14:30:20 chcoutur kernel: [    0.305262] Key type id_resolver registered
Sep  7 14:30:20 chcoutur kernel: [    0.305442] Key type id_legacy registered
Sep  7 14:30:20 chcoutur kernel: [    0.305704] 9p: Installing v9fs 9p2000 file system support
Sep  7 14:30:20 chcoutur kernel: [    0.309487] Key type asymmetric registered
Sep  7 14:30:20 chcoutur kernel: [    0.309673] Asymmetric key parser 'x509' registered
Sep  7 14:30:20 chcoutur kernel: [    0.309878] Block layer SCSI generic (bsg) driver version 0.4 loaded (major 251)
Sep  7 14:30:20 chcoutur kernel: [    0.310200] io scheduler mq-deadline registered
Sep  7 14:30:20 chcoutur kernel: [    0.310390] io scheduler kyber registered
Sep  7 14:30:20 chcoutur kernel: [    0.310766] ACPI: AC: AC Adapter [AC] (on-line)
Sep  7 14:30:20 chcoutur kernel: [    0.310944] input: Power Button as /devices/LNXSYSTM:00/LNXPWRBN:00/input/input0
Sep  7 14:30:20 chcoutur kernel: [    0.311214] ACPI: button: Power Button [PWRF]
Sep  7 14:30:20 chcoutur kernel: [    0.311423] input: Sleep Button as /devices/LNXSYSTM:00/LNXSLPBN:00/input/input1
Sep  7 14:30:20 chcoutur kernel: [    0.311730] ACPI: button: Sleep Button [SLPF]
Sep  7 14:30:20 chcoutur kernel: [    0.311971] ACPI: video: Video Device [GFX0] (multi-head: yes  rom: no  post: no)
Sep  7 14:30:20 chcoutur kernel: [    0.312338] input: Video Bus as /devices/LNXSYSTM:00/LNXSYBUS:00/PNP0A03:00/LNXVIDEO:00/input/input2
Sep  7 14:30:20 chcoutur kernel: [    0.312942] Serial: 8250/16550 driver, 4 ports, IRQ sharing enabled
Sep  7 14:30:20 chcoutur kernel: [    0.313987] Non-volatile memory driver v1.3
Sep  7 14:30:20 chcoutur kernel: [    0.314218] Linux agpgart interface v0.103
Sep  7 14:30:20 chcoutur kernel: [    0.314448] ACPI: bus type drm_connector registered
Sep  7 14:30:20 chcoutur kernel: [    0.316908] loop: module loaded
Sep  7 14:30:20 chcoutur kernel: [    0.317070] ahci 0000:00:0d.0: version 3.0
Sep  7 14:30:20 chcoutur kernel: [    0.317354] ahci 0000:00:0d.0: SSS flag set, parallel bus scan disabled
Sep  7 14:30:20 chcoutur kernel: [    0.317622] ahci 0000:00:0d.0: AHCI 0001.0100 32 slots 2 ports 3 Gbps 0x3 impl SATA mode
Sep  7 14:30:20 chcoutur kernel: [    0.317865] ahci 0000:00:0d.0: flags: 64bit ncq stag only ccc 
Sep  7 14:30:20 chcoutur kernel: [    0.318507] scsi host0: ahci
Sep  7 14:30:20 chcoutur kernel: [    0.318785] scsi host1: ahci
Sep  7 14:30:20 chcoutur kernel: [    0.318926] ata1: SATA max UDMA/133 abar m8192@0xf0806000 port 0xf0806100 irq 21
Sep  7 14:30:20 chcoutur kernel: [    0.319158] ata2: SATA max UDMA/133 abar m8192@0xf0806000 port 0xf0806180 irq 21
Sep  7 14:30:20 chcoutur kernel: [    0.319391] ata_piix 0000:00:01.1: version 2.13
Sep  7 14:30:20 chcoutur kernel: [    0.319655] scsi host2: ata_piix
Sep  7 14:30:20 chcoutur kernel: [    0.319851] scsi host3: ata_piix
Sep  7 14:30:20 chcoutur kernel: [    0.319963] ata3: PATA max UDMA/33 cmd 0x1f0 ctl 0x3f6 bmdma 0xd000 irq 14
Sep  7 14:30:20 chcoutur kernel: [    0.320114] ata4: PATA max UDMA/33 cmd 0x170 ctl 0x376 bmdma 0xd008 irq 15
Sep  7 14:30:20 chcoutur kernel: [    0.320363] e100: Intel(R) PRO/100 Network Driver
Sep  7 14:30:20 chcoutur kernel: [    0.320502] e100: Copyright(c) 1999-2006 Intel Corporation
Sep  7 14:30:20 chcoutur kernel: [    0.320659] e1000: Intel(R) PRO/1000 Network Driver
Sep  7 14:30:20 chcoutur kernel: [    0.320786] e1000: Copyright (c) 1999-2006 Intel Corporation.
Sep  7 14:30:20 chcoutur kernel: [    0.474979] ata4.00: ATAPI: VBOX CD-ROM, 1.0, max UDMA/133
Sep  7 14:30:20 chcoutur kernel: [    0.475254] ata3.00: ATAPI: VBOX CD-ROM, 1.0, max UDMA/133
Sep  7 14:30:20 chcoutur kernel: [    0.614729] e1000 0000:00:03.0 eth0: (PCI:33MHz:32-bit) 08:00:27:53:6b:3a
Sep  7 14:30:20 chcoutur kernel: [    0.614883] e1000 0000:00:03.0 eth0: Intel(R) PRO/1000 Network Connection
Sep  7 14:30:20 chcoutur kernel: [    0.615041] e1000e: Intel(R) PRO/1000 Network Driver
Sep  7 14:30:20 chcoutur kernel: [    0.615169] e1000e: Copyright(c) 1999 - 2015 Intel Corporation.
Sep  7 14:30:20 chcoutur kernel: [    0.615312] sky2: driver version 1.30
Sep  7 14:30:20 chcoutur kernel: [    0.615490] ehci_hcd: USB 2.0 'Enhanced' Host Controller (EHCI) Driver
Sep  7 14:30:20 chcoutur kernel: [    0.615634] ehci-pci: EHCI PCI platform driver
Sep  7 14:30:20 chcoutur kernel: [    0.615750] ohci_hcd: USB 1.1 'Open' Host Controller (OHCI) Driver
Sep  7 14:30:20 chcoutur kernel: [    0.615890] ohci-pci: OHCI PCI platform driver
Sep  7 14:30:20 chcoutur kernel: [    0.616217] ohci-pci 0000:00:06.0: OHCI PCI host controller
Sep  7 14:30:20 chcoutur kernel: [    0.616400] ohci-pci 0000:00:06.0: new USB bus registered, assigned bus number 1
Sep  7 14:30:20 chcoutur kernel: [    0.616610] ohci-pci 0000:00:06.0: irq 22, io mem 0xf0804000
Sep  7 14:30:20 chcoutur kernel: [    0.668622] ata1: SATA link up 3.0 Gbps (SStatus 123 SControl 300)
Sep  7 14:30:20 chcoutur kernel: [    0.669112] ata1.00: ATA-6: VBOX HARDDISK, 1.0, max UDMA/133
Sep  7 14:30:20 chcoutur kernel: [    0.669422] ata1.00: 62914560 sectors, multi 128: LBA48 NCQ (depth 32)
Sep  7 14:30:20 chcoutur kernel: [    0.669760] ata1.00: configured for UDMA/133
Sep  7 14:30:20 chcoutur kernel: [    0.670045] scsi 0:0:0:0: Direct-Access     ATA      VBOX HARDDISK    1.0  PQ: 0 ANSI: 5
Sep  7 14:30:20 chcoutur kernel: [    0.670578] usb usb1: New USB device found, idVendor=1d6b, idProduct=0001, bcdDevice= 5.19
Sep  7 14:30:20 chcoutur kernel: [    0.670636] scsi 0:0:0:0: Attached scsi generic sg0 type 0
Sep  7 14:30:20 chcoutur kernel: [    0.670746] sd 0:0:0:0: [sda] 62914560 512-byte logical blocks: (32.2 GB/30.0 GiB)
Sep  7 14:30:20 chcoutur kernel: [    0.670771] sd 0:0:0:0: [sda] Write Protect is off
Sep  7 14:30:20 chcoutur kernel: [    0.670773] sd 0:0:0:0: [sda] Mode Sense: 00 3a 00 00
Sep  7 14:30:20 chcoutur kernel: [    0.670815] sd 0:0:0:0: [sda] Write cache: enabled, read cache: enabled, doesn't support DPO or FUA
Sep  7 14:30:20 chcoutur kernel: [    0.670823] usb usb1: New USB device strings: Mfr=3, Product=2, SerialNumber=1
Sep  7 14:30:20 chcoutur kernel: [    0.670864] sd 0:0:0:0: [sda] Preferred minimum I/O size 512 bytes
Sep  7 14:30:20 chcoutur kernel: [    0.672167] usb usb1: Product: OHCI PCI host controller
Sep  7 14:30:20 chcoutur kernel: [    0.672304] usb usb1: Manufacturer: Linux 5.19.2-chcoutur ohci_hcd
Sep  7 14:30:20 chcoutur kernel: [    0.672441]  sda: sda1 sda2 sda3
Sep  7 14:30:20 chcoutur kernel: [    0.672452] usb usb1: SerialNumber: 0000:00:06.0
Sep  7 14:30:20 chcoutur kernel: [    0.672697] sd 0:0:0:0: [sda] Attached SCSI disk
Sep  7 14:30:20 chcoutur kernel: [    0.672763] hub 1-0:1.0: USB hub found
Sep  7 14:30:20 chcoutur kernel: [    0.672956] hub 1-0:1.0: 12 ports detected
Sep  7 14:30:20 chcoutur kernel: [    0.673243] uhci_hcd: USB Universal Host Controller Interface driver
Sep  7 14:30:20 chcoutur kernel: [    0.673397] usbcore: registered new interface driver usblp
Sep  7 14:30:20 chcoutur kernel: [    0.673533] usbcore: registered new interface driver usb-storage
Sep  7 14:30:20 chcoutur kernel: [    0.673677] i8042: PNP: PS/2 Controller [PNP0303:PS2K,PNP0f03:PS2M] at 0x60,0x64 irq 1,12
Sep  7 14:30:20 chcoutur kernel: [    0.674256] serio: i8042 KBD port at 0x60,0x64 irq 1
Sep  7 14:30:20 chcoutur kernel: [    0.674380] serio: i8042 AUX port at 0x60,0x64 irq 12
Sep  7 14:30:20 chcoutur kernel: [    0.674867] input: AT Translated Set 2 keyboard as /devices/platform/i8042/serio0/input/input3
Sep  7 14:30:20 chcoutur kernel: [    0.675190] rtc_cmos rtc_cmos: registered as rtc0
Sep  7 14:30:20 chcoutur kernel: [    0.675356] rtc_cmos rtc_cmos: alarms up to one day, 114 bytes nvram
Sep  7 14:30:20 chcoutur kernel: [    0.675546] fail to initialize ptp_kvm
Sep  7 14:30:20 chcoutur kernel: [    0.675616] device-mapper: ioctl: 4.47.0-ioctl (2022-07-28) initialised: dm-devel@redhat.com
Sep  7 14:30:20 chcoutur kernel: [    0.676040] hid: raw HID events driver (C) Jiri Kosina
Sep  7 14:30:20 chcoutur kernel: [    0.676303] usbcore: registered new interface driver usbhid
Sep  7 14:30:20 chcoutur kernel: [    0.676430] usbhid: USB HID core driver
Sep  7 14:30:20 chcoutur kernel: [    0.677559] Initializing XFRM netlink socket
Sep  7 14:30:20 chcoutur kernel: [    0.677724] NET: Registered PF_INET6 protocol family
Sep  7 14:30:20 chcoutur kernel: [    0.678063] Segment Routing with IPv6
Sep  7 14:30:20 chcoutur kernel: [    0.678171] In-situ OAM (IOAM) with IPv6
Sep  7 14:30:20 chcoutur kernel: [    0.678284] sit: IPv6, IPv4 and MPLS over IPv4 tunneling driver
Sep  7 14:30:20 chcoutur kernel: [    0.678452] NET: Registered PF_PACKET protocol family
Sep  7 14:30:20 chcoutur kernel: [    0.678579] 9pnet: Installing 9P2000 support
Sep  7 14:30:20 chcoutur kernel: [    0.678689] Key type dns_resolver registered
Sep  7 14:30:20 chcoutur kernel: [    0.679033] IPI shorthand broadcast: enabled
Sep  7 14:30:20 chcoutur kernel: [    0.679156] sched_clock: Marking stable (660964483, 18177124)->(771534879, -92393272)
Sep  7 14:30:20 chcoutur kernel: [    0.679409] registered taskstats version 1
Sep  7 14:30:20 chcoutur kernel: [    0.679511] Loading compiled-in X.509 certificates
Sep  7 14:30:20 chcoutur kernel: [    0.679696] cryptomgr_test (83) used greatest stack depth: 15744 bytes left
Sep  7 14:30:20 chcoutur kernel: [    0.679867] cryptomgr_test (85) used greatest stack depth: 15520 bytes left
Sep  7 14:30:20 chcoutur kernel: [    0.681004] PM:   Magic number: 6:294:531
Sep  7 14:30:20 chcoutur kernel: [    0.681130] printk: console [netcon0] enabled
Sep  7 14:30:20 chcoutur kernel: [    0.681242] netconsole: network logging started
Sep  7 14:30:20 chcoutur kernel: [    0.681435] cfg80211: Loading compiled-in X.509 certificates for regulatory database
Sep  7 14:30:20 chcoutur kernel: [    0.681681] kworker/u12:4 (105) used greatest stack depth: 14712 bytes left
Sep  7 14:30:20 chcoutur kernel: [    0.681941] cfg80211: Loaded X.509 cert 'sforshee: 00b28ddf47aef9cea7'
Sep  7 14:30:20 chcoutur kernel: [    0.682089] ALSA device list:
Sep  7 14:30:20 chcoutur kernel: [    0.682182]   No soundcards found.
Sep  7 14:30:20 chcoutur kernel: [    0.682326] platform regulatory.0: Direct firmware load for regulatory.db failed with error -2
Sep  7 14:30:20 chcoutur kernel: [    0.682524] cfg80211: failed to load regulatory.db
Sep  7 14:30:20 chcoutur kernel: [    0.883141] input: ImExPS/2 Generic Explorer Mouse as /devices/platform/i8042/serio1/input/input5
Sep  7 14:30:20 chcoutur kernel: [    0.992169] usb 1-1: new full-speed USB device number 2 using ohci-pci
Sep  7 14:30:20 chcoutur kernel: [    0.992186] ata2: SATA link down (SStatus 0 SControl 300)
Sep  7 14:30:20 chcoutur kernel: [    0.992845] scsi 2:0:0:0: CD-ROM            VBOX     CD-ROM           1.0  PQ: 0 ANSI: 5
Sep  7 14:30:20 chcoutur kernel: [    1.019527] sr 2:0:0:0: [sr0] scsi3-mmc drive: 32x/32x xa/form2 tray
Sep  7 14:30:20 chcoutur kernel: [    1.019705] cdrom: Uniform CD-ROM driver Revision: 3.20
Sep  7 14:30:20 chcoutur kernel: [    1.041511] sr 2:0:0:0: Attached scsi CD-ROM sr0
Sep  7 14:30:20 chcoutur kernel: [    1.041592] sr 2:0:0:0: Attached scsi generic sg1 type 5
Sep  7 14:30:20 chcoutur kernel: [    1.042068] scsi 3:0:0:0: CD-ROM            VBOX     CD-ROM           1.0  PQ: 0 ANSI: 5
Sep  7 14:30:20 chcoutur kernel: [    1.070764] sr 3:0:0:0: [sr1] scsi3-mmc drive: 32x/32x xa/form2 tray
Sep  7 14:30:20 chcoutur kernel: [    1.099344] sr 3:0:0:0: Attached scsi CD-ROM sr1
Sep  7 14:30:20 chcoutur kernel: [    1.099461] sr 3:0:0:0: Attached scsi generic sg2 type 5
Sep  7 14:30:20 chcoutur kernel: [    1.099838] md: Waiting for all devices to be available before autodetect
Sep  7 14:30:20 chcoutur kernel: [    1.100112] md: If you don't use raid, use raid=noautodetect
Sep  7 14:30:20 chcoutur kernel: [    1.100276] md: Autodetecting RAID arrays.
Sep  7 14:30:20 chcoutur kernel: [    1.100388] md: autorun ...
Sep  7 14:30:20 chcoutur kernel: [    1.100475] md: ... autorun DONE.
Sep  7 14:30:20 chcoutur kernel: [    1.102827] EXT4-fs (sda3): mounted filesystem with ordered data mode. Quota mode: none.
Sep  7 14:30:20 chcoutur kernel: [    1.103064] VFS: Mounted root (ext4 filesystem) readonly on device 8:3.
Sep  7 14:30:20 chcoutur kernel: [    1.103644] devtmpfs: mounted
Sep  7 14:30:20 chcoutur kernel: [    1.103986] Freeing unused kernel image (initmem) memory: 1520K
Sep  7 14:30:20 chcoutur kernel: [    1.106111] Write protecting the kernel read-only data: 24576k
Sep  7 14:30:20 chcoutur kernel: [    1.106761] Freeing unused kernel image (text/rodata gap) memory: 2032K
Sep  7 14:30:20 chcoutur kernel: [    1.107214] Freeing unused kernel image (rodata/data gap) memory: 936K
Sep  7 14:30:20 chcoutur kernel: [    1.107443] Run /sbin/init as init process
Sep  7 14:30:20 chcoutur kernel: [    1.107609]   with arguments:
Sep  7 14:30:20 chcoutur kernel: [    1.107610]     /sbin/init
Sep  7 14:30:20 chcoutur kernel: [    1.107611]   with environment:
Sep  7 14:30:20 chcoutur kernel: [    1.107611]     HOME=/
Sep  7 14:30:20 chcoutur kernel: [    1.107612]     TERM=linux
Sep  7 14:30:20 chcoutur kernel: [    1.107612]     BOOT_IMAGE=/vmlinuz-5.19.2-lfs-11.2-chcoutur
Sep  7 14:30:20 chcoutur kernel: [    1.145956] stty (118) used greatest stack depth: 13704 bytes left
Sep  7 14:30:20 chcoutur kernel: [    1.153952] ls (121) used greatest stack depth: 13576 bytes left
Sep  7 14:30:20 chcoutur kernel: [    1.185158] mountpoint (143) used greatest stack depth: 13568 bytes left
Sep  7 14:30:20 chcoutur kernel: [    1.208587] ip (170) used greatest stack depth: 13056 bytes left
Sep  7 14:30:20 chcoutur kernel: <30>[    1.238257] udevd[195]: starting version 3.2.11
Sep  7 14:30:20 chcoutur kernel: <30>[    1.249591] udevd[196]: starting eudev-3.2.11
Sep  7 14:30:20 chcoutur kernel: [    1.255680] usb 1-1: New USB device found, idVendor=80ee, idProduct=0021, bcdDevice= 1.00
Sep  7 14:30:20 chcoutur kernel: [    1.255874] usb 1-1: New USB device strings: Mfr=1, Product=3, SerialNumber=0
Sep  7 14:30:20 chcoutur kernel: [    1.256029] usb 1-1: Product: USB Tablet
Sep  7 14:30:20 chcoutur kernel: [    1.256133] usb 1-1: Manufacturer: VirtualBox
Sep  7 14:30:20 chcoutur kernel: [    1.267311] input: VirtualBox USB Tablet as /devices/pci0000:00/0000:00:06.0/usb1/1-1/1-1:1.0/0003:80EE:0021.0001/input/input6
Sep  7 14:30:20 chcoutur kernel: [    1.267971] hid-generic 0003:80EE:0021.0001: input,hidraw0: USB HID v1.10 Mouse [VirtualBox USB Tablet] on usb-0000:00:06.0-1/input0
Sep  7 14:30:20 chcoutur kernel: [    1.276583] e1000 0000:00:03.0 enp0s3: renamed from eth0
Sep  7 14:30:20 chcoutur kernel: [    3.323971] Adding 4194300k swap on /dev/sda2.  Priority:1 extents:1 across:4194300k 
Sep  7 14:30:20 chcoutur kernel: [    3.333502] EXT4-fs (sda3): re-mounted. Quota mode: none.
Sep  7 14:30:20 chcoutur kernel: [    3.363772] EXT4-fs (sda3): re-mounted. Quota mode: none.
Sep  7 14:30:20 chcoutur kernel: [    3.371941] EXT4-fs (sda1): mounting ext2 file system using the ext4 subsystem
Sep  7 14:30:20 chcoutur kernel: [    3.375192] EXT4-fs (sda1): mounted filesystem without journal. Quota mode: none.
Sep  7 14:30:20 chcoutur kernel: [    3.375497] ext2 filesystem being mounted at /boot supports timestamps until 2038 (0x7fffffff)
Sep  7 14:30:20 chcoutur kernel: [    4.050723] e1000: enp0s3 NIC Link is Up 1000 Mbps Full Duplex, Flow Control: RX
Sep  7 14:30:20 chcoutur kernel: [    4.051280] IPv6: ADDRCONF(NETDEV_CHANGE): enp0s3: link becomes ready
Sep  7 14:34:02 chcoutur kernel: Kernel logging (proc) stopped.
Sep  7 14:34:02 chcoutur kernel: Kernel log daemon terminating.
Sep  7 14:36:28 chcoutur kernel: klogd 1.5.1, log source = /proc/kmsg started.
Sep  7 14:36:28 chcoutur kernel: Cannot find map file.
Sep  7 14:36:28 chcoutur kernel: Loaded 130494 symbols from 1 module.
Sep  7 14:36:28 chcoutur kernel: [    0.000000] Linux version 5.19.2-chcoutur (root@debian) (gcc (GCC) 12.2.0, GNU ld (GNU Binutils) 2.39) #1 SMP PREEMPT_DYNAMIC Wed Sep 7 14:13:58 CEST 2022
Sep  7 14:36:28 chcoutur kernel: [    0.000000] Command line: BOOT_IMAGE=/vmlinuz-5.19.2-lfs-11.2-chcoutur root=/dev/sda3 ro
Sep  7 14:36:28 chcoutur kernel: [    0.000000] [Firmware Bug]: TSC doesn't count with P0 frequency!
Sep  7 14:36:28 chcoutur kernel: [    0.000000] x86/fpu: Supporting XSAVE feature 0x001: 'x87 floating point registers'
Sep  7 14:36:28 chcoutur kernel: [    0.000000] x86/fpu: Supporting XSAVE feature 0x002: 'SSE registers'
Sep  7 14:36:28 chcoutur kernel: [    0.000000] x86/fpu: Supporting XSAVE feature 0x004: 'AVX registers'
Sep  7 14:36:28 chcoutur kernel: [    0.000000] x86/fpu: xstate_offset[2]:  576, xstate_sizes[2]:  256
Sep  7 14:36:28 chcoutur kernel: [    0.000000] x86/fpu: Enabled xstate features 0x7, context size is 832 bytes, using 'standard' format.
Sep  7 14:36:28 chcoutur kernel: [    0.000000] signal: max sigframe size: 1776
Sep  7 14:36:28 chcoutur kernel: [    0.000000] BIOS-provided physical RAM map:
Sep  7 14:36:28 chcoutur kernel: [    0.000000] BIOS-e820: [mem 0x0000000000000000-0x000000000009fbff] usable
Sep  7 14:36:28 chcoutur kernel: [    0.000000] BIOS-e820: [mem 0x000000000009fc00-0x000000000009ffff] reserved
Sep  7 14:36:28 chcoutur kernel: [    0.000000] BIOS-e820: [mem 0x00000000000f0000-0x00000000000fffff] reserved
Sep  7 14:36:28 chcoutur kernel: [    0.000000] BIOS-e820: [mem 0x0000000000100000-0x00000000dffeffff] usable
Sep  7 14:36:28 chcoutur kernel: [    0.000000] BIOS-e820: [mem 0x00000000dfff0000-0x00000000dfffffff] ACPI data
Sep  7 14:36:28 chcoutur kernel: [    0.000000] BIOS-e820: [mem 0x00000000fec00000-0x00000000fec00fff] reserved
Sep  7 14:36:28 chcoutur kernel: [    0.000000] BIOS-e820: [mem 0x00000000fee00000-0x00000000fee00fff] reserved
Sep  7 14:36:28 chcoutur kernel: [    0.000000] BIOS-e820: [mem 0x00000000fffc0000-0x00000000ffffffff] reserved
Sep  7 14:36:28 chcoutur kernel: [    0.000000] BIOS-e820: [mem 0x0000000100000000-0x000000029fffffff] usable
Sep  7 14:36:28 chcoutur kernel: [    0.000000] NX (Execute Disable) protection: active
Sep  7 14:36:28 chcoutur kernel: [    0.000000] SMBIOS 2.5 present.
Sep  7 14:36:28 chcoutur kernel: [    0.000000] DMI: innotek GmbH VirtualBox/VirtualBox, BIOS VirtualBox 12/01/2006
Sep  7 14:36:28 chcoutur kernel: [    0.000000] Hypervisor detected: KVM
Sep  7 14:36:28 chcoutur kernel: [    0.000000] kvm-clock: Using msrs 4b564d01 and 4b564d00
Sep  7 14:36:28 chcoutur kernel: [    0.000001] kvm-clock: using sched offset of 4835330161 cycles
Sep  7 14:36:28 chcoutur kernel: [    0.000002] clocksource: kvm-clock: mask: 0xffffffffffffffff max_cycles: 0x1cd42e4dffb, max_idle_ns: 881590591483 ns
Sep  7 14:36:28 chcoutur kernel: [    0.000003] tsc: Detected 3699.996 MHz processor
Sep  7 14:36:28 chcoutur kernel: [    0.000456] e820: update [mem 0x00000000-0x00000fff] usable ==> reserved
Sep  7 14:36:28 chcoutur kernel: [    0.000457] e820: remove [mem 0x000a0000-0x000fffff] usable
Sep  7 14:36:28 chcoutur kernel: [    0.000460] last_pfn = 0x2a0000 max_arch_pfn = 0x400000000
Sep  7 14:36:28 chcoutur kernel: [    0.000467] Disabled
Sep  7 14:36:28 chcoutur kernel: [    0.000467] x86/PAT: MTRRs disabled, skipping PAT initialization too.
Sep  7 14:36:28 chcoutur kernel: [    0.000469] CPU MTRRs all blank - virtualized system.
Sep  7 14:36:28 chcoutur kernel: [    0.000470] x86/PAT: Configuration [0-7]: WB  WT  UC- UC  WB  WT  UC- UC  
Sep  7 14:36:28 chcoutur kernel: [    0.000472] last_pfn = 0xdfff0 max_arch_pfn = 0x400000000
Sep  7 14:36:28 chcoutur kernel: [    0.000487] found SMP MP-table at [mem 0x0009fff0-0x0009ffff]
Sep  7 14:36:28 chcoutur kernel: [    0.000900] ACPI: Early table checksum verification disabled
Sep  7 14:36:28 chcoutur kernel: [    0.000902] ACPI: RSDP 0x00000000000E0000 000024 (v02 VBOX  )
Sep  7 14:36:28 chcoutur kernel: [    0.000905] ACPI: XSDT 0x00000000DFFF0030 00003C (v01 VBOX   VBOXXSDT 00000001 ASL  00000061)
Sep  7 14:36:28 chcoutur kernel: [    0.000907] ACPI: FACP 0x00000000DFFF00F0 0000F4 (v04 VBOX   VBOXFACP 00000001 ASL  00000061)
Sep  7 14:36:28 chcoutur kernel: [    0.000909] ACPI: DSDT 0x00000000DFFF0490 002327 (v02 VBOX   VBOXBIOS 00000002 INTL 20220331)
Sep  7 14:36:28 chcoutur kernel: [    0.000911] ACPI: FACS 0x00000000DFFF0200 000040
Sep  7 14:36:28 chcoutur kernel: [    0.000912] ACPI: FACS 0x00000000DFFF0200 000040
Sep  7 14:36:28 chcoutur kernel: [    0.000913] ACPI: APIC 0x00000000DFFF0240 00007C (v02 VBOX   VBOXAPIC 00000001 ASL  00000061)
Sep  7 14:36:28 chcoutur kernel: [    0.000914] ACPI: SSDT 0x00000000DFFF02C0 0001CC (v01 VBOX   VBOXCPUT 00000002 INTL 20220331)
Sep  7 14:36:28 chcoutur kernel: [    0.000915] ACPI: Reserving FACP table memory at [mem 0xdfff00f0-0xdfff01e3]
Sep  7 14:36:28 chcoutur kernel: [    0.000915] ACPI: Reserving DSDT table memory at [mem 0xdfff0490-0xdfff27b6]
Sep  7 14:36:28 chcoutur kernel: [    0.000916] ACPI: Reserving FACS table memory at [mem 0xdfff0200-0xdfff023f]
Sep  7 14:36:28 chcoutur kernel: [    0.000916] ACPI: Reserving FACS table memory at [mem 0xdfff0200-0xdfff023f]
Sep  7 14:36:28 chcoutur kernel: [    0.000916] ACPI: Reserving APIC table memory at [mem 0xdfff0240-0xdfff02bb]
Sep  7 14:36:28 chcoutur kernel: [    0.000917] ACPI: Reserving SSDT table memory at [mem 0xdfff02c0-0xdfff048b]
Sep  7 14:36:28 chcoutur kernel: [    0.001002] No NUMA configuration found
Sep  7 14:36:28 chcoutur kernel: [    0.001002] Faking a node at [mem 0x0000000000000000-0x000000029fffffff]
Sep  7 14:36:28 chcoutur kernel: [    0.001004] NODE_DATA(0) allocated [mem 0x29fff6000-0x29fff9fff]
Sep  7 14:36:28 chcoutur kernel: [    0.001013] Zone ranges:
Sep  7 14:36:28 chcoutur kernel: [    0.001013]   DMA      [mem 0x0000000000001000-0x0000000000ffffff]
Sep  7 14:36:28 chcoutur kernel: [    0.001014]   DMA32    [mem 0x0000000001000000-0x00000000ffffffff]
Sep  7 14:36:28 chcoutur kernel: [    0.001015]   Normal   [mem 0x0000000100000000-0x000000029fffffff]
Sep  7 14:36:28 chcoutur kernel: [    0.001015] Movable zone start for each node
Sep  7 14:36:28 chcoutur kernel: [    0.001016] Early memory node ranges
Sep  7 14:36:28 chcoutur kernel: [    0.001016]   node   0: [mem 0x0000000000001000-0x000000000009efff]
Sep  7 14:36:28 chcoutur kernel: [    0.001017]   node   0: [mem 0x0000000000100000-0x00000000dffeffff]
Sep  7 14:36:28 chcoutur kernel: [    0.001017]   node   0: [mem 0x0000000100000000-0x000000029fffffff]
Sep  7 14:36:28 chcoutur kernel: [    0.001018] Initmem setup node 0 [mem 0x0000000000001000-0x000000029fffffff]
Sep  7 14:36:28 chcoutur kernel: [    0.001249] On node 0, zone DMA: 1 pages in unavailable ranges
Sep  7 14:36:28 chcoutur kernel: [    0.001258] On node 0, zone DMA: 97 pages in unavailable ranges
Sep  7 14:36:28 chcoutur kernel: [    0.027047] On node 0, zone Normal: 16 pages in unavailable ranges
Sep  7 14:36:28 chcoutur kernel: [    0.027198] ACPI: PM-Timer IO Port: 0x4008
Sep  7 14:36:28 chcoutur kernel: [    0.027232] IOAPIC[0]: apic_id 6, version 32, address 0xfec00000, GSI 0-23
Sep  7 14:36:28 chcoutur kernel: [    0.027234] ACPI: INT_SRC_OVR (bus 0 bus_irq 0 global_irq 2 dfl dfl)
Sep  7 14:36:28 chcoutur kernel: [    0.027235] ACPI: INT_SRC_OVR (bus 0 bus_irq 9 global_irq 9 low level)
Sep  7 14:36:28 chcoutur kernel: [    0.027237] ACPI: Using ACPI (MADT) for SMP configuration information
Sep  7 14:36:28 chcoutur kernel: [    0.027241] smpboot: Allowing 6 CPUs, 0 hotplug CPUs
Sep  7 14:36:28 chcoutur kernel: [    0.027257] PM: hibernation: Registered nosave memory: [mem 0x00000000-0x00000fff]
Sep  7 14:36:28 chcoutur kernel: [    0.027258] PM: hibernation: Registered nosave memory: [mem 0x0009f000-0x0009ffff]
Sep  7 14:36:28 chcoutur kernel: [    0.027259] PM: hibernation: Registered nosave memory: [mem 0x000a0000-0x000effff]
Sep  7 14:36:28 chcoutur kernel: [    0.027259] PM: hibernation: Registered nosave memory: [mem 0x000f0000-0x000fffff]
Sep  7 14:36:28 chcoutur kernel: [    0.027260] PM: hibernation: Registered nosave memory: [mem 0xdfff0000-0xdfffffff]
Sep  7 14:36:28 chcoutur kernel: [    0.027260] PM: hibernation: Registered nosave memory: [mem 0xe0000000-0xfebfffff]
Sep  7 14:36:28 chcoutur kernel: [    0.027261] PM: hibernation: Registered nosave memory: [mem 0xfec00000-0xfec00fff]
Sep  7 14:36:28 chcoutur kernel: [    0.027261] PM: hibernation: Registered nosave memory: [mem 0xfec01000-0xfedfffff]
Sep  7 14:36:28 chcoutur kernel: [    0.027261] PM: hibernation: Registered nosave memory: [mem 0xfee00000-0xfee00fff]
Sep  7 14:36:28 chcoutur kernel: [    0.027261] PM: hibernation: Registered nosave memory: [mem 0xfee01000-0xfffbffff]
Sep  7 14:36:28 chcoutur kernel: [    0.027262] PM: hibernation: Registered nosave memory: [mem 0xfffc0000-0xffffffff]
Sep  7 14:36:28 chcoutur kernel: [    0.027263] [mem 0xe0000000-0xfebfffff] available for PCI devices
Sep  7 14:36:28 chcoutur kernel: [    0.027263] Booting paravirtualized kernel on KVM
Sep  7 14:36:28 chcoutur kernel: [    0.027265] clocksource: refined-jiffies: mask: 0xffffffff max_cycles: 0xffffffff, max_idle_ns: 1910969940391419 ns
Sep  7 14:36:28 chcoutur kernel: [    0.030092] setup_percpu: NR_CPUS:64 nr_cpumask_bits:64 nr_cpu_ids:6 nr_node_ids:1
Sep  7 14:36:28 chcoutur kernel: [    0.030543] percpu: Embedded 52 pages/cpu s176040 r8192 d28760 u262144
Sep  7 14:36:28 chcoutur kernel: [    0.030546] pcpu-alloc: s176040 r8192 d28760 u262144 alloc=1*2097152
Sep  7 14:36:28 chcoutur kernel: [    0.030547] pcpu-alloc: [0] 0 1 2 3 4 5 - - 
Sep  7 14:36:28 chcoutur kernel: [    0.030558] Fallback order for Node 0: 0 
Sep  7 14:36:28 chcoutur kernel: [    0.030560] Built 1 zonelists, mobility grouping on.  Total pages: 2580208
Sep  7 14:36:28 chcoutur kernel: [    0.030561] Policy zone: Normal
Sep  7 14:36:28 chcoutur kernel: [    0.030562] Kernel command line: BOOT_IMAGE=/vmlinuz-5.19.2-lfs-11.2-chcoutur root=/dev/sda3 ro
Sep  7 14:36:28 chcoutur kernel: [    0.030578] Unknown kernel command line parameters "BOOT_IMAGE=/vmlinuz-5.19.2-lfs-11.2-chcoutur", will be passed to user space.
Sep  7 14:36:28 chcoutur kernel: [    0.033084] Dentry cache hash table entries: 2097152 (order: 12, 16777216 bytes, linear)
Sep  7 14:36:28 chcoutur kernel: [    0.034312] Inode-cache hash table entries: 1048576 (order: 11, 8388608 bytes, linear)
Sep  7 14:36:28 chcoutur kernel: [    0.034336] mem auto-init: stack:all(zero), heap alloc:off, heap free:off
Sep  7 14:36:28 chcoutur kernel: [    0.061030] Memory: 10193468K/10485304K available (16396K kernel code, 2659K rwdata, 5208K rodata, 1520K init, 956K bss, 291576K reserved, 0K cma-reserved)
Sep  7 14:36:28 chcoutur kernel: [    0.061056] SLUB: HWalign=64, Order=0-3, MinObjects=0, CPUs=6, Nodes=1
Sep  7 14:36:28 chcoutur kernel: [    0.061878] Dynamic Preempt: voluntary
Sep  7 14:36:28 chcoutur kernel: [    0.062269] rcu: Preemptible hierarchical RCU implementation.
Sep  7 14:36:28 chcoutur kernel: [    0.062270] rcu: ^IRCU event tracing is enabled.
Sep  7 14:36:28 chcoutur kernel: [    0.062270] rcu: ^IRCU restricting CPUs from NR_CPUS=64 to nr_cpu_ids=6.
Sep  7 14:36:28 chcoutur kernel: [    0.062272] ^ITrampoline variant of Tasks RCU enabled.
Sep  7 14:36:28 chcoutur kernel: [    0.062273] rcu: RCU calculated value of scheduler-enlistment delay is 100 jiffies.
Sep  7 14:36:28 chcoutur kernel: [    0.062273] rcu: Adjusting geometry for rcu_fanout_leaf=16, nr_cpu_ids=6
Sep  7 14:36:28 chcoutur kernel: [    0.062951] NR_IRQS: 4352, nr_irqs: 472, preallocated irqs: 16
Sep  7 14:36:28 chcoutur kernel: [    0.063101] rcu: srcu_init: Setting srcu_struct sizes based on contention.
Sep  7 14:36:28 chcoutur kernel: [    0.063363] random: crng init done
Sep  7 14:36:28 chcoutur kernel: [    0.066082] Console: colour VGA+ 80x25
Sep  7 14:36:28 chcoutur kernel: [    0.080614] printk: console [tty0] enabled
Sep  7 14:36:28 chcoutur kernel: [    0.080723] ACPI: Core revision 20220331
Sep  7 14:36:28 chcoutur kernel: [    0.080873] APIC: Switch to symmetric I/O mode setup
Sep  7 14:36:28 chcoutur kernel: [    0.081112] x2apic enabled
Sep  7 14:36:28 chcoutur kernel: [    0.081306] Switched APIC routing to physical x2apic.
Sep  7 14:36:28 chcoutur kernel: [    0.082030] ..TIMER: vector=0x30 apic1=0 pin1=2 apic2=-1 pin2=-1
Sep  7 14:36:28 chcoutur kernel: [    0.082167] clocksource: tsc-early: mask: 0xffffffffffffffff max_cycles: 0x6aaaa371c79, max_idle_ns: 881590671907 ns
Sep  7 14:36:28 chcoutur kernel: [    0.082375] Calibrating delay loop (skipped) preset value.. 7399.99 BogoMIPS (lpj=3699996)
Sep  7 14:36:28 chcoutur kernel: [    0.082550] pid_max: default: 32768 minimum: 301
Sep  7 14:36:28 chcoutur kernel: [    0.082664] LSM: Security Framework initializing
Sep  7 14:36:28 chcoutur kernel: [    0.082774] SELinux:  Initializing.
Sep  7 14:36:28 chcoutur kernel: [    0.082895] Mount-cache hash table entries: 32768 (order: 6, 262144 bytes, linear)
Sep  7 14:36:28 chcoutur kernel: [    0.083074] Mountpoint-cache hash table entries: 32768 (order: 6, 262144 bytes, linear)
Sep  7 14:36:28 chcoutur kernel: [    0.083372] Last level iTLB entries: 4KB 512, 2MB 512, 4MB 256
Sep  7 14:36:28 chcoutur kernel: [    0.083372] Last level dTLB entries: 4KB 2048, 2MB 2048, 4MB 1024, 1GB 0
Sep  7 14:36:28 chcoutur kernel: [    0.083372] Spectre V1 : Mitigation: usercopy/swapgs barriers and __user pointer sanitization
Sep  7 14:36:28 chcoutur kernel: [    0.083372] Spectre V2 : Mitigation: Retpolines
Sep  7 14:36:28 chcoutur kernel: [    0.083372] Spectre V2 : Spectre v2 / SpectreRSB mitigation: Filling RSB on context switch
Sep  7 14:36:28 chcoutur kernel: [    0.083372] Spectre V2 : Spectre v2 / SpectreRSB : Filling RSB on VMEXIT
Sep  7 14:36:28 chcoutur kernel: [    0.083372] Freeing SMP alternatives memory: 44K
Sep  7 14:36:28 chcoutur kernel: [    0.186006] APIC calibration not consistent with PM-Timer: 111ms instead of 100ms
Sep  7 14:36:28 chcoutur kernel: [    0.186176] APIC delta adjusted to PM-Timer: 6305883 (7038552)
Sep  7 14:36:28 chcoutur kernel: [    0.186328] smpboot: CPU0: AMD Ryzen 5 5600X 6-Core Processor (family: 0x19, model: 0x21, stepping: 0x0)
Sep  7 14:36:28 chcoutur kernel: [    0.186372] cblist_init_generic: Setting adjustable number of callback queues.
Sep  7 14:36:28 chcoutur kernel: [    0.186372] cblist_init_generic: Setting shift to 3 and lim to 1.
Sep  7 14:36:28 chcoutur kernel: [    0.186372] Performance Events: PMU not available due to virtualization, using software events only.
Sep  7 14:36:28 chcoutur kernel: [    0.186372] rcu: Hierarchical SRCU implementation.
Sep  7 14:36:28 chcoutur kernel: [    0.186372] rcu: ^IMax phase no-delay instances is 400.
Sep  7 14:36:28 chcoutur kernel: [    0.186502] smp: Bringing up secondary CPUs ...
Sep  7 14:36:28 chcoutur kernel: [    0.187396] x86: Booting SMP configuration:
Sep  7 14:36:28 chcoutur kernel: [    0.187498] .... node  #0, CPUs:      #1 #2 #3 #4 #5
Sep  7 14:36:28 chcoutur kernel: [    0.193412] smp: Brought up 1 node, 6 CPUs
Sep  7 14:36:28 chcoutur kernel: [    0.193630] smpboot: Max logical packages: 1
Sep  7 14:36:28 chcoutur kernel: [    0.193732] smpboot: Total of 6 processors activated (44399.95 BogoMIPS)
Sep  7 14:36:28 chcoutur kernel: [    0.194375] devtmpfs: initialized
Sep  7 14:36:28 chcoutur kernel: [    0.194553] clocksource: jiffies: mask: 0xffffffff max_cycles: 0xffffffff, max_idle_ns: 1911260446275000 ns
Sep  7 14:36:28 chcoutur kernel: [    0.194599] futex hash table entries: 2048 (order: 5, 131072 bytes, linear)
Sep  7 14:36:28 chcoutur kernel: [    0.194775] PM: RTC time: 12:36:23, date: 2022-09-07
Sep  7 14:36:28 chcoutur kernel: [    0.195437] NET: Registered PF_NETLINK/PF_ROUTE protocol family
Sep  7 14:36:28 chcoutur kernel: [    0.195598] audit: initializing netlink subsys (disabled)
Sep  7 14:36:28 chcoutur kernel: [    0.195729] audit: type=2000 audit(1662554189.520:1): state=initialized audit_enabled=0 res=1
Sep  7 14:36:28 chcoutur kernel: [    0.195729] thermal_sys: Registered thermal governor 'step_wise'
Sep  7 14:36:28 chcoutur kernel: [    0.196374] thermal_sys: Registered thermal governor 'user_space'
Sep  7 14:36:28 chcoutur kernel: [    0.196518] cpuidle: using governor menu
Sep  7 14:36:28 chcoutur kernel: [    0.196729] PCI: Using configuration type 1 for base access
Sep  7 14:36:28 chcoutur kernel: [    0.197373] PCI: Using configuration type 1 for extended access
Sep  7 14:36:28 chcoutur kernel: [    0.198502] kprobes: kprobe jump-optimization is enabled. All kprobes are optimized if possible.
Sep  7 14:36:28 chcoutur kernel: [    0.198710] HugeTLB: can optimize 7 vmemmap pages for hugepages-2048kB
Sep  7 14:36:28 chcoutur kernel: [    0.198710] HugeTLB registered 2.00 MiB page size, pre-allocated 0 pages
Sep  7 14:36:28 chcoutur kernel: [    0.198773] ACPI: Added _OSI(Module Device)
Sep  7 14:36:28 chcoutur kernel: [    0.198773] ACPI: Added _OSI(Processor Device)
Sep  7 14:36:28 chcoutur kernel: [    0.198773] ACPI: Added _OSI(3.0 _SCP Extensions)
Sep  7 14:36:28 chcoutur kernel: [    0.198828] ACPI: Added _OSI(Processor Aggregator Device)
Sep  7 14:36:28 chcoutur kernel: [    0.198984] ACPI: Added _OSI(Linux-Dell-Video)
Sep  7 14:36:28 chcoutur kernel: [    0.199148] ACPI: Added _OSI(Linux-Lenovo-NV-HDMI-Audio)
Sep  7 14:36:28 chcoutur kernel: [    0.199346] ACPI: Added _OSI(Linux-HPI-Hybrid-Graphics)
Sep  7 14:36:28 chcoutur kernel: [    0.199372] ACPI: 2 ACPI AML tables successfully acquired and loaded
Sep  7 14:36:28 chcoutur kernel: [    0.200453] ACPI: Interpreter enabled
Sep  7 14:36:28 chcoutur kernel: [    0.201384] ACPI: PM: (supports S0 S5)
Sep  7 14:36:28 chcoutur kernel: [    0.201513] ACPI: Using IOAPIC for interrupt routing
Sep  7 14:36:28 chcoutur kernel: [    0.201748] PCI: Using host bridge windows from ACPI; if necessary, use "pci=nocrs" and report a bug
Sep  7 14:36:28 chcoutur kernel: [    0.201955] PCI: Using E820 reservations for host bridge windows
Sep  7 14:36:28 chcoutur kernel: [    0.202121] ACPI: Enabled 2 GPEs in block 00 to 07
Sep  7 14:36:28 chcoutur kernel: [    0.204021] ACPI: PCI Root Bridge [PCI0] (domain 0000 [bus 00-ff])
Sep  7 14:36:28 chcoutur kernel: [    0.204155] acpi PNP0A03:00: _OSC: OS supports [ExtendedConfig ASPM ClockPM Segments MSI HPX-Type3]
Sep  7 14:36:28 chcoutur kernel: [    0.204503] acpi PNP0A03:00: _OSC: platform does not support [PCIeCapability LTR]
Sep  7 14:36:28 chcoutur kernel: [    0.204803] acpi PNP0A03:00: _OSC: not requesting control; platform does not support [PCIeCapability]
Sep  7 14:36:28 chcoutur kernel: [    0.205037] acpi PNP0A03:00: _OSC: OS requested [PME PCIeCapability LTR]
Sep  7 14:36:28 chcoutur kernel: [    0.205170] acpi PNP0A03:00: _OSC: platform willing to grant [PME]
Sep  7 14:36:28 chcoutur kernel: [    0.205373] acpi PNP0A03:00: _OSC: platform retains control of PCIe features (AE_SUPPORT)
Sep  7 14:36:28 chcoutur kernel: [    0.205594] PCI host bridge to bus 0000:00
Sep  7 14:36:28 chcoutur kernel: [    0.205695] pci_bus 0000:00: root bus resource [io  0x0000-0x0cf7 window]
Sep  7 14:36:28 chcoutur kernel: [    0.205831] pci_bus 0000:00: root bus resource [io  0x0d00-0xffff window]
Sep  7 14:36:28 chcoutur kernel: [    0.205965] pci_bus 0000:00: root bus resource [mem 0x000a0000-0x000bffff window]
Sep  7 14:36:28 chcoutur kernel: [    0.206129] pci_bus 0000:00: root bus resource [mem 0xe0000000-0xfdffffff window]
Sep  7 14:36:28 chcoutur kernel: [    0.206373] pci_bus 0000:00: root bus resource [bus 00-ff]
Sep  7 14:36:28 chcoutur kernel: [    0.206616] pci 0000:00:00.0: [8086:1237] type 00 class 0x060000
Sep  7 14:36:28 chcoutur kernel: [    0.206909] pci 0000:00:01.0: [8086:7000] type 00 class 0x060100
Sep  7 14:36:28 chcoutur kernel: [    0.207469] pci 0000:00:01.1: [8086:7111] type 00 class 0x01018a
Sep  7 14:36:28 chcoutur kernel: [    0.207713] pci 0000:00:01.1: reg 0x20: [io  0xd000-0xd00f]
Sep  7 14:36:28 chcoutur kernel: [    0.207885] pci 0000:00:01.1: legacy IDE quirk: reg 0x10: [io  0x01f0-0x01f7]
Sep  7 14:36:28 chcoutur kernel: [    0.208025] pci 0000:00:01.1: legacy IDE quirk: reg 0x14: [io  0x03f6]
Sep  7 14:36:28 chcoutur kernel: [    0.208156] pci 0000:00:01.1: legacy IDE quirk: reg 0x18: [io  0x0170-0x0177]
Sep  7 14:36:28 chcoutur kernel: [    0.208373] pci 0000:00:01.1: legacy IDE quirk: reg 0x1c: [io  0x0376]
Sep  7 14:36:28 chcoutur kernel: [    0.208571] pci 0000:00:02.0: [15ad:0405] type 00 class 0x030000
Sep  7 14:36:28 chcoutur kernel: [    0.209388] pci 0000:00:02.0: reg 0x10: [io  0xd010-0xd01f]
Sep  7 14:36:28 chcoutur kernel: [    0.210390] pci 0000:00:02.0: reg 0x14: [mem 0xe0000000-0xe7ffffff pref]
Sep  7 14:36:28 chcoutur kernel: [    0.211401] pci 0000:00:02.0: reg 0x18: [mem 0xf0000000-0xf01fffff]
Sep  7 14:36:28 chcoutur kernel: [    0.216448] pci 0000:00:02.0: Video device with shadowed ROM at [mem 0x000c0000-0x000dffff]
Sep  7 14:36:28 chcoutur kernel: [    0.217374] pci 0000:00:03.0: [8086:100e] type 00 class 0x020000
Sep  7 14:36:28 chcoutur kernel: [    0.218372] pci 0000:00:03.0: reg 0x10: [mem 0xf0200000-0xf021ffff]
Sep  7 14:36:28 chcoutur kernel: [    0.219372] pci 0000:00:03.0: reg 0x18: [io  0xd020-0xd027]
Sep  7 14:36:28 chcoutur kernel: [    0.220686] pci 0000:00:04.0: [80ee:cafe] type 00 class 0x088000
Sep  7 14:36:28 chcoutur kernel: [    0.221429] pci 0000:00:04.0: reg 0x10: [io  0xd040-0xd05f]
Sep  7 14:36:28 chcoutur kernel: [    0.222387] pci 0000:00:04.0: reg 0x14: [mem 0xf0400000-0xf07fffff]
Sep  7 14:36:28 chcoutur kernel: [    0.223372] pci 0000:00:04.0: reg 0x18: [mem 0xf0800000-0xf0803fff pref]
Sep  7 14:36:28 chcoutur kernel: [    0.225372] pci 0000:00:06.0: [106b:003f] type 00 class 0x0c0310
Sep  7 14:36:28 chcoutur kernel: [    0.226372] pci 0000:00:06.0: reg 0x10: [mem 0xf0804000-0xf0804fff]
Sep  7 14:36:28 chcoutur kernel: [    0.228621] pci 0000:00:07.0: [8086:7113] type 00 class 0x068000
Sep  7 14:36:28 chcoutur kernel: [    0.229597] pci 0000:00:07.0: quirk: [io  0x4000-0x403f] claimed by PIIX4 ACPI
Sep  7 14:36:28 chcoutur kernel: [    0.229775] pci 0000:00:07.0: quirk: [io  0x4100-0x410f] claimed by PIIX4 SMB
Sep  7 14:36:28 chcoutur kernel: [    0.230455] pci 0000:00:0d.0: [8086:2829] type 00 class 0x010601
Sep  7 14:36:28 chcoutur kernel: [    0.231418] pci 0000:00:0d.0: reg 0x10: [io  0xd060-0xd067]
Sep  7 14:36:28 chcoutur kernel: [    0.232386] pci 0000:00:0d.0: reg 0x14: [io  0xd068-0xd06b]
Sep  7 14:36:28 chcoutur kernel: [    0.233372] pci 0000:00:0d.0: reg 0x18: [io  0xd070-0xd077]
Sep  7 14:36:28 chcoutur kernel: [    0.233428] pci 0000:00:0d.0: reg 0x1c: [io  0xd078-0xd07b]
Sep  7 14:36:28 chcoutur kernel: [    0.234425] pci 0000:00:0d.0: reg 0x20: [io  0xd080-0xd08f]
Sep  7 14:36:28 chcoutur kernel: [    0.235412] pci 0000:00:0d.0: reg 0x24: [mem 0xf0806000-0xf0807fff]
Sep  7 14:36:28 chcoutur kernel: [    0.237474] ACPI: PCI: Interrupt link LNKA configured for IRQ 11
Sep  7 14:36:28 chcoutur kernel: [    0.237692] ACPI: PCI: Interrupt link LNKB configured for IRQ 10
Sep  7 14:36:28 chcoutur kernel: [    0.237852] ACPI: PCI: Interrupt link LNKC configured for IRQ 9
Sep  7 14:36:28 chcoutur kernel: [    0.238006] ACPI: PCI: Interrupt link LNKD configured for IRQ 11
Sep  7 14:36:28 chcoutur kernel: [    0.238472] iommu: Default domain type: Translated 
Sep  7 14:36:28 chcoutur kernel: [    0.238584] iommu: DMA domain TLB invalidation policy: lazy mode 
Sep  7 14:36:28 chcoutur kernel: [    0.238768] SCSI subsystem initialized
Sep  7 14:36:28 chcoutur kernel: [    0.239389] libata version 3.00 loaded.
Sep  7 14:36:28 chcoutur kernel: [    0.239409] ACPI: bus type USB registered
Sep  7 14:36:28 chcoutur kernel: [    0.239524] usbcore: registered new interface driver usbfs
Sep  7 14:36:28 chcoutur kernel: [    0.239645] usbcore: registered new interface driver hub
Sep  7 14:36:28 chcoutur kernel: [    0.239763] usbcore: registered new device driver usb
Sep  7 14:36:28 chcoutur kernel: [    0.239882] pps_core: LinuxPPS API ver. 1 registered
Sep  7 14:36:28 chcoutur kernel: [    0.239994] pps_core: Software ver. 5.3.6 - Copyright 2005-2007 Rodolfo Giometti <giometti@linux.it>
Sep  7 14:36:28 chcoutur kernel: [    0.240374] PTP clock support registered
Sep  7 14:36:28 chcoutur kernel: [    0.240482] Advanced Linux Sound Architecture Driver Initialized.
Sep  7 14:36:28 chcoutur kernel: [    0.240603] NetLabel: Initializing
Sep  7 14:36:28 chcoutur kernel: [    0.240695] NetLabel:  domain hash size = 128
Sep  7 14:36:28 chcoutur kernel: [    0.241374] NetLabel:  protocols = UNLABELED CIPSOv4 CALIPSO
Sep  7 14:36:28 chcoutur kernel: [    0.241503] NetLabel:  unlabeled traffic allowed by default
Sep  7 14:36:28 chcoutur kernel: [    0.241634] PCI: Using ACPI for IRQ routing
Sep  7 14:36:28 chcoutur kernel: [    0.241634] PCI: pci_cache_line_size set to 64 bytes
Sep  7 14:36:28 chcoutur kernel: [    0.241634] e820: reserve RAM buffer [mem 0x0009fc00-0x0009ffff]
Sep  7 14:36:28 chcoutur kernel: [    0.241634] e820: reserve RAM buffer [mem 0xdfff0000-0xdfffffff]
Sep  7 14:36:28 chcoutur kernel: [    0.241634] pci 0000:00:02.0: vgaarb: setting as boot VGA device
Sep  7 14:36:28 chcoutur kernel: [    0.241634] pci 0000:00:02.0: vgaarb: bridge control possible
Sep  7 14:36:28 chcoutur kernel: [    0.241634] pci 0000:00:02.0: vgaarb: VGA device added: decodes=io+mem,owns=io+mem,locks=none
Sep  7 14:36:28 chcoutur kernel: [    0.242374] vgaarb: loaded
Sep  7 14:36:28 chcoutur kernel: [    0.267141] clocksource: Switched to clocksource kvm-clock
Sep  7 14:36:28 chcoutur kernel: [    0.267141] VFS: Disk quotas dquot_6.6.0
Sep  7 14:36:28 chcoutur kernel: [    0.267141] VFS: Dquot-cache hash table entries: 512 (order 0, 4096 bytes)
Sep  7 14:36:28 chcoutur kernel: [    0.267141] pnp: PnP ACPI init
Sep  7 14:36:28 chcoutur kernel: [    0.267650] pnp: PnP ACPI: found 2 devices
Sep  7 14:36:28 chcoutur kernel: [    0.275617] clocksource: acpi_pm: mask: 0xffffff max_cycles: 0xffffff, max_idle_ns: 2085701024 ns
Sep  7 14:36:28 chcoutur kernel: [    0.275828] NET: Registered PF_INET protocol family
Sep  7 14:36:28 chcoutur kernel: [    0.276261] IP idents hash table entries: 262144 (order: 9, 2097152 bytes, linear)
Sep  7 14:36:28 chcoutur kernel: [    0.276614] tcp_listen_portaddr_hash hash table entries: 8192 (order: 5, 131072 bytes, linear)
Sep  7 14:36:28 chcoutur kernel: [    0.276614] Table-perturb hash table entries: 65536 (order: 6, 262144 bytes, linear)
Sep  7 14:36:28 chcoutur kernel: [    0.276614] TCP established hash table entries: 131072 (order: 8, 1048576 bytes, linear)
Sep  7 14:36:28 chcoutur kernel: [    0.276614] TCP bind hash table entries: 65536 (order: 8, 1048576 bytes, linear)
Sep  7 14:36:28 chcoutur kernel: [    0.276614] TCP: Hash tables configured (established 131072 bind 65536)
Sep  7 14:36:28 chcoutur kernel: [    0.276614] UDP hash table entries: 8192 (order: 6, 262144 bytes, linear)
Sep  7 14:36:28 chcoutur kernel: [    0.276614] UDP-Lite hash table entries: 8192 (order: 6, 262144 bytes, linear)
Sep  7 14:36:28 chcoutur kernel: [    0.276614] NET: Registered PF_UNIX/PF_LOCAL protocol family
Sep  7 14:36:28 chcoutur kernel: [    0.280034] RPC: Registered named UNIX socket transport module.
Sep  7 14:36:28 chcoutur kernel: [    0.280164] RPC: Registered udp transport module.
Sep  7 14:36:28 chcoutur kernel: [    0.280280] RPC: Registered tcp transport module.
Sep  7 14:36:28 chcoutur kernel: [    0.280393] RPC: Registered tcp NFSv4.1 backchannel transport module.
Sep  7 14:36:28 chcoutur kernel: [    0.280714] pci_bus 0000:00: resource 4 [io  0x0000-0x0cf7 window]
Sep  7 14:36:28 chcoutur kernel: [    0.280848] pci_bus 0000:00: resource 5 [io  0x0d00-0xffff window]
Sep  7 14:36:28 chcoutur kernel: [    0.280984] pci_bus 0000:00: resource 6 [mem 0x000a0000-0x000bffff window]
Sep  7 14:36:28 chcoutur kernel: [    0.281122] pci_bus 0000:00: resource 7 [mem 0xe0000000-0xfdffffff window]
Sep  7 14:36:28 chcoutur kernel: [    0.281279] pci 0000:00:00.0: Limiting direct PCI/PCI transfers
Sep  7 14:36:28 chcoutur kernel: [    0.281409] pci 0000:00:01.0: Activating ISA DMA hang workarounds
Sep  7 14:36:28 chcoutur kernel: [    0.281698] PCI: CLS 0 bytes, default 64
Sep  7 14:36:28 chcoutur kernel: [    0.281698] PCI-DMA: Using software bounce buffering for IO (SWIOTLB)
Sep  7 14:36:28 chcoutur kernel: [    0.282267] software IO TLB: mapped [mem 0x00000000dbff0000-0x00000000dfff0000] (64MB)
Sep  7 14:36:28 chcoutur kernel: [    0.282610] clocksource: tsc: mask: 0xffffffffffffffff max_cycles: 0x6aaaa371c79, max_idle_ns: 881590671907 ns
Sep  7 14:36:28 chcoutur kernel: [    0.282845] clocksource: Switched to clocksource tsc
Sep  7 14:36:28 chcoutur kernel: [    0.282973] platform rtc_cmos: registered platform RTC device (no PNP device found)
Sep  7 14:36:28 chcoutur kernel: [    0.284305] Initialise system trusted keyrings
Sep  7 14:36:28 chcoutur kernel: [    0.284525] workingset: timestamp_bits=56 max_order=22 bucket_order=0
Sep  7 14:36:28 chcoutur kernel: [    0.285323] NFS: Registering the id_resolver key type
Sep  7 14:36:28 chcoutur kernel: [    0.285463] Key type id_resolver registered
Sep  7 14:36:28 chcoutur kernel: [    0.285594] Key type id_legacy registered
Sep  7 14:36:28 chcoutur kernel: [    0.285731] 9p: Installing v9fs 9p2000 file system support
Sep  7 14:36:28 chcoutur kernel: [    0.287551] Key type asymmetric registered
Sep  7 14:36:28 chcoutur kernel: [    0.287551] Asymmetric key parser 'x509' registered
Sep  7 14:36:28 chcoutur kernel: [    0.287551] Block layer SCSI generic (bsg) driver version 0.4 loaded (major 251)
Sep  7 14:36:28 chcoutur kernel: [    0.287551] io scheduler mq-deadline registered
Sep  7 14:36:28 chcoutur kernel: [    0.287551] io scheduler kyber registered
Sep  7 14:36:28 chcoutur kernel: [    0.288979] ACPI: AC: AC Adapter [AC] (on-line)
Sep  7 14:36:28 chcoutur kernel: [    0.289112] input: Power Button as /devices/LNXSYSTM:00/LNXPWRBN:00/input/input0
Sep  7 14:36:28 chcoutur kernel: [    0.289296] ACPI: button: Power Button [PWRF]
Sep  7 14:36:28 chcoutur kernel: [    0.289425] input: Sleep Button as /devices/LNXSYSTM:00/LNXSLPBN:00/input/input1
Sep  7 14:36:28 chcoutur kernel: [    0.289597] ACPI: button: Sleep Button [SLPF]
Sep  7 14:36:28 chcoutur kernel: [    0.289734] ACPI: video: Video Device [GFX0] (multi-head: yes  rom: no  post: no)
Sep  7 14:36:28 chcoutur kernel: [    0.289894] input: Video Bus as /devices/LNXSYSTM:00/LNXSYBUS:00/PNP0A03:00/LNXVIDEO:00/input/input2
Sep  7 14:36:28 chcoutur kernel: [    0.290376] Serial: 8250/16550 driver, 4 ports, IRQ sharing enabled
Sep  7 14:36:28 chcoutur kernel: [    0.290772] Non-volatile memory driver v1.3
Sep  7 14:36:28 chcoutur kernel: [    0.290877] Linux agpgart interface v0.103
Sep  7 14:36:28 chcoutur kernel: [    0.291012] ACPI: bus type drm_connector registered
Sep  7 14:36:28 chcoutur kernel: [    0.292626] loop: module loaded
Sep  7 14:36:28 chcoutur kernel: [    0.292747] ahci 0000:00:0d.0: version 3.0
Sep  7 14:36:28 chcoutur kernel: [    0.292960] ahci 0000:00:0d.0: SSS flag set, parallel bus scan disabled
Sep  7 14:36:28 chcoutur kernel: [    0.293165] ahci 0000:00:0d.0: AHCI 0001.0100 32 slots 2 ports 3 Gbps 0x3 impl SATA mode
Sep  7 14:36:28 chcoutur kernel: [    0.293344] ahci 0000:00:0d.0: flags: 64bit ncq stag only ccc 
Sep  7 14:36:28 chcoutur kernel: [    0.293706] scsi host0: ahci
Sep  7 14:36:28 chcoutur kernel: [    0.293936] scsi host1: ahci
Sep  7 14:36:28 chcoutur kernel: [    0.294437] ata1: SATA max UDMA/133 abar m8192@0xf0806000 port 0xf0806100 irq 21
Sep  7 14:36:28 chcoutur kernel: [    0.294676] ata2: SATA max UDMA/133 abar m8192@0xf0806000 port 0xf0806180 irq 21
Sep  7 14:36:28 chcoutur kernel: [    0.294865] ata_piix 0000:00:01.1: version 2.13
Sep  7 14:36:28 chcoutur kernel: [    0.295109] scsi host2: ata_piix
Sep  7 14:36:28 chcoutur kernel: [    0.295321] scsi host3: ata_piix
Sep  7 14:36:28 chcoutur kernel: [    0.295430] ata3: PATA max UDMA/33 cmd 0x1f0 ctl 0x3f6 bmdma 0xd000 irq 14
Sep  7 14:36:28 chcoutur kernel: [    0.295577] ata4: PATA max UDMA/33 cmd 0x170 ctl 0x376 bmdma 0xd008 irq 15
Sep  7 14:36:28 chcoutur kernel: [    0.295813] e100: Intel(R) PRO/100 Network Driver
Sep  7 14:36:28 chcoutur kernel: [    0.295966] e100: Copyright(c) 1999-2006 Intel Corporation
Sep  7 14:36:28 chcoutur kernel: [    0.296115] e1000: Intel(R) PRO/1000 Network Driver
Sep  7 14:36:28 chcoutur kernel: [    0.296233] e1000: Copyright (c) 1999-2006 Intel Corporation.
Sep  7 14:36:28 chcoutur kernel: [    0.449739] ata3.00: ATAPI: VBOX CD-ROM, 1.0, max UDMA/133
Sep  7 14:36:28 chcoutur kernel: [    0.450656] ata4.00: ATAPI: VBOX CD-ROM, 1.0, max UDMA/133
Sep  7 14:36:28 chcoutur kernel: [    0.597519] e1000 0000:00:03.0 eth0: (PCI:33MHz:32-bit) 08:00:27:53:6b:3a
Sep  7 14:36:28 chcoutur kernel: [    0.597670] e1000 0000:00:03.0 eth0: Intel(R) PRO/1000 Network Connection
Sep  7 14:36:28 chcoutur kernel: [    0.597828] e1000e: Intel(R) PRO/1000 Network Driver
Sep  7 14:36:28 chcoutur kernel: [    0.597949] e1000e: Copyright(c) 1999 - 2015 Intel Corporation.
Sep  7 14:36:28 chcoutur kernel: [    0.598085] sky2: driver version 1.30
Sep  7 14:36:28 chcoutur kernel: [    0.598262] ehci_hcd: USB 2.0 'Enhanced' Host Controller (EHCI) Driver
Sep  7 14:36:28 chcoutur kernel: [    0.598416] ehci-pci: EHCI PCI platform driver
Sep  7 14:36:28 chcoutur kernel: [    0.598532] ohci_hcd: USB 1.1 'Open' Host Controller (OHCI) Driver
Sep  7 14:36:28 chcoutur kernel: [    0.598672] ohci-pci: OHCI PCI platform driver
Sep  7 14:36:28 chcoutur kernel: [    0.598983] ohci-pci 0000:00:06.0: OHCI PCI host controller
Sep  7 14:36:28 chcoutur kernel: [    0.599161] ohci-pci 0000:00:06.0: new USB bus registered, assigned bus number 1
Sep  7 14:36:28 chcoutur kernel: [    0.599369] ohci-pci 0000:00:06.0: irq 22, io mem 0xf0804000
Sep  7 14:36:28 chcoutur kernel: [    0.599928] ata1: SATA link up 3.0 Gbps (SStatus 123 SControl 300)
Sep  7 14:36:28 chcoutur kernel: [    0.600163] ata1.00: ATA-6: VBOX HARDDISK, 1.0, max UDMA/133
Sep  7 14:36:28 chcoutur kernel: [    0.600340] ata1.00: 62914560 sectors, multi 128: LBA48 NCQ (depth 32)
Sep  7 14:36:28 chcoutur kernel: [    0.600594] ata1.00: configured for UDMA/133
Sep  7 14:36:28 chcoutur kernel: [    0.601114] scsi 0:0:0:0: Direct-Access     ATA      VBOX HARDDISK    1.0  PQ: 0 ANSI: 5
Sep  7 14:36:28 chcoutur kernel: [    0.601465] scsi 0:0:0:0: Attached scsi generic sg0 type 0
Sep  7 14:36:28 chcoutur kernel: [    0.601552] sd 0:0:0:0: [sda] 62914560 512-byte logical blocks: (32.2 GB/30.0 GiB)
Sep  7 14:36:28 chcoutur kernel: [    0.601882] sd 0:0:0:0: [sda] Write Protect is off
Sep  7 14:36:28 chcoutur kernel: [    0.602036] sd 0:0:0:0: [sda] Mode Sense: 00 3a 00 00
Sep  7 14:36:28 chcoutur kernel: [    0.602077] sd 0:0:0:0: [sda] Write cache: enabled, read cache: enabled, doesn't support DPO or FUA
Sep  7 14:36:28 chcoutur kernel: [    0.602391] sd 0:0:0:0: [sda] Preferred minimum I/O size 512 bytes
Sep  7 14:36:28 chcoutur kernel: [    0.603751]  sda: sda1 sda2 sda3
Sep  7 14:36:28 chcoutur kernel: [    0.604246] sd 0:0:0:0: [sda] Attached SCSI disk
Sep  7 14:36:28 chcoutur kernel: [    0.677398] usb usb1: New USB device found, idVendor=1d6b, idProduct=0001, bcdDevice= 5.19
Sep  7 14:36:28 chcoutur kernel: [    0.677639] usb usb1: New USB device strings: Mfr=3, Product=2, SerialNumber=1
Sep  7 14:36:28 chcoutur kernel: [    0.677816] usb usb1: Product: OHCI PCI host controller
Sep  7 14:36:28 chcoutur kernel: [    0.677950] usb usb1: Manufacturer: Linux 5.19.2-chcoutur ohci_hcd
Sep  7 14:36:28 chcoutur kernel: [    0.678093] usb usb1: SerialNumber: 0000:00:06.0
Sep  7 14:36:28 chcoutur kernel: [    0.678295] hub 1-0:1.0: USB hub found
Sep  7 14:36:28 chcoutur kernel: [    0.678473] hub 1-0:1.0: 12 ports detected
Sep  7 14:36:28 chcoutur kernel: [    0.678766] uhci_hcd: USB Universal Host Controller Interface driver
Sep  7 14:36:28 chcoutur kernel: [    0.678923] usbcore: registered new interface driver usblp
Sep  7 14:36:28 chcoutur kernel: [    0.679065] usbcore: registered new interface driver usb-storage
Sep  7 14:36:28 chcoutur kernel: [    0.679210] i8042: PNP: PS/2 Controller [PNP0303:PS2K,PNP0f03:PS2M] at 0x60,0x64 irq 1,12
Sep  7 14:36:28 chcoutur kernel: [    0.679737] serio: i8042 KBD port at 0x60,0x64 irq 1
Sep  7 14:36:28 chcoutur kernel: [    0.679860] serio: i8042 AUX port at 0x60,0x64 irq 12
Sep  7 14:36:28 chcoutur kernel: [    0.680320] input: AT Translated Set 2 keyboard as /devices/platform/i8042/serio0/input/input3
Sep  7 14:36:28 chcoutur kernel: [    0.680760] rtc_cmos rtc_cmos: registered as rtc0
Sep  7 14:36:28 chcoutur kernel: [    0.680892] rtc_cmos rtc_cmos: alarms up to one day, 114 bytes nvram
Sep  7 14:36:28 chcoutur kernel: [    0.681053] fail to initialize ptp_kvm
Sep  7 14:36:28 chcoutur kernel: [    0.681130] device-mapper: ioctl: 4.47.0-ioctl (2022-07-28) initialised: dm-devel@redhat.com
Sep  7 14:36:28 chcoutur kernel: [    0.681450] hid: raw HID events driver (C) Jiri Kosina
Sep  7 14:36:28 chcoutur kernel: [    0.681662] usbcore: registered new interface driver usbhid
Sep  7 14:36:28 chcoutur kernel: [    0.681790] usbhid: USB HID core driver
Sep  7 14:36:28 chcoutur kernel: [    0.683029] Initializing XFRM netlink socket
Sep  7 14:36:28 chcoutur kernel: [    0.683170] NET: Registered PF_INET6 protocol family
Sep  7 14:36:28 chcoutur kernel: [    0.683519] Segment Routing with IPv6
Sep  7 14:36:28 chcoutur kernel: [    0.683623] In-situ OAM (IOAM) with IPv6
Sep  7 14:36:28 chcoutur kernel: [    0.683742] sit: IPv6, IPv4 and MPLS over IPv4 tunneling driver
Sep  7 14:36:28 chcoutur kernel: [    0.683922] NET: Registered PF_PACKET protocol family
Sep  7 14:36:28 chcoutur kernel: [    0.684055] 9pnet: Installing 9P2000 support
Sep  7 14:36:28 chcoutur kernel: [    0.684165] Key type dns_resolver registered
Sep  7 14:36:28 chcoutur kernel: [    0.684521] IPI shorthand broadcast: enabled
Sep  7 14:36:28 chcoutur kernel: [    0.684638] sched_clock: Marking stable (665461416, 19033396)->(771778439, -87283627)
Sep  7 14:36:28 chcoutur kernel: [    0.684909] registered taskstats version 1
Sep  7 14:36:28 chcoutur kernel: [    0.685014] Loading compiled-in X.509 certificates
Sep  7 14:36:28 chcoutur kernel: [    0.685209] cryptomgr_test (82) used greatest stack depth: 15744 bytes left
Sep  7 14:36:28 chcoutur kernel: [    0.685404] cryptomgr_test (84) used greatest stack depth: 15520 bytes left
Sep  7 14:36:28 chcoutur kernel: [    0.686653] PM:   Magic number: 6:397:632
Sep  7 14:36:28 chcoutur kernel: [    0.686780] printk: console [netcon0] enabled
Sep  7 14:36:28 chcoutur kernel: [    0.686891] netconsole: network logging started
Sep  7 14:36:28 chcoutur kernel: [    0.687083] cfg80211: Loading compiled-in X.509 certificates for regulatory database
Sep  7 14:36:28 chcoutur kernel: [    0.687331] kworker/u12:4 (104) used greatest stack depth: 14712 bytes left
Sep  7 14:36:28 chcoutur kernel: [    0.687604] cfg80211: Loaded X.509 cert 'sforshee: 00b28ddf47aef9cea7'
Sep  7 14:36:28 chcoutur kernel: [    0.687752] ALSA device list:
Sep  7 14:36:28 chcoutur kernel: [    0.687843]   No soundcards found.
Sep  7 14:36:28 chcoutur kernel: [    0.687965] platform regulatory.0: Direct firmware load for regulatory.db failed with error -2
Sep  7 14:36:28 chcoutur kernel: [    0.688161] cfg80211: failed to load regulatory.db
Sep  7 14:36:28 chcoutur kernel: [    0.890875] input: ImExPS/2 Generic Explorer Mouse as /devices/platform/i8042/serio1/input/input5
Sep  7 14:36:28 chcoutur kernel: [    0.911757] ata2: SATA link down (SStatus 0 SControl 300)
Sep  7 14:36:28 chcoutur kernel: [    0.912220] scsi 2:0:0:0: CD-ROM            VBOX     CD-ROM           1.0  PQ: 0 ANSI: 5
Sep  7 14:36:28 chcoutur kernel: [    0.971996] usb 1-1: new full-speed USB device number 2 using ohci-pci
Sep  7 14:36:28 chcoutur kernel: [    0.993775] sr 2:0:0:0: [sr0] scsi3-mmc drive: 32x/32x xa/form2 tray
Sep  7 14:36:28 chcoutur kernel: [    0.993954] cdrom: Uniform CD-ROM driver Revision: 3.20
Sep  7 14:36:28 chcoutur kernel: [    1.018022] sr 2:0:0:0: Attached scsi CD-ROM sr0
Sep  7 14:36:28 chcoutur kernel: [    1.018121] sr 2:0:0:0: Attached scsi generic sg1 type 5
Sep  7 14:36:28 chcoutur kernel: [    1.018652] scsi 3:0:0:0: CD-ROM            VBOX     CD-ROM           1.0  PQ: 0 ANSI: 5
Sep  7 14:36:28 chcoutur kernel: [    1.045611] sr 3:0:0:0: [sr1] scsi3-mmc drive: 32x/32x xa/form2 tray
Sep  7 14:36:28 chcoutur kernel: [    1.078918] sr 3:0:0:0: Attached scsi CD-ROM sr1
Sep  7 14:36:28 chcoutur kernel: [    1.078986] sr 3:0:0:0: Attached scsi generic sg2 type 5
Sep  7 14:36:28 chcoutur kernel: [    1.079390] md: Waiting for all devices to be available before autodetect
Sep  7 14:36:28 chcoutur kernel: [    1.079587] md: If you don't use raid, use raid=noautodetect
Sep  7 14:36:28 chcoutur kernel: [    1.079755] md: Autodetecting RAID arrays.
Sep  7 14:36:28 chcoutur kernel: [    1.079867] md: autorun ...
Sep  7 14:36:28 chcoutur kernel: [    1.079954] md: ... autorun DONE.
Sep  7 14:36:28 chcoutur kernel: [    1.082054] EXT4-fs (sda3): INFO: recovery required on readonly filesystem
Sep  7 14:36:28 chcoutur kernel: [    1.082205] EXT4-fs (sda3): write access will be enabled during recovery
Sep  7 14:36:28 chcoutur kernel: [    1.089712] EXT4-fs (sda3): recovery complete
Sep  7 14:36:28 chcoutur kernel: [    1.091478] EXT4-fs (sda3): mounted filesystem with ordered data mode. Quota mode: none.
Sep  7 14:36:28 chcoutur kernel: [    1.091752] VFS: Mounted root (ext4 filesystem) readonly on device 8:3.
Sep  7 14:36:28 chcoutur kernel: [    1.092327] devtmpfs: mounted
Sep  7 14:36:28 chcoutur kernel: [    1.092695] Freeing unused kernel image (initmem) memory: 1520K
Sep  7 14:36:28 chcoutur kernel: [    1.092825] Write protecting the kernel read-only data: 24576k
Sep  7 14:36:28 chcoutur kernel: [    1.093289] Freeing unused kernel image (text/rodata gap) memory: 2032K
Sep  7 14:36:28 chcoutur kernel: [    1.093578] Freeing unused kernel image (rodata/data gap) memory: 936K
Sep  7 14:36:28 chcoutur kernel: [    1.093727] Run /sbin/init as init process
Sep  7 14:36:28 chcoutur kernel: [    1.093829]   with arguments:
Sep  7 14:36:28 chcoutur kernel: [    1.093829]     /sbin/init
Sep  7 14:36:28 chcoutur kernel: [    1.093830]   with environment:
Sep  7 14:36:28 chcoutur kernel: [    1.093830]     HOME=/
Sep  7 14:36:28 chcoutur kernel: [    1.093830]     TERM=linux
Sep  7 14:36:28 chcoutur kernel: [    1.093831]     BOOT_IMAGE=/vmlinuz-5.19.2-lfs-11.2-chcoutur
Sep  7 14:36:28 chcoutur kernel: [    1.125589] stty (118) used greatest stack depth: 13704 bytes left
Sep  7 14:36:28 chcoutur kernel: [    1.130084] dmesg (119) used greatest stack depth: 13576 bytes left
Sep  7 14:36:28 chcoutur kernel: [    1.181988] ip (169) used greatest stack depth: 13432 bytes left
Sep  7 14:36:28 chcoutur kernel: [    1.182535] ip (170) used greatest stack depth: 13056 bytes left
Sep  7 14:36:28 chcoutur kernel: <30>[    1.211912] udevd[195]: starting version 3.2.11
Sep  7 14:36:28 chcoutur kernel: <30>[    1.222729] udevd[196]: starting eudev-3.2.11
Sep  7 14:36:28 chcoutur kernel: [    1.237783] usb 1-1: New USB device found, idVendor=80ee, idProduct=0021, bcdDevice= 1.00
Sep  7 14:36:28 chcoutur kernel: [    1.238022] usb 1-1: New USB device strings: Mfr=1, Product=3, SerialNumber=0
Sep  7 14:36:28 chcoutur kernel: [    1.238174] usb 1-1: Product: USB Tablet
Sep  7 14:36:28 chcoutur kernel: [    1.238280] usb 1-1: Manufacturer: VirtualBox
Sep  7 14:36:28 chcoutur kernel: [    1.248285] e1000 0000:00:03.0 enp0s3: renamed from eth0
Sep  7 14:36:28 chcoutur kernel: [    1.249264] input: VirtualBox USB Tablet as /devices/pci0000:00/0000:00:06.0/usb1/1-1/1-1:1.0/0003:80EE:0021.0001/input/input6
Sep  7 14:36:28 chcoutur kernel: [    1.249607] hid-generic 0003:80EE:0021.0001: input,hidraw0: USB HID v1.10 Mouse [VirtualBox USB Tablet] on usb-0000:00:06.0-1/input0
Sep  7 14:36:28 chcoutur kernel: [    4.670518] Adding 4194300k swap on /dev/sda2.  Priority:1 extents:1 across:4194300k 
Sep  7 14:36:28 chcoutur kernel: [    4.680358] EXT4-fs (sda3): re-mounted. Quota mode: none.
Sep  7 14:36:28 chcoutur kernel: [    4.706894] EXT4-fs (sda3): re-mounted. Quota mode: none.
Sep  7 14:36:28 chcoutur kernel: [    4.714948] EXT4-fs (sda1): mounting ext2 file system using the ext4 subsystem
Sep  7 14:36:28 chcoutur kernel: [    4.715684] EXT4-fs (sda1): warning: mounting unchecked fs, running e2fsck is recommended
Sep  7 14:36:28 chcoutur kernel: [    4.717403] EXT4-fs (sda1): mounted filesystem without journal. Quota mode: none.
Sep  7 14:36:28 chcoutur kernel: [    4.717635] ext2 filesystem being mounted at /boot supports timestamps until 2038 (0x7fffffff)
Sep  7 14:36:28 chcoutur kernel: [    5.272803] e1000: enp0s3 NIC Link is Up 1000 Mbps Full Duplex, Flow Control: RX
Sep  7 14:36:28 chcoutur kernel: [    5.273347] IPv6: ADDRCONF(NETDEV_CHANGE): enp0s3: link becomes ready
Sep  7 14:37:48 chcoutur kernel: klogd 1.5.1, log source = /proc/kmsg started.
Sep  7 14:37:48 chcoutur kernel: Cannot find map file.
Sep  7 14:37:48 chcoutur kernel: Loaded 130494 symbols from 1 module.
Sep  7 14:37:48 chcoutur kernel: [    0.000000] Linux version 5.19.2-chcoutur (root@debian) (gcc (GCC) 12.2.0, GNU ld (GNU Binutils) 2.39) #1 SMP PREEMPT_DYNAMIC Wed Sep 7 14:13:58 CEST 2022
Sep  7 14:37:48 chcoutur kernel: [    0.000000] Command line: BOOT_IMAGE=/vmlinuz-5.19.2-lfs-11.2-chcoutur root=/dev/sda3 ro
Sep  7 14:37:48 chcoutur kernel: [    0.000000] [Firmware Bug]: TSC doesn't count with P0 frequency!
Sep  7 14:37:48 chcoutur kernel: [    0.000000] x86/fpu: Supporting XSAVE feature 0x001: 'x87 floating point registers'
Sep  7 14:37:48 chcoutur kernel: [    0.000000] x86/fpu: Supporting XSAVE feature 0x002: 'SSE registers'
Sep  7 14:37:48 chcoutur kernel: [    0.000000] x86/fpu: Supporting XSAVE feature 0x004: 'AVX registers'
Sep  7 14:37:48 chcoutur kernel: [    0.000000] x86/fpu: xstate_offset[2]:  576, xstate_sizes[2]:  256
Sep  7 14:37:48 chcoutur kernel: [    0.000000] x86/fpu: Enabled xstate features 0x7, context size is 832 bytes, using 'standard' format.
Sep  7 14:37:48 chcoutur kernel: [    0.000000] signal: max sigframe size: 1776
Sep  7 14:37:48 chcoutur kernel: [    0.000000] BIOS-provided physical RAM map:
Sep  7 14:37:48 chcoutur kernel: [    0.000000] BIOS-e820: [mem 0x0000000000000000-0x000000000009fbff] usable
Sep  7 14:37:48 chcoutur kernel: [    0.000000] BIOS-e820: [mem 0x000000000009fc00-0x000000000009ffff] reserved
Sep  7 14:37:48 chcoutur kernel: [    0.000000] BIOS-e820: [mem 0x00000000000f0000-0x00000000000fffff] reserved
Sep  7 14:37:48 chcoutur kernel: [    0.000000] BIOS-e820: [mem 0x0000000000100000-0x00000000dffeffff] usable
Sep  7 14:37:48 chcoutur kernel: [    0.000000] BIOS-e820: [mem 0x00000000dfff0000-0x00000000dfffffff] ACPI data
Sep  7 14:37:48 chcoutur kernel: [    0.000000] BIOS-e820: [mem 0x00000000fec00000-0x00000000fec00fff] reserved
Sep  7 14:37:48 chcoutur kernel: [    0.000000] BIOS-e820: [mem 0x00000000fee00000-0x00000000fee00fff] reserved
Sep  7 14:37:48 chcoutur kernel: [    0.000000] BIOS-e820: [mem 0x00000000fffc0000-0x00000000ffffffff] reserved
Sep  7 14:37:48 chcoutur kernel: [    0.000000] BIOS-e820: [mem 0x0000000100000000-0x000000029fffffff] usable
Sep  7 14:37:48 chcoutur kernel: [    0.000000] NX (Execute Disable) protection: active
Sep  7 14:37:48 chcoutur kernel: [    0.000000] SMBIOS 2.5 present.
Sep  7 14:37:48 chcoutur kernel: [    0.000000] DMI: innotek GmbH VirtualBox/VirtualBox, BIOS VirtualBox 12/01/2006
Sep  7 14:37:48 chcoutur kernel: [    0.000000] Hypervisor detected: KVM
Sep  7 14:37:48 chcoutur kernel: [    0.000000] kvm-clock: Using msrs 4b564d01 and 4b564d00
Sep  7 14:37:48 chcoutur kernel: [    0.000001] kvm-clock: using sched offset of 7988228120 cycles
Sep  7 14:37:48 chcoutur kernel: [    0.000002] clocksource: kvm-clock: mask: 0xffffffffffffffff max_cycles: 0x1cd42e4dffb, max_idle_ns: 881590591483 ns
Sep  7 14:37:48 chcoutur kernel: [    0.000003] tsc: Detected 3699.996 MHz processor
Sep  7 14:37:48 chcoutur kernel: [    0.000457] e820: update [mem 0x00000000-0x00000fff] usable ==> reserved
Sep  7 14:37:48 chcoutur kernel: [    0.000458] e820: remove [mem 0x000a0000-0x000fffff] usable
Sep  7 14:37:48 chcoutur kernel: [    0.000461] last_pfn = 0x2a0000 max_arch_pfn = 0x400000000
Sep  7 14:37:48 chcoutur kernel: [    0.000467] Disabled
Sep  7 14:37:48 chcoutur kernel: [    0.000468] x86/PAT: MTRRs disabled, skipping PAT initialization too.
Sep  7 14:37:48 chcoutur kernel: [    0.000469] CPU MTRRs all blank - virtualized system.
Sep  7 14:37:48 chcoutur kernel: [    0.000471] x86/PAT: Configuration [0-7]: WB  WT  UC- UC  WB  WT  UC- UC  
Sep  7 14:37:48 chcoutur kernel: [    0.000473] last_pfn = 0xdfff0 max_arch_pfn = 0x400000000
Sep  7 14:37:48 chcoutur kernel: [    0.000487] found SMP MP-table at [mem 0x0009fff0-0x0009ffff]
Sep  7 14:37:48 chcoutur kernel: [    0.000823] ACPI: Early table checksum verification disabled
Sep  7 14:37:48 chcoutur kernel: [    0.000825] ACPI: RSDP 0x00000000000E0000 000024 (v02 VBOX  )
Sep  7 14:37:48 chcoutur kernel: [    0.000827] ACPI: XSDT 0x00000000DFFF0030 00003C (v01 VBOX   VBOXXSDT 00000001 ASL  00000061)
Sep  7 14:37:48 chcoutur kernel: [    0.000830] ACPI: FACP 0x00000000DFFF00F0 0000F4 (v04 VBOX   VBOXFACP 00000001 ASL  00000061)
Sep  7 14:37:48 chcoutur kernel: [    0.000832] ACPI: DSDT 0x00000000DFFF0490 002327 (v02 VBOX   VBOXBIOS 00000002 INTL 20220331)
Sep  7 14:37:48 chcoutur kernel: [    0.000833] ACPI: FACS 0x00000000DFFF0200 000040
Sep  7 14:37:48 chcoutur kernel: [    0.000834] ACPI: FACS 0x00000000DFFF0200 000040
Sep  7 14:37:48 chcoutur kernel: [    0.000835] ACPI: APIC 0x00000000DFFF0240 00007C (v02 VBOX   VBOXAPIC 00000001 ASL  00000061)
Sep  7 14:37:48 chcoutur kernel: [    0.000836] ACPI: SSDT 0x00000000DFFF02C0 0001CC (v01 VBOX   VBOXCPUT 00000002 INTL 20220331)
Sep  7 14:37:48 chcoutur kernel: [    0.000837] ACPI: Reserving FACP table memory at [mem 0xdfff00f0-0xdfff01e3]
Sep  7 14:37:48 chcoutur kernel: [    0.000838] ACPI: Reserving DSDT table memory at [mem 0xdfff0490-0xdfff27b6]
Sep  7 14:37:48 chcoutur kernel: [    0.000838] ACPI: Reserving FACS table memory at [mem 0xdfff0200-0xdfff023f]
Sep  7 14:37:48 chcoutur kernel: [    0.000839] ACPI: Reserving FACS table memory at [mem 0xdfff0200-0xdfff023f]
Sep  7 14:37:48 chcoutur kernel: [    0.000839] ACPI: Reserving APIC table memory at [mem 0xdfff0240-0xdfff02bb]
Sep  7 14:37:48 chcoutur kernel: [    0.000839] ACPI: Reserving SSDT table memory at [mem 0xdfff02c0-0xdfff048b]
Sep  7 14:37:48 chcoutur kernel: [    0.000928] No NUMA configuration found
Sep  7 14:37:48 chcoutur kernel: [    0.000928] Faking a node at [mem 0x0000000000000000-0x000000029fffffff]
Sep  7 14:37:48 chcoutur kernel: [    0.000930] NODE_DATA(0) allocated [mem 0x29fff6000-0x29fff9fff]
Sep  7 14:37:48 chcoutur kernel: [    0.000939] Zone ranges:
Sep  7 14:37:48 chcoutur kernel: [    0.000939]   DMA      [mem 0x0000000000001000-0x0000000000ffffff]
Sep  7 14:37:48 chcoutur kernel: [    0.000940]   DMA32    [mem 0x0000000001000000-0x00000000ffffffff]
Sep  7 14:37:48 chcoutur kernel: [    0.000941]   Normal   [mem 0x0000000100000000-0x000000029fffffff]
Sep  7 14:37:48 chcoutur kernel: [    0.000941] Movable zone start for each node
Sep  7 14:37:48 chcoutur kernel: [    0.000942] Early memory node ranges
Sep  7 14:37:48 chcoutur kernel: [    0.000942]   node   0: [mem 0x0000000000001000-0x000000000009efff]
Sep  7 14:37:48 chcoutur kernel: [    0.000942]   node   0: [mem 0x0000000000100000-0x00000000dffeffff]
Sep  7 14:37:48 chcoutur kernel: [    0.000943]   node   0: [mem 0x0000000100000000-0x000000029fffffff]
Sep  7 14:37:48 chcoutur kernel: [    0.000944] Initmem setup node 0 [mem 0x0000000000001000-0x000000029fffffff]
Sep  7 14:37:48 chcoutur kernel: [    0.001165] On node 0, zone DMA: 1 pages in unavailable ranges
Sep  7 14:37:48 chcoutur kernel: [    0.001173] On node 0, zone DMA: 97 pages in unavailable ranges
Sep  7 14:37:48 chcoutur kernel: [    0.026827] On node 0, zone Normal: 16 pages in unavailable ranges
Sep  7 14:37:48 chcoutur kernel: [    0.026981] ACPI: PM-Timer IO Port: 0x4008
Sep  7 14:37:48 chcoutur kernel: [    0.027015] IOAPIC[0]: apic_id 6, version 32, address 0xfec00000, GSI 0-23
Sep  7 14:37:48 chcoutur kernel: [    0.027017] ACPI: INT_SRC_OVR (bus 0 bus_irq 0 global_irq 2 dfl dfl)
Sep  7 14:37:48 chcoutur kernel: [    0.027019] ACPI: INT_SRC_OVR (bus 0 bus_irq 9 global_irq 9 low level)
Sep  7 14:37:48 chcoutur kernel: [    0.027021] ACPI: Using ACPI (MADT) for SMP configuration information
Sep  7 14:37:48 chcoutur kernel: [    0.027025] smpboot: Allowing 6 CPUs, 0 hotplug CPUs
Sep  7 14:37:48 chcoutur kernel: [    0.027040] PM: hibernation: Registered nosave memory: [mem 0x00000000-0x00000fff]
Sep  7 14:37:48 chcoutur kernel: [    0.027042] PM: hibernation: Registered nosave memory: [mem 0x0009f000-0x0009ffff]
Sep  7 14:37:48 chcoutur kernel: [    0.027042] PM: hibernation: Registered nosave memory: [mem 0x000a0000-0x000effff]
Sep  7 14:37:48 chcoutur kernel: [    0.027042] PM: hibernation: Registered nosave memory: [mem 0x000f0000-0x000fffff]
Sep  7 14:37:48 chcoutur kernel: [    0.027043] PM: hibernation: Registered nosave memory: [mem 0xdfff0000-0xdfffffff]
Sep  7 14:37:48 chcoutur kernel: [    0.027043] PM: hibernation: Registered nosave memory: [mem 0xe0000000-0xfebfffff]
Sep  7 14:37:48 chcoutur kernel: [    0.027044] PM: hibernation: Registered nosave memory: [mem 0xfec00000-0xfec00fff]
Sep  7 14:37:48 chcoutur kernel: [    0.027044] PM: hibernation: Registered nosave memory: [mem 0xfec01000-0xfedfffff]
Sep  7 14:37:48 chcoutur kernel: [    0.027044] PM: hibernation: Registered nosave memory: [mem 0xfee00000-0xfee00fff]
Sep  7 14:37:48 chcoutur kernel: [    0.027045] PM: hibernation: Registered nosave memory: [mem 0xfee01000-0xfffbffff]
Sep  7 14:37:48 chcoutur kernel: [    0.027045] PM: hibernation: Registered nosave memory: [mem 0xfffc0000-0xffffffff]
Sep  7 14:37:48 chcoutur kernel: [    0.027046] [mem 0xe0000000-0xfebfffff] available for PCI devices
Sep  7 14:37:48 chcoutur kernel: [    0.027046] Booting paravirtualized kernel on KVM
Sep  7 14:37:48 chcoutur kernel: [    0.027048] clocksource: refined-jiffies: mask: 0xffffffff max_cycles: 0xffffffff, max_idle_ns: 1910969940391419 ns
