Sep  9 16:14:53 chcoutur kernel: [    0.000000] Linux version 6.0.0-rc4-thor_kernel (root@chcoutur) (gcc (GCC) 12.2.0, GNU ld (GNU Binutils) 2.39) #1 SMP PREEMPT_DYNAMIC Fri Sep 9 16:06:43 CEST 2022
Sep  9 16:14:53 chcoutur kernel: [    0.000000] Command line: BOOT_IMAGE=/vmlinuz-6.0-rc4-thor_kernel root=/dev/sda3 ro
Sep  9 16:14:53 chcoutur kernel: [    0.000000] [Firmware Bug]: TSC doesn't count with P0 frequency!
Sep  9 16:14:53 chcoutur kernel: [    0.000000] x86/fpu: Supporting XSAVE feature 0x001: 'x87 floating point registers'
Sep  9 16:14:53 chcoutur kernel: [    0.000000] x86/fpu: Supporting XSAVE feature 0x002: 'SSE registers'
Sep  9 16:14:53 chcoutur kernel: [    0.000000] x86/fpu: Supporting XSAVE feature 0x004: 'AVX registers'
Sep  9 16:14:53 chcoutur kernel: [    0.000000] x86/fpu: xstate_offset[2]:  576, xstate_sizes[2]:  256
Sep  9 16:14:53 chcoutur kernel: [    0.000000] x86/fpu: Enabled xstate features 0x7, context size is 832 bytes, using 'standard' format.
Sep  9 16:14:53 chcoutur kernel: [    0.000000] signal: max sigframe size: 1776
Sep  9 16:14:53 chcoutur kernel: [    0.000000] BIOS-provided physical RAM map:
Sep  9 16:14:53 chcoutur kernel: [    0.000000] BIOS-e820: [mem 0x0000000000000000-0x000000000009fbff] usable
Sep  9 16:14:53 chcoutur kernel: [    0.000000] BIOS-e820: [mem 0x000000000009fc00-0x000000000009ffff] reserved
Sep  9 16:14:53 chcoutur kernel: [    0.000000] BIOS-e820: [mem 0x00000000000f0000-0x00000000000fffff] reserved
Sep  9 16:14:53 chcoutur kernel: [    0.000000] BIOS-e820: [mem 0x0000000000100000-0x00000000dffeffff] usable
Sep  9 16:14:53 chcoutur kernel: [    0.000000] BIOS-e820: [mem 0x00000000dfff0000-0x00000000dfffffff] ACPI data
Sep  9 16:14:53 chcoutur kernel: [    0.000000] BIOS-e820: [mem 0x00000000fec00000-0x00000000fec00fff] reserved
Sep  9 16:14:53 chcoutur kernel: [    0.000000] BIOS-e820: [mem 0x00000000fee00000-0x00000000fee00fff] reserved
Sep  9 16:14:53 chcoutur kernel: [    0.000000] BIOS-e820: [mem 0x00000000fffc0000-0x00000000ffffffff] reserved
Sep  9 16:14:53 chcoutur kernel: [    0.000000] BIOS-e820: [mem 0x0000000100000000-0x000000029fffffff] usable
Sep  9 16:14:53 chcoutur kernel: [    0.000000] NX (Execute Disable) protection: active
Sep  9 16:14:53 chcoutur kernel: [    0.000000] SMBIOS 2.5 present.
Sep  9 16:14:53 chcoutur kernel: [    0.000000] DMI: innotek GmbH VirtualBox/VirtualBox, BIOS VirtualBox 12/01/2006
Sep  9 16:14:53 chcoutur kernel: [    0.000000] Hypervisor detected: KVM
Sep  9 16:14:53 chcoutur kernel: [    0.000000] kvm-clock: Using msrs 4b564d01 and 4b564d00
Sep  9 16:14:53 chcoutur kernel: [    0.000001] kvm-clock: using sched offset of 4346542129 cycles
Sep  9 16:14:53 chcoutur kernel: [    0.000002] clocksource: kvm-clock: mask: 0xffffffffffffffff max_cycles: 0x1cd42e4dffb, max_idle_ns: 881590591483 ns
Sep  9 16:14:53 chcoutur kernel: [    0.000003] tsc: Detected 3699.996 MHz processor
Sep  9 16:14:53 chcoutur kernel: [    0.000438] e820: update [mem 0x00000000-0x00000fff] usable ==> reserved
Sep  9 16:14:53 chcoutur kernel: [    0.000439] e820: remove [mem 0x000a0000-0x000fffff] usable
Sep  9 16:14:53 chcoutur kernel: [    0.000441] last_pfn = 0x2a0000 max_arch_pfn = 0x400000000
Sep  9 16:14:53 chcoutur kernel: [    0.000448] Disabled
Sep  9 16:14:53 chcoutur kernel: [    0.000449] x86/PAT: MTRRs disabled, skipping PAT initialization too.
Sep  9 16:14:53 chcoutur kernel: [    0.000450] CPU MTRRs all blank - virtualized system.
Sep  9 16:14:53 chcoutur kernel: [    0.000452] x86/PAT: Configuration [0-7]: WB  WT  UC- UC  WB  WT  UC- UC  
Sep  9 16:14:53 chcoutur kernel: [    0.000452] last_pfn = 0xdfff0 max_arch_pfn = 0x400000000
Sep  9 16:14:53 chcoutur kernel: [    0.000467] found SMP MP-table at [mem 0x0009fff0-0x0009ffff]
Sep  9 16:14:53 chcoutur kernel: [    0.000853] ACPI: Early table checksum verification disabled
Sep  9 16:14:53 chcoutur kernel: [    0.000855] ACPI: RSDP 0x00000000000E0000 000024 (v02 VBOX  )
Sep  9 16:14:53 chcoutur kernel: [    0.000857] ACPI: XSDT 0x00000000DFFF0030 00003C (v01 VBOX   VBOXXSDT 00000001 ASL  00000061)
Sep  9 16:14:53 chcoutur kernel: [    0.000859] ACPI: FACP 0x00000000DFFF00F0 0000F4 (v04 VBOX   VBOXFACP 00000001 ASL  00000061)
Sep  9 16:14:53 chcoutur kernel: [    0.000861] ACPI: DSDT 0x00000000DFFF0490 002327 (v02 VBOX   VBOXBIOS 00000002 INTL 20220331)
Sep  9 16:14:53 chcoutur kernel: [    0.000863] ACPI: FACS 0x00000000DFFF0200 000040
Sep  9 16:14:53 chcoutur kernel: [    0.000864] ACPI: FACS 0x00000000DFFF0200 000040
Sep  9 16:14:53 chcoutur kernel: [    0.000865] ACPI: APIC 0x00000000DFFF0240 00007C (v02 VBOX   VBOXAPIC 00000001 ASL  00000061)
Sep  9 16:14:53 chcoutur kernel: [    0.000866] ACPI: SSDT 0x00000000DFFF02C0 0001CC (v01 VBOX   VBOXCPUT 00000002 INTL 20220331)
Sep  9 16:14:53 chcoutur kernel: [    0.000867] ACPI: Reserving FACP table memory at [mem 0xdfff00f0-0xdfff01e3]
Sep  9 16:14:53 chcoutur kernel: [    0.000867] ACPI: Reserving DSDT table memory at [mem 0xdfff0490-0xdfff27b6]
Sep  9 16:14:53 chcoutur kernel: [    0.000868] ACPI: Reserving FACS table memory at [mem 0xdfff0200-0xdfff023f]
Sep  9 16:14:53 chcoutur kernel: [    0.000868] ACPI: Reserving FACS table memory at [mem 0xdfff0200-0xdfff023f]
Sep  9 16:14:53 chcoutur kernel: [    0.000868] ACPI: Reserving APIC table memory at [mem 0xdfff0240-0xdfff02bb]
Sep  9 16:14:53 chcoutur kernel: [    0.000869] ACPI: Reserving SSDT table memory at [mem 0xdfff02c0-0xdfff048b]
Sep  9 16:14:53 chcoutur kernel: [    0.000954] No NUMA configuration found
Sep  9 16:14:53 chcoutur kernel: [    0.000954] Faking a node at [mem 0x0000000000000000-0x000000029fffffff]
Sep  9 16:14:53 chcoutur kernel: [    0.000956] NODE_DATA(0) allocated [mem 0x29fff8000-0x29fffbfff]
Sep  9 16:14:53 chcoutur kernel: [    0.000965] Zone ranges:
Sep  9 16:14:53 chcoutur kernel: [    0.000965]   DMA      [mem 0x0000000000001000-0x0000000000ffffff]
Sep  9 16:14:53 chcoutur kernel: [    0.000966]   DMA32    [mem 0x0000000001000000-0x00000000ffffffff]
Sep  9 16:14:53 chcoutur kernel: [    0.000967]   Normal   [mem 0x0000000100000000-0x000000029fffffff]
Sep  9 16:14:53 chcoutur kernel: [    0.000967] Movable zone start for each node
Sep  9 16:14:53 chcoutur kernel: [    0.000967] Early memory node ranges
Sep  9 16:14:53 chcoutur kernel: [    0.000968]   node   0: [mem 0x0000000000001000-0x000000000009efff]
Sep  9 16:14:53 chcoutur kernel: [    0.000968]   node   0: [mem 0x0000000000100000-0x00000000dffeffff]
Sep  9 16:14:53 chcoutur kernel: [    0.000969]   node   0: [mem 0x0000000100000000-0x000000029fffffff]
Sep  9 16:14:53 chcoutur kernel: [    0.000970] Initmem setup node 0 [mem 0x0000000000001000-0x000000029fffffff]
Sep  9 16:14:53 chcoutur kernel: [    0.001208] On node 0, zone DMA: 1 pages in unavailable ranges
Sep  9 16:14:53 chcoutur kernel: [    0.001216] On node 0, zone DMA: 97 pages in unavailable ranges
Sep  9 16:14:53 chcoutur kernel: [    0.028423] On node 0, zone Normal: 16 pages in unavailable ranges
Sep  9 16:14:53 chcoutur kernel: [    0.028577] ACPI: PM-Timer IO Port: 0x4008
Sep  9 16:14:53 chcoutur kernel: [    0.028609] IOAPIC[0]: apic_id 6, version 32, address 0xfec00000, GSI 0-23
Sep  9 16:14:53 chcoutur kernel: [    0.028610] ACPI: INT_SRC_OVR (bus 0 bus_irq 0 global_irq 2 dfl dfl)
Sep  9 16:14:53 chcoutur kernel: [    0.028611] ACPI: INT_SRC_OVR (bus 0 bus_irq 9 global_irq 9 low level)
Sep  9 16:14:53 chcoutur kernel: [    0.028614] ACPI: Using ACPI (MADT) for SMP configuration information
Sep  9 16:14:53 chcoutur kernel: [    0.028617] smpboot: Allowing 6 CPUs, 0 hotplug CPUs
Sep  9 16:14:53 chcoutur kernel: [    0.028633] PM: hibernation: Registered nosave memory: [mem 0x00000000-0x00000fff]
Sep  9 16:14:53 chcoutur kernel: [    0.028634] PM: hibernation: Registered nosave memory: [mem 0x0009f000-0x0009ffff]
Sep  9 16:14:53 chcoutur kernel: [    0.028634] PM: hibernation: Registered nosave memory: [mem 0x000a0000-0x000effff]
Sep  9 16:14:53 chcoutur kernel: [    0.028635] PM: hibernation: Registered nosave memory: [mem 0x000f0000-0x000fffff]
Sep  9 16:14:53 chcoutur kernel: [    0.028635] PM: hibernation: Registered nosave memory: [mem 0xdfff0000-0xdfffffff]
Sep  9 16:14:53 chcoutur kernel: [    0.028636] PM: hibernation: Registered nosave memory: [mem 0xe0000000-0xfebfffff]
Sep  9 16:14:53 chcoutur kernel: [    0.028636] PM: hibernation: Registered nosave memory: [mem 0xfec00000-0xfec00fff]
Sep  9 16:14:53 chcoutur kernel: [    0.028636] PM: hibernation: Registered nosave memory: [mem 0xfec01000-0xfedfffff]
Sep  9 16:14:53 chcoutur kernel: [    0.028636] PM: hibernation: Registered nosave memory: [mem 0xfee00000-0xfee00fff]
Sep  9 16:14:53 chcoutur kernel: [    0.028637] PM: hibernation: Registered nosave memory: [mem 0xfee01000-0xfffbffff]
Sep  9 16:14:53 chcoutur kernel: [    0.028637] PM: hibernation: Registered nosave memory: [mem 0xfffc0000-0xffffffff]
Sep  9 16:14:53 chcoutur kernel: [    0.028638] [mem 0xe0000000-0xfebfffff] available for PCI devices
Sep  9 16:14:53 chcoutur kernel: [    0.028638] Booting paravirtualized kernel on KVM
Sep  9 16:14:53 chcoutur kernel: [    0.028640] clocksource: refined-jiffies: mask: 0xffffffff max_cycles: 0xffffffff, max_idle_ns: 1910969940391419 ns
Sep  9 16:14:53 chcoutur kernel: [    0.031467] setup_percpu: NR_CPUS:64 nr_cpumask_bits:64 nr_cpu_ids:6 nr_node_ids:1
Sep  9 16:14:53 chcoutur kernel: [    0.031950] percpu: Embedded 52 pages/cpu s176040 r8192 d28760 u262144
Sep  9 16:14:53 chcoutur kernel: [    0.031953] pcpu-alloc: s176040 r8192 d28760 u262144 alloc=1*2097152
Sep  9 16:14:53 chcoutur kernel: [    0.031954] pcpu-alloc: [0] 0 1 2 3 4 5 - - 
Sep  9 16:14:53 chcoutur kernel: [    0.031966] Fallback order for Node 0: 0 
Sep  9 16:14:53 chcoutur kernel: [    0.031967] Built 1 zonelists, mobility grouping on.  Total pages: 2580208
Sep  9 16:14:53 chcoutur kernel: [    0.031968] Policy zone: Normal
Sep  9 16:14:53 chcoutur kernel: [    0.031969] Kernel command line: BOOT_IMAGE=/vmlinuz-6.0-rc4-thor_kernel root=/dev/sda3 ro
Sep  9 16:14:53 chcoutur kernel: [    0.031985] Unknown kernel command line parameters "BOOT_IMAGE=/vmlinuz-6.0-rc4-thor_kernel", will be passed to user space.
Sep  9 16:14:53 chcoutur kernel: [    0.034742] Dentry cache hash table entries: 2097152 (order: 12, 16777216 bytes, linear)
Sep  9 16:14:53 chcoutur kernel: [    0.036093] Inode-cache hash table entries: 1048576 (order: 11, 8388608 bytes, linear)
Sep  9 16:14:53 chcoutur kernel: [    0.036112] mem auto-init: stack:all(zero), heap alloc:off, heap free:off
Sep  9 16:14:53 chcoutur kernel: [    0.036116] software IO TLB: area num 8.
Sep  9 16:14:53 chcoutur kernel: [    0.062953] Memory: 10193476K/10485304K available (16396K kernel code, 2662K rwdata, 5160K rodata, 1520K init, 988K bss, 291568K reserved, 0K cma-reserved)
Sep  9 16:14:53 chcoutur kernel: [    0.062976] SLUB: HWalign=64, Order=0-3, MinObjects=0, CPUs=6, Nodes=1
Sep  9 16:14:53 chcoutur kernel: [    0.063781] Dynamic Preempt: voluntary
Sep  9 16:14:53 chcoutur kernel: [    0.064182] rcu: Preemptible hierarchical RCU implementation.
Sep  9 16:14:53 chcoutur kernel: [    0.064183] rcu: ^IRCU event tracing is enabled.
Sep  9 16:14:53 chcoutur kernel: [    0.064184] rcu: ^IRCU restricting CPUs from NR_CPUS=64 to nr_cpu_ids=6.
Sep  9 16:14:53 chcoutur kernel: [    0.064185] ^ITrampoline variant of Tasks RCU enabled.
Sep  9 16:14:53 chcoutur kernel: [    0.064185] rcu: RCU calculated value of scheduler-enlistment delay is 100 jiffies.
Sep  9 16:14:53 chcoutur kernel: [    0.064186] rcu: Adjusting geometry for rcu_fanout_leaf=16, nr_cpu_ids=6
Sep  9 16:14:53 chcoutur kernel: [    0.064867] NR_IRQS: 4352, nr_irqs: 472, preallocated irqs: 16
Sep  9 16:14:53 chcoutur kernel: [    0.065015] rcu: srcu_init: Setting srcu_struct sizes based on contention.
Sep  9 16:14:53 chcoutur kernel: [    0.065346] random: crng init done
Sep  9 16:14:53 chcoutur kernel: [    0.068144] Console: colour VGA+ 80x25
Sep  9 16:14:53 chcoutur kernel: [    0.082938] printk: console [tty0] enabled
Sep  9 16:14:53 chcoutur kernel: [    0.083048] ACPI: Core revision 20220331
Sep  9 16:14:53 chcoutur kernel: [    0.083201] APIC: Switch to symmetric I/O mode setup
Sep  9 16:14:53 chcoutur kernel: [    0.083961] ..TIMER: vector=0x30 apic1=0 pin1=2 apic2=-1 pin2=-1
Sep  9 16:14:53 chcoutur kernel: [    0.084101] clocksource: tsc-early: mask: 0xffffffffffffffff max_cycles: 0x6aaaa371c79, max_idle_ns: 881590671907 ns
Sep  9 16:14:53 chcoutur kernel: [    0.084313] Calibrating delay loop (skipped) preset value.. 7399.99 BogoMIPS (lpj=3699996)
Sep  9 16:14:53 chcoutur kernel: [    0.084490] pid_max: default: 32768 minimum: 301
Sep  9 16:14:53 chcoutur kernel: [    0.084607] LSM: Security Framework initializing
Sep  9 16:14:53 chcoutur kernel: [    0.084718] SELinux:  Initializing.
Sep  9 16:14:53 chcoutur kernel: [    0.084839] Mount-cache hash table entries: 32768 (order: 6, 262144 bytes, linear)
Sep  9 16:14:53 chcoutur kernel: [    0.085023] Mountpoint-cache hash table entries: 32768 (order: 6, 262144 bytes, linear)
Sep  9 16:14:53 chcoutur kernel: [    0.085311] Last level iTLB entries: 4KB 512, 2MB 512, 4MB 256
Sep  9 16:14:53 chcoutur kernel: [    0.085311] Last level dTLB entries: 4KB 2048, 2MB 2048, 4MB 1024, 1GB 0
Sep  9 16:14:53 chcoutur kernel: [    0.085311] Spectre V1 : Mitigation: usercopy/swapgs barriers and __user pointer sanitization
Sep  9 16:14:53 chcoutur kernel: [    0.085311] Spectre V2 : Mitigation: Retpolines
Sep  9 16:14:53 chcoutur kernel: [    0.085311] Spectre V2 : Spectre v2 / SpectreRSB mitigation: Filling RSB on context switch
Sep  9 16:14:53 chcoutur kernel: [    0.085311] Spectre V2 : Spectre v2 / SpectreRSB : Filling RSB on VMEXIT
Sep  9 16:14:53 chcoutur kernel: [    0.085311] Freeing SMP alternatives memory: 44K
Sep  9 16:14:53 chcoutur kernel: [    0.188985] APIC calibration not consistent with PM-Timer: 111ms instead of 100ms
Sep  9 16:14:53 chcoutur kernel: [    0.189155] APIC delta adjusted to PM-Timer: 6305847 (7041207)
Sep  9 16:14:53 chcoutur kernel: [    0.189311] smpboot: CPU0: AMD Ryzen 5 5600X 6-Core Processor (family: 0x19, model: 0x21, stepping: 0x0)
Sep  9 16:14:53 chcoutur kernel: [    0.189311] cblist_init_generic: Setting adjustable number of callback queues.
Sep  9 16:14:53 chcoutur kernel: [    0.189311] cblist_init_generic: Setting shift to 3 and lim to 1.
Sep  9 16:14:53 chcoutur kernel: [    0.189311] Performance Events: PMU not available due to virtualization, using software events only.
Sep  9 16:14:53 chcoutur kernel: [    0.189311] rcu: Hierarchical SRCU implementation.
Sep  9 16:14:53 chcoutur kernel: [    0.189311] rcu: ^IMax phase no-delay instances is 400.
Sep  9 16:14:53 chcoutur kernel: [    0.189311] smp: Bringing up secondary CPUs ...
Sep  9 16:14:53 chcoutur kernel: [    0.189311] x86: Booting SMP configuration:
Sep  9 16:14:53 chcoutur kernel: [    0.189311] .... node  #0, CPUs:      #1 #2 #3 #4 #5
Sep  9 16:14:53 chcoutur kernel: [    0.194372] smp: Brought up 1 node, 6 CPUs
Sep  9 16:14:53 chcoutur kernel: [    0.194595] smpboot: Max logical packages: 1
Sep  9 16:14:53 chcoutur kernel: [    0.194699] smpboot: Total of 6 processors activated (44399.95 BogoMIPS)
Sep  9 16:14:53 chcoutur kernel: [    0.194963] devtmpfs: initialized
Sep  9 16:14:53 chcoutur kernel: [    0.195798] clocksource: jiffies: mask: 0xffffffff max_cycles: 0xffffffff, max_idle_ns: 1911260446275000 ns
Sep  9 16:14:53 chcoutur kernel: [    0.195798] futex hash table entries: 2048 (order: 5, 131072 bytes, linear)
Sep  9 16:14:53 chcoutur kernel: [    0.196313] PM: RTC time: 14:14:50, date: 2022-09-09
Sep  9 16:14:53 chcoutur kernel: [    0.196512] NET: Registered PF_NETLINK/PF_ROUTE protocol family
Sep  9 16:14:53 chcoutur kernel: [    0.196672] audit: initializing netlink subsys (disabled)
Sep  9 16:14:53 chcoutur kernel: [    0.196813] audit: type=2000 audit(1662732896.768:1): state=initialized audit_enabled=0 res=1
Sep  9 16:14:53 chcoutur kernel: [    0.196813] thermal_sys: Registered thermal governor 'step_wise'
Sep  9 16:14:53 chcoutur kernel: [    0.197313] thermal_sys: Registered thermal governor 'user_space'
Sep  9 16:14:53 chcoutur kernel: [    0.197463] cpuidle: using governor menu
Sep  9 16:14:53 chcoutur kernel: [    0.198372] PCI: Using configuration type 1 for base access
Sep  9 16:14:53 chcoutur kernel: [    0.198503] PCI: Using configuration type 1 for extended access
Sep  9 16:14:53 chcoutur kernel: [    0.199639] kprobes: kprobe jump-optimization is enabled. All kprobes are optimized if possible.
Sep  9 16:14:53 chcoutur kernel: [    0.199858] HugeTLB: registered 2.00 MiB page size, pre-allocated 0 pages
Sep  9 16:14:53 chcoutur kernel: [    0.199858] HugeTLB: 28 KiB vmemmap can be freed for a 2.00 MiB page
Sep  9 16:14:53 chcoutur kernel: [    0.200363] ACPI: Added _OSI(Module Device)
Sep  9 16:14:53 chcoutur kernel: [    0.200457] ACPI: Added _OSI(Processor Device)
Sep  9 16:14:53 chcoutur kernel: [    0.200563] ACPI: Added _OSI(3.0 _SCP Extensions)
Sep  9 16:14:53 chcoutur kernel: [    0.200676] ACPI: Added _OSI(Processor Aggregator Device)
Sep  9 16:14:53 chcoutur kernel: [    0.200795] ACPI: Added _OSI(Linux-Dell-Video)
Sep  9 16:14:53 chcoutur kernel: [    0.200901] ACPI: Added _OSI(Linux-Lenovo-NV-HDMI-Audio)
Sep  9 16:14:53 chcoutur kernel: [    0.201018] ACPI: Added _OSI(Linux-HPI-Hybrid-Graphics)
Sep  9 16:14:53 chcoutur kernel: [    0.201841] ACPI: 2 ACPI AML tables successfully acquired and loaded
Sep  9 16:14:53 chcoutur kernel: [    0.202550] ACPI: Interpreter enabled
Sep  9 16:14:53 chcoutur kernel: [    0.202550] ACPI: PM: (supports S0 S5)
Sep  9 16:14:53 chcoutur kernel: [    0.202578] ACPI: Using IOAPIC for interrupt routing
Sep  9 16:14:53 chcoutur kernel: [    0.202759] PCI: Using host bridge windows from ACPI; if necessary, use "pci=nocrs" and report a bug
Sep  9 16:14:53 chcoutur kernel: [    0.202948] PCI: Using E820 reservations for host bridge windows
Sep  9 16:14:53 chcoutur kernel: [    0.203354] ACPI: Enabled 2 GPEs in block 00 to 07
Sep  9 16:14:53 chcoutur kernel: [    0.205205] ACPI: PCI Root Bridge [PCI0] (domain 0000 [bus 00-ff])
Sep  9 16:14:53 chcoutur kernel: [    0.205325] acpi PNP0A03:00: _OSC: OS supports [ExtendedConfig ASPM ClockPM Segments MSI HPX-Type3]
Sep  9 16:14:53 chcoutur kernel: [    0.205652] acpi PNP0A03:00: _OSC: platform does not support [PCIeCapability LTR]
Sep  9 16:14:53 chcoutur kernel: [    0.205950] acpi PNP0A03:00: _OSC: not requesting control; platform does not support [PCIeCapability]
Sep  9 16:14:53 chcoutur kernel: [    0.206312] acpi PNP0A03:00: _OSC: OS requested [PME PCIeCapability LTR]
Sep  9 16:14:53 chcoutur kernel: [    0.206452] acpi PNP0A03:00: _OSC: platform willing to grant [PME]
Sep  9 16:14:53 chcoutur kernel: [    0.206581] acpi PNP0A03:00: _OSC: platform retains control of PCIe features (AE_SUPPORT)
Sep  9 16:14:53 chcoutur kernel: [    0.206804] PCI host bridge to bus 0000:00
Sep  9 16:14:53 chcoutur kernel: [    0.206907] pci_bus 0000:00: root bus resource [io  0x0000-0x0cf7 window]
Sep  9 16:14:53 chcoutur kernel: [    0.207046] pci_bus 0000:00: root bus resource [io  0x0d00-0xffff window]
Sep  9 16:14:53 chcoutur kernel: [    0.207184] pci_bus 0000:00: root bus resource [mem 0x000a0000-0x000bffff window]
Sep  9 16:14:53 chcoutur kernel: [    0.207312] pci_bus 0000:00: root bus resource [mem 0xe0000000-0xfdffffff window]
Sep  9 16:14:53 chcoutur kernel: [    0.207477] pci_bus 0000:00: root bus resource [bus 00-ff]
Sep  9 16:14:53 chcoutur kernel: [    0.207715] pci 0000:00:00.0: [8086:1237] type 00 class 0x060000
Sep  9 16:14:53 chcoutur kernel: [    0.208017] pci 0000:00:01.0: [8086:7000] type 00 class 0x060100
Sep  9 16:14:53 chcoutur kernel: [    0.208542] pci 0000:00:01.1: [8086:7111] type 00 class 0x01018a
Sep  9 16:14:53 chcoutur kernel: [    0.208793] pci 0000:00:01.1: reg 0x20: [io  0xd000-0xd00f]
Sep  9 16:14:53 chcoutur kernel: [    0.208964] pci 0000:00:01.1: legacy IDE quirk: reg 0x10: [io  0x01f0-0x01f7]
Sep  9 16:14:53 chcoutur kernel: [    0.209107] pci 0000:00:01.1: legacy IDE quirk: reg 0x14: [io  0x03f6]
Sep  9 16:14:53 chcoutur kernel: [    0.209312] pci 0000:00:01.1: legacy IDE quirk: reg 0x18: [io  0x0170-0x0177]
Sep  9 16:14:53 chcoutur kernel: [    0.209456] pci 0000:00:01.1: legacy IDE quirk: reg 0x1c: [io  0x0376]
Sep  9 16:14:53 chcoutur kernel: [    0.209658] pci 0000:00:02.0: [15ad:0405] type 00 class 0x030000
Sep  9 16:14:53 chcoutur kernel: [    0.211320] pci 0000:00:02.0: reg 0x10: [io  0xd010-0xd01f]
Sep  9 16:14:53 chcoutur kernel: [    0.213266] pci 0000:00:02.0: reg 0x14: [mem 0xe0000000-0xe7ffffff pref]
Sep  9 16:14:53 chcoutur kernel: [    0.213328] pci 0000:00:02.0: reg 0x18: [mem 0xf0000000-0xf01fffff]
Sep  9 16:14:53 chcoutur kernel: [    0.219362] pci 0000:00:02.0: Video device with shadowed ROM at [mem 0x000c0000-0x000dffff]
Sep  9 16:14:53 chcoutur kernel: [    0.219706] pci 0000:00:03.0: [8086:100e] type 00 class 0x020000
Sep  9 16:14:53 chcoutur kernel: [    0.220382] pci 0000:00:03.0: reg 0x10: [mem 0xf0200000-0xf021ffff]
Sep  9 16:14:53 chcoutur kernel: [    0.222354] pci 0000:00:03.0: reg 0x18: [io  0xd020-0xd027]
Sep  9 16:14:53 chcoutur kernel: [    0.224574] pci 0000:00:04.0: [80ee:cafe] type 00 class 0x088000
Sep  9 16:14:53 chcoutur kernel: [    0.225366] pci 0000:00:04.0: reg 0x10: [io  0xd040-0xd05f]
Sep  9 16:14:53 chcoutur kernel: [    0.226371] pci 0000:00:04.0: reg 0x14: [mem 0xf0400000-0xf07fffff]
Sep  9 16:14:53 chcoutur kernel: [    0.227387] pci 0000:00:04.0: reg 0x18: [mem 0xf0800000-0xf0803fff pref]
Sep  9 16:14:53 chcoutur kernel: [    0.231537] pci 0000:00:06.0: [106b:003f] type 00 class 0x0c0310
Sep  9 16:14:53 chcoutur kernel: [    0.232364] pci 0000:00:06.0: reg 0x10: [mem 0xf0804000-0xf0804fff]
Sep  9 16:14:53 chcoutur kernel: [    0.235534] pci 0000:00:07.0: [8086:7113] type 00 class 0x068000
Sep  9 16:14:53 chcoutur kernel: [    0.235855] pci 0000:00:07.0: quirk: [io  0x4000-0x403f] claimed by PIIX4 ACPI
Sep  9 16:14:53 chcoutur kernel: [    0.236318] pci 0000:00:07.0: quirk: [io  0x4100-0x410f] claimed by PIIX4 SMB
Sep  9 16:14:53 chcoutur kernel: [    0.236572] pci 0000:00:0d.0: [8086:2829] type 00 class 0x010601
Sep  9 16:14:53 chcoutur kernel: [    0.237369] pci 0000:00:0d.0: reg 0x10: [io  0xd060-0xd067]
Sep  9 16:14:53 chcoutur kernel: [    0.238362] pci 0000:00:0d.0: reg 0x14: [io  0xd068-0xd06b]
Sep  9 16:14:53 chcoutur kernel: [    0.239360] pci 0000:00:0d.0: reg 0x18: [io  0xd070-0xd077]
Sep  9 16:14:53 chcoutur kernel: [    0.240359] pci 0000:00:0d.0: reg 0x1c: [io  0xd078-0xd07b]
Sep  9 16:14:53 chcoutur kernel: [    0.241360] pci 0000:00:0d.0: reg 0x20: [io  0xd080-0xd08f]
Sep  9 16:14:53 chcoutur kernel: [    0.242371] pci 0000:00:0d.0: reg 0x24: [mem 0xf0806000-0xf0807fff]
Sep  9 16:14:53 chcoutur kernel: [    0.244358] ACPI: PCI: Interrupt link LNKA configured for IRQ 11
Sep  9 16:14:53 chcoutur kernel: [    0.244611] ACPI: PCI: Interrupt link LNKB configured for IRQ 10
Sep  9 16:14:53 chcoutur kernel: [    0.244774] ACPI: PCI: Interrupt link LNKC configured for IRQ 9
Sep  9 16:14:53 chcoutur kernel: [    0.244931] ACPI: PCI: Interrupt link LNKD configured for IRQ 11
Sep  9 16:14:53 chcoutur kernel: [    0.245416] iommu: Default domain type: Translated 
Sep  9 16:14:53 chcoutur kernel: [    0.245533] iommu: DMA domain TLB invalidation policy: lazy mode 
Sep  9 16:14:53 chcoutur kernel: [    0.245716] SCSI subsystem initialized
Sep  9 16:14:53 chcoutur kernel: [    0.246334] libata version 3.00 loaded.
Sep  9 16:14:53 chcoutur kernel: [    0.246356] ACPI: bus type USB registered
Sep  9 16:14:53 chcoutur kernel: [    0.246497] usbcore: registered new interface driver usbfs
Sep  9 16:14:53 chcoutur kernel: [    0.246626] usbcore: registered new interface driver hub
Sep  9 16:14:53 chcoutur kernel: [    0.246749] usbcore: registered new device driver usb
Sep  9 16:14:53 chcoutur kernel: [    0.246870] pps_core: LinuxPPS API ver. 1 registered
Sep  9 16:14:53 chcoutur kernel: [    0.247312] pps_core: Software ver. 5.3.6 - Copyright 2005-2007 Rodolfo Giometti <giometti@linux.it>
Sep  9 16:14:53 chcoutur kernel: [    0.247504] PTP clock support registered
Sep  9 16:14:53 chcoutur kernel: [    0.247617] Advanced Linux Sound Architecture Driver Initialized.
Sep  9 16:14:53 chcoutur kernel: [    0.247617] NetLabel: Initializing
Sep  9 16:14:53 chcoutur kernel: [    0.248312] NetLabel:  domain hash size = 128
Sep  9 16:14:53 chcoutur kernel: [    0.248417] NetLabel:  protocols = UNLABELED CIPSOv4 CALIPSO
Sep  9 16:14:53 chcoutur kernel: [    0.248551] NetLabel:  unlabeled traffic allowed by default
Sep  9 16:14:53 chcoutur kernel: [    0.248685] PCI: Using ACPI for IRQ routing
Sep  9 16:14:53 chcoutur kernel: [    0.248685] PCI: pci_cache_line_size set to 64 bytes
Sep  9 16:14:53 chcoutur kernel: [    0.248685] e820: reserve RAM buffer [mem 0x0009fc00-0x0009ffff]
Sep  9 16:14:53 chcoutur kernel: [    0.248685] e820: reserve RAM buffer [mem 0xdfff0000-0xdfffffff]
Sep  9 16:14:53 chcoutur kernel: [    0.248685] pci 0000:00:02.0: vgaarb: setting as boot VGA device
Sep  9 16:14:53 chcoutur kernel: [    0.248685] pci 0000:00:02.0: vgaarb: bridge control possible
Sep  9 16:14:53 chcoutur kernel: [    0.248685] pci 0000:00:02.0: vgaarb: VGA device added: decodes=io+mem,owns=io+mem,locks=none
Sep  9 16:14:53 chcoutur kernel: [    0.249312] vgaarb: loaded
Sep  9 16:14:53 chcoutur kernel: [    0.276206] clocksource: Switched to clocksource kvm-clock
Sep  9 16:14:53 chcoutur kernel: [    0.276206] VFS: Disk quotas dquot_6.6.0
Sep  9 16:14:53 chcoutur kernel: [    0.276448] VFS: Dquot-cache hash table entries: 512 (order 0, 4096 bytes)
Sep  9 16:14:53 chcoutur kernel: [    0.276615] pnp: PnP ACPI init
Sep  9 16:14:53 chcoutur kernel: [    0.276974] pnp: PnP ACPI: found 2 devices
Sep  9 16:14:53 chcoutur kernel: [    0.286816] clocksource: acpi_pm: mask: 0xffffff max_cycles: 0xffffff, max_idle_ns: 2085701024 ns
Sep  9 16:14:53 chcoutur kernel: [    0.287023] NET: Registered PF_INET protocol family
Sep  9 16:14:53 chcoutur kernel: [    0.287476] IP idents hash table entries: 262144 (order: 9, 2097152 bytes, linear)
Sep  9 16:14:53 chcoutur kernel: [    0.287812] tcp_listen_portaddr_hash hash table entries: 8192 (order: 5, 131072 bytes, linear)
Sep  9 16:14:53 chcoutur kernel: [    0.287812] Table-perturb hash table entries: 65536 (order: 6, 262144 bytes, linear)
Sep  9 16:14:53 chcoutur kernel: [    0.287812] TCP established hash table entries: 131072 (order: 8, 1048576 bytes, linear)
Sep  9 16:14:53 chcoutur kernel: [    0.287812] TCP bind hash table entries: 65536 (order: 8, 1048576 bytes, linear)
Sep  9 16:14:53 chcoutur kernel: [    0.287812] TCP: Hash tables configured (established 131072 bind 65536)
Sep  9 16:14:53 chcoutur kernel: [    0.287812] UDP hash table entries: 8192 (order: 6, 262144 bytes, linear)
Sep  9 16:14:53 chcoutur kernel: [    0.287812] UDP-Lite hash table entries: 8192 (order: 6, 262144 bytes, linear)
Sep  9 16:14:53 chcoutur kernel: [    0.287812] NET: Registered PF_UNIX/PF_LOCAL protocol family
Sep  9 16:14:53 chcoutur kernel: [    0.291390] RPC: Registered named UNIX socket transport module.
Sep  9 16:14:53 chcoutur kernel: [    0.291522] RPC: Registered udp transport module.
Sep  9 16:14:53 chcoutur kernel: [    0.291631] RPC: Registered tcp transport module.
Sep  9 16:14:53 chcoutur kernel: [    0.291740] RPC: Registered tcp NFSv4.1 backchannel transport module.
Sep  9 16:14:53 chcoutur kernel: [    0.292094] pci_bus 0000:00: resource 4 [io  0x0000-0x0cf7 window]
Sep  9 16:14:53 chcoutur kernel: [    0.292229] pci_bus 0000:00: resource 5 [io  0x0d00-0xffff window]
Sep  9 16:14:53 chcoutur kernel: [    0.292359] pci_bus 0000:00: resource 6 [mem 0x000a0000-0x000bffff window]
Sep  9 16:14:53 chcoutur kernel: [    0.292498] pci_bus 0000:00: resource 7 [mem 0xe0000000-0xfdffffff window]
Sep  9 16:14:53 chcoutur kernel: [    0.292655] pci 0000:00:00.0: Limiting direct PCI/PCI transfers
Sep  9 16:14:53 chcoutur kernel: [    0.293072] PCI: CLS 0 bytes, default 64
Sep  9 16:14:53 chcoutur kernel: [    0.293072] PCI-DMA: Using software bounce buffering for IO (SWIOTLB)
Sep  9 16:14:53 chcoutur kernel: [    0.293538] software IO TLB: mapped [mem 0x00000000dbff0000-0x00000000dfff0000] (64MB)
Sep  9 16:14:53 chcoutur kernel: [    0.293746] clocksource: tsc: mask: 0xffffffffffffffff max_cycles: 0x6aaaa371c79, max_idle_ns: 881590671907 ns
Sep  9 16:14:53 chcoutur kernel: [    0.294095] clocksource: Switched to clocksource tsc
Sep  9 16:14:53 chcoutur kernel: [    0.294238] platform rtc_cmos: registered platform RTC device (no PNP device found)
Sep  9 16:14:53 chcoutur kernel: [    0.295857] Initialise system trusted keyrings
Sep  9 16:14:53 chcoutur kernel: [    0.296033] workingset: timestamp_bits=56 max_order=22 bucket_order=0
Sep  9 16:14:53 chcoutur kernel: [    0.296980] NFS: Registering the id_resolver key type
Sep  9 16:14:53 chcoutur kernel: [    0.297101] Key type id_resolver registered
Sep  9 16:14:53 chcoutur kernel: [    0.297205] Key type id_legacy registered
Sep  9 16:14:53 chcoutur kernel: [    0.297394] 9p: Installing v9fs 9p2000 file system support
Sep  9 16:14:53 chcoutur kernel: [    0.299338] Key type asymmetric registered
Sep  9 16:14:53 chcoutur kernel: [    0.299338] Asymmetric key parser 'x509' registered
Sep  9 16:14:53 chcoutur kernel: [    0.299338] Block layer SCSI generic (bsg) driver version 0.4 loaded (major 251)
Sep  9 16:14:53 chcoutur kernel: [    0.299338] io scheduler mq-deadline registered
Sep  9 16:14:53 chcoutur kernel: [    0.299338] io scheduler kyber registered
Sep  9 16:14:53 chcoutur kernel: [    0.300877] ACPI: AC: AC Adapter [AC] (on-line)
Sep  9 16:14:53 chcoutur kernel: [    0.301011] input: Power Button as /devices/LNXSYSTM:00/LNXPWRBN:00/input/input0
Sep  9 16:14:53 chcoutur kernel: [    0.301190] ACPI: button: Power Button [PWRF]
Sep  9 16:14:53 chcoutur kernel: [    0.301359] input: Sleep Button as /devices/LNXSYSTM:00/LNXSLPBN:00/input/input1
Sep  9 16:14:53 chcoutur kernel: [    0.301532] ACPI: button: Sleep Button [SLPF]
Sep  9 16:14:53 chcoutur kernel: [    0.301669] ACPI: video: Video Device [GFX0] (multi-head: yes  rom: no  post: no)
Sep  9 16:14:53 chcoutur kernel: [    0.301859] input: Video Bus as /devices/LNXSYSTM:00/LNXSYBUS:00/PNP0A03:00/LNXVIDEO:00/input/input2
Sep  9 16:14:53 chcoutur kernel: [    0.302265] Serial: 8250/16550 driver, 4 ports, IRQ sharing enabled
Sep  9 16:14:53 chcoutur kernel: [    0.302838] Non-volatile memory driver v1.3
Sep  9 16:14:53 chcoutur kernel: [    0.302941] Linux agpgart interface v0.103
Sep  9 16:14:53 chcoutur kernel: [    0.303071] ACPI: bus type drm_connector registered
Sep  9 16:14:53 chcoutur kernel: [    0.304885] loop: module loaded
Sep  9 16:14:53 chcoutur kernel: [    0.305011] ahci 0000:00:0d.0: version 3.0
Sep  9 16:14:53 chcoutur kernel: [    0.305226] ahci 0000:00:0d.0: SSS flag set, parallel bus scan disabled
Sep  9 16:14:53 chcoutur kernel: [    0.305431] ahci 0000:00:0d.0: AHCI 0001.0100 32 slots 2 ports 3 Gbps 0x3 impl SATA mode
Sep  9 16:14:53 chcoutur kernel: [    0.305612] ahci 0000:00:0d.0: flags: 64bit ncq stag only ccc 
Sep  9 16:14:53 chcoutur kernel: [    0.306051] scsi host0: ahci
Sep  9 16:14:53 chcoutur kernel: [    0.306401] scsi host1: ahci
Sep  9 16:14:53 chcoutur kernel: [    0.306540] ata1: SATA max UDMA/133 abar m8192@0xf0806000 port 0xf0806100 irq 21
Sep  9 16:14:53 chcoutur kernel: [    0.307069] ata2: SATA max UDMA/133 abar m8192@0xf0806000 port 0xf0806180 irq 21
Sep  9 16:14:53 chcoutur kernel: [    0.307277] ata_piix 0000:00:01.1: version 2.13
Sep  9 16:14:53 chcoutur kernel: [    0.307655] scsi host2: ata_piix
Sep  9 16:14:53 chcoutur kernel: [    0.307912] scsi host3: ata_piix
Sep  9 16:14:53 chcoutur kernel: [    0.308016] ata3: PATA max UDMA/33 cmd 0x1f0 ctl 0x3f6 bmdma 0xd000 irq 14
Sep  9 16:14:53 chcoutur kernel: [    0.308158] ata4: PATA max UDMA/33 cmd 0x170 ctl 0x376 bmdma 0xd008 irq 15
Sep  9 16:14:53 chcoutur kernel: [    0.308400] e100: Intel(R) PRO/100 Network Driver
Sep  9 16:14:53 chcoutur kernel: [    0.308579] e100: Copyright(c) 1999-2006 Intel Corporation
Sep  9 16:14:53 chcoutur kernel: [    0.308757] e1000: Intel(R) PRO/1000 Network Driver
Sep  9 16:14:53 chcoutur kernel: [    0.308872] e1000: Copyright (c) 1999-2006 Intel Corporation.
Sep  9 16:14:53 chcoutur kernel: [    0.480506] ata4.00: ATAPI: VBOX CD-ROM, 1.0, max UDMA/133
Sep  9 16:14:53 chcoutur kernel: [    0.481776] ata3.00: ATAPI: VBOX CD-ROM, 1.0, max UDMA/133
Sep  9 16:14:53 chcoutur kernel: [    0.664187] ata1: SATA link up 3.0 Gbps (SStatus 123 SControl 300)
Sep  9 16:14:53 chcoutur kernel: [    0.664474] ata1.00: ATA-6: VBOX HARDDISK, 1.0, max UDMA/133
Sep  9 16:14:53 chcoutur kernel: [    0.664757] ata1.00: 62914560 sectors, multi 128: LBA48 NCQ (depth 32)
Sep  9 16:14:53 chcoutur kernel: [    0.665060] ata1.00: configured for UDMA/133
Sep  9 16:14:53 chcoutur kernel: [    0.665416] scsi 0:0:0:0: Direct-Access     ATA      VBOX HARDDISK    1.0  PQ: 0 ANSI: 5
Sep  9 16:14:53 chcoutur kernel: [    0.666379] scsi 0:0:0:0: Attached scsi generic sg0 type 0
Sep  9 16:14:53 chcoutur kernel: [    0.666851] sd 0:0:0:0: [sda] 62914560 512-byte logical blocks: (32.2 GB/30.0 GiB)
Sep  9 16:14:53 chcoutur kernel: [    0.667576] sd 0:0:0:0: [sda] Write Protect is off
Sep  9 16:14:53 chcoutur kernel: [    0.667699] sd 0:0:0:0: [sda] Mode Sense: 00 3a 00 00
Sep  9 16:14:53 chcoutur kernel: [    0.667748] sd 0:0:0:0: [sda] Write cache: enabled, read cache: enabled, doesn't support DPO or FUA
Sep  9 16:14:53 chcoutur kernel: [    0.668031] sd 0:0:0:0: [sda] Preferred minimum I/O size 512 bytes
Sep  9 16:14:53 chcoutur kernel: [    0.669881]  sda: sda1 sda2 sda3
Sep  9 16:14:53 chcoutur kernel: [    0.670157] sd 0:0:0:0: [sda] Attached SCSI disk
Sep  9 16:14:53 chcoutur kernel: [    0.736994] e1000 0000:00:03.0 eth0: (PCI:33MHz:32-bit) 08:00:27:53:6b:3a
Sep  9 16:14:53 chcoutur kernel: [    0.736994] e1000 0000:00:03.0 eth0: Intel(R) PRO/1000 Network Connection
Sep  9 16:14:53 chcoutur kernel: [    0.736994] e1000e: Intel(R) PRO/1000 Network Driver
Sep  9 16:14:53 chcoutur kernel: [    0.736994] e1000e: Copyright(c) 1999 - 2015 Intel Corporation.
Sep  9 16:14:53 chcoutur kernel: [    0.736994] sky2: driver version 1.30
Sep  9 16:14:53 chcoutur kernel: [    0.739646] ehci_hcd: USB 2.0 'Enhanced' Host Controller (EHCI) Driver
Sep  9 16:14:53 chcoutur kernel: [    0.739802] ehci-pci: EHCI PCI platform driver
Sep  9 16:14:53 chcoutur kernel: [    0.739918] ohci_hcd: USB 1.1 'Open' Host Controller (OHCI) Driver
Sep  9 16:14:53 chcoutur kernel: [    0.740050] ohci-pci: OHCI PCI platform driver
Sep  9 16:14:53 chcoutur kernel: [    0.740371] ohci-pci 0000:00:06.0: OHCI PCI host controller
Sep  9 16:14:53 chcoutur kernel: [    0.740559] ohci-pci 0000:00:06.0: new USB bus registered, assigned bus number 1
Sep  9 16:14:53 chcoutur kernel: [    0.740759] ohci-pci 0000:00:06.0: irq 22, io mem 0xf0804000
Sep  9 16:14:53 chcoutur kernel: [    0.844797] usb usb1: New USB device found, idVendor=1d6b, idProduct=0001, bcdDevice= 6.00
Sep  9 16:14:53 chcoutur kernel: [    0.845036] usb usb1: New USB device strings: Mfr=3, Product=2, SerialNumber=1
Sep  9 16:14:53 chcoutur kernel: [    0.845252] usb usb1: Product: OHCI PCI host controller
Sep  9 16:14:53 chcoutur kernel: [    0.845375] usb usb1: Manufacturer: Linux 6.0.0-rc4-thor_kernel ohci_hcd
Sep  9 16:14:53 chcoutur kernel: [    0.845514] usb usb1: SerialNumber: 0000:00:06.0
Sep  9 16:14:53 chcoutur kernel: [    0.845738] hub 1-0:1.0: USB hub found
Sep  9 16:14:53 chcoutur kernel: [    0.845844] hub 1-0:1.0: 12 ports detected
Sep  9 16:14:53 chcoutur kernel: [    0.846122] uhci_hcd: USB Universal Host Controller Interface driver
Sep  9 16:14:53 chcoutur kernel: [    0.846271] usbcore: registered new interface driver usblp
Sep  9 16:14:53 chcoutur kernel: [    0.846397] usbcore: registered new interface driver usb-storage
Sep  9 16:14:53 chcoutur kernel: [    0.846544] i8042: PNP: PS/2 Controller [PNP0303:PS2K,PNP0f03:PS2M] at 0x60,0x64 irq 1,12
Sep  9 16:14:53 chcoutur kernel: [    0.847110] serio: i8042 KBD port at 0x60,0x64 irq 1
Sep  9 16:14:53 chcoutur kernel: [    0.847231] serio: i8042 AUX port at 0x60,0x64 irq 12
Sep  9 16:14:53 chcoutur kernel: [    0.847701] input: AT Translated Set 2 keyboard as /devices/platform/i8042/serio0/input/input3
Sep  9 16:14:53 chcoutur kernel: [    0.848566] rtc_cmos rtc_cmos: registered as rtc0
Sep  9 16:14:53 chcoutur kernel: [    0.848704] rtc_cmos rtc_cmos: alarms up to one day, 114 bytes nvram
Sep  9 16:14:53 chcoutur kernel: [    0.848881] fail to initialize ptp_kvm
Sep  9 16:14:53 chcoutur kernel: [    0.849019] device-mapper: ioctl: 4.47.0-ioctl (2022-07-28) initialised: dm-devel@redhat.com
Sep  9 16:14:53 chcoutur kernel: [    0.849378] hid: raw HID events driver (C) Jiri Kosina
Sep  9 16:14:53 chcoutur kernel: [    0.849635] usbcore: registered new interface driver usbhid
Sep  9 16:14:53 chcoutur kernel: [    0.849854] usbhid: USB HID core driver
Sep  9 16:14:53 chcoutur kernel: [    0.851382] Initializing XFRM netlink socket
Sep  9 16:14:53 chcoutur kernel: [    0.851523] NET: Registered PF_INET6 protocol family
Sep  9 16:14:53 chcoutur kernel: [    0.851921] Segment Routing with IPv6
Sep  9 16:14:53 chcoutur kernel: [    0.852022] In-situ OAM (IOAM) with IPv6
Sep  9 16:14:53 chcoutur kernel: [    0.852138] sit: IPv6, IPv4 and MPLS over IPv4 tunneling driver
Sep  9 16:14:53 chcoutur kernel: [    0.852315] NET: Registered PF_PACKET protocol family
Sep  9 16:14:53 chcoutur kernel: [    0.852464] 9pnet: Installing 9P2000 support
Sep  9 16:14:53 chcoutur kernel: [    0.852579] Key type dns_resolver registered
Sep  9 16:14:53 chcoutur kernel: [    0.853031] IPI shorthand broadcast: enabled
Sep  9 16:14:53 chcoutur kernel: [    0.853153] sched_clock: Marking stable (834014876, 18989126)->(931136235, -78132233)
Sep  9 16:14:53 chcoutur kernel: [    0.853459] registered taskstats version 1
Sep  9 16:14:53 chcoutur kernel: [    0.853568] Loading compiled-in X.509 certificates
Sep  9 16:14:53 chcoutur kernel: [    0.853785] cryptomgr_test (82) used greatest stack depth: 15744 bytes left
Sep  9 16:14:53 chcoutur kernel: [    0.854080] cryptomgr_test (84) used greatest stack depth: 15528 bytes left
Sep  9 16:14:53 chcoutur kernel: [    0.856304] PM:   Magic number: 6:347:232
Sep  9 16:14:53 chcoutur kernel: [    0.856441] printk: console [netcon0] enabled
Sep  9 16:14:53 chcoutur kernel: [    0.856552] netconsole: network logging started
Sep  9 16:14:53 chcoutur kernel: [    0.856753] cfg80211: Loading compiled-in X.509 certificates for regulatory database
Sep  9 16:14:53 chcoutur kernel: [    0.857026] kworker/u12:4 (104) used greatest stack depth: 14784 bytes left
Sep  9 16:14:53 chcoutur kernel: [    0.857467] cfg80211: Loaded X.509 cert 'sforshee: 00b28ddf47aef9cea7'
Sep  9 16:14:53 chcoutur kernel: [    0.857609] ALSA device list:
Sep  9 16:14:53 chcoutur kernel: [    0.857696]   No soundcards found.
Sep  9 16:14:53 chcoutur kernel: [    0.857810] platform regulatory.0: Direct firmware load for regulatory.db failed with error -2
Sep  9 16:14:53 chcoutur kernel: [    0.857996] cfg80211: failed to load regulatory.db
Sep  9 16:14:53 chcoutur kernel: [    0.978923] ata2: SATA link down (SStatus 0 SControl 300)
Sep  9 16:14:53 chcoutur kernel: [    0.979386] scsi 2:0:0:0: CD-ROM            VBOX     CD-ROM           1.0  PQ: 0 ANSI: 5
Sep  9 16:14:53 chcoutur kernel: [    0.996704] sr 2:0:0:0: [sr0] scsi3-mmc drive: 32x/32x xa/form2 tray
Sep  9 16:14:53 chcoutur kernel: [    0.996896] cdrom: Uniform CD-ROM driver Revision: 3.20
Sep  9 16:14:53 chcoutur kernel: [    1.027771] sr 2:0:0:0: Attached scsi CD-ROM sr0
Sep  9 16:14:53 chcoutur kernel: [    1.027893] sr 2:0:0:0: Attached scsi generic sg1 type 5
Sep  9 16:14:53 chcoutur kernel: [    1.028386] scsi 3:0:0:0: CD-ROM            VBOX     CD-ROM           1.0  PQ: 0 ANSI: 5
Sep  9 16:14:53 chcoutur kernel: [    1.073382] sr 3:0:0:0: [sr1] scsi3-mmc drive: 32x/32x xa/form2 tray
Sep  9 16:14:53 chcoutur kernel: [    1.084057] input: ImExPS/2 Generic Explorer Mouse as /devices/platform/i8042/serio1/input/input5
Sep  9 16:14:53 chcoutur kernel: [    1.096873] sr 3:0:0:0: Attached scsi CD-ROM sr1
Sep  9 16:14:53 chcoutur kernel: [    1.096986] sr 3:0:0:0: Attached scsi generic sg2 type 5
Sep  9 16:14:53 chcoutur kernel: [    1.097330] md: Waiting for all devices to be available before autodetect
Sep  9 16:14:53 chcoutur kernel: [    1.097510] md: If you don't use raid, use raid=noautodetect
Sep  9 16:14:53 chcoutur kernel: [    1.097669] md: Autodetecting RAID arrays.
Sep  9 16:14:53 chcoutur kernel: [    1.097797] md: autorun ...
Sep  9 16:14:53 chcoutur kernel: [    1.097905] md: ... autorun DONE.
Sep  9 16:14:53 chcoutur kernel: [    1.100828] EXT4-fs (sda3): INFO: recovery required on readonly filesystem
Sep  9 16:14:53 chcoutur kernel: [    1.100973] EXT4-fs (sda3): write access will be enabled during recovery
Sep  9 16:14:53 chcoutur kernel: [    1.104994] EXT4-fs (sda3): recovery complete
Sep  9 16:14:53 chcoutur kernel: [    1.106389] EXT4-fs (sda3): mounted filesystem with ordered data mode. Quota mode: none.
Sep  9 16:14:53 chcoutur kernel: [    1.106594] VFS: Mounted root (ext4 filesystem) readonly on device 8:3.
Sep  9 16:14:53 chcoutur kernel: [    1.107323] devtmpfs: mounted
Sep  9 16:14:53 chcoutur kernel: [    1.108020] Freeing unused kernel image (initmem) memory: 1520K
Sep  9 16:14:53 chcoutur kernel: [    1.232881] usb 1-1: new full-speed USB device number 2 using ohci-pci
Sep  9 16:14:53 chcoutur kernel: [    1.233010] Write protecting the kernel read-only data: 24576k
Sep  9 16:14:53 chcoutur kernel: [    1.233764] Freeing unused kernel image (text/rodata gap) memory: 2032K
Sep  9 16:14:53 chcoutur kernel: [    1.234090] Freeing unused kernel image (rodata/data gap) memory: 984K
Sep  9 16:14:53 chcoutur kernel: [    1.234234] Run /sbin/init as init process
Sep  9 16:14:53 chcoutur kernel: [    1.234335]   with arguments:
Sep  9 16:14:53 chcoutur kernel: [    1.234336]     /sbin/init
Sep  9 16:14:53 chcoutur kernel: [    1.234336]   with environment:
Sep  9 16:14:53 chcoutur kernel: [    1.234336]     HOME=/
Sep  9 16:14:53 chcoutur kernel: [    1.234337]     TERM=linux
Sep  9 16:14:53 chcoutur kernel: [    1.234337]     BOOT_IMAGE=/vmlinuz-6.0-rc4-thor_kernel
Sep  9 16:14:53 chcoutur kernel: [    1.268516] stty (118) used greatest stack depth: 13608 bytes left
Sep  9 16:14:53 chcoutur kernel: [    1.273454] dmesg (119) used greatest stack depth: 13208 bytes left
Sep  9 16:14:53 chcoutur kernel: [    1.327547] ip (170) used greatest stack depth: 13040 bytes left
Sep  9 16:14:53 chcoutur kernel: <30>[    1.354688] udevd[195]: starting version 3.2.11
Sep  9 16:14:53 chcoutur kernel: <30>[    1.365858] udevd[196]: starting eudev-3.2.11
Sep  9 16:14:53 chcoutur kernel: [    1.390434] e1000 0000:00:03.0 enp0s3: renamed from eth0
Sep  9 16:14:53 chcoutur kernel: [    1.468240] usb 1-1: New USB device found, idVendor=80ee, idProduct=0021, bcdDevice= 1.00
Sep  9 16:14:53 chcoutur kernel: [    1.468581] usb 1-1: New USB device strings: Mfr=1, Product=3, SerialNumber=0
Sep  9 16:14:53 chcoutur kernel: [    1.468862] usb 1-1: Product: USB Tablet
Sep  9 16:14:53 chcoutur kernel: [    1.469058] usb 1-1: Manufacturer: VirtualBox
Sep  9 16:14:53 chcoutur kernel: [    1.482785] input: VirtualBox USB Tablet as /devices/pci0000:00/0000:00:06.0/usb1/1-1/1-1:1.0/0003:80EE:0021.0001/input/input6
Sep  9 16:14:53 chcoutur kernel: [    1.483223] hid-generic 0003:80EE:0021.0001: input,hidraw0: USB HID v1.10 Mouse [VirtualBox USB Tablet] on usb-0000:00:06.0-1/input0
Sep  9 16:14:53 chcoutur kernel: [    2.074379] Adding 4194300k swap on /dev/sda2.  Priority:1 extents:1 across:4194300k 
Sep  9 16:14:53 chcoutur kernel: [    2.081606] EXT4-fs (sda3): re-mounted. Quota mode: none.
Sep  9 16:14:53 chcoutur kernel: [    2.105312] EXT4-fs (sda3): re-mounted. Quota mode: none.
Sep  9 16:14:53 chcoutur kernel: [    2.113402] EXT4-fs (sda1): mounting ext2 file system using the ext4 subsystem
Sep  9 16:14:53 chcoutur kernel: [    2.114184] EXT4-fs (sda1): warning: mounting unchecked fs, running e2fsck is recommended
Sep  9 16:14:53 chcoutur kernel: [    2.116010] EXT4-fs (sda1): mounted filesystem without journal. Quota mode: none.
Sep  9 16:14:53 chcoutur kernel: [    2.116261] ext2 filesystem being mounted at /boot supports timestamps until 2038 (0x7fffffff)
Sep  9 16:14:53 chcoutur kernel: [    2.778754] e1000: enp0s3 NIC Link is Up 1000 Mbps Full Duplex, Flow Control: RX
Sep  9 16:14:53 chcoutur kernel: [    2.779193] IPv6: ADDRCONF(NETDEV_CHANGE): enp0s3: link becomes ready
